Archive member included to satisfy reference by file (symbol)

d:/rtthreadenv/env-windows-v2.0.0/env-windows/tools/gnu_gcc/arm_gcc/mingw/bin/../lib/gcc/arm-none-eabi/10.3.1/../../../../arm-none-eabi/lib/thumb/v8-m.main+fp/hard\libc_nano.a(lib_a-assert.o)
                              C:\Users\22067\Desktop\rt-thread\bsp\nxp\mcx\mcxa\Libraries\drivers\drv_pin.o (__assert_func)
d:/rtthreadenv/env-windows-v2.0.0/env-windows/tools/gnu_gcc/arm_gcc/mingw/bin/../lib/gcc/arm-none-eabi/10.3.1/../../../../arm-none-eabi/lib/thumb/v8-m.main+fp/hard\libc_nano.a(lib_a-atoi.o)
                              build\kernel\components\drivers\misc\adc.o (atoi)
d:/rtthreadenv/env-windows-v2.0.0/env-windows/tools/gnu_gcc/arm_gcc/mingw/bin/../lib/gcc/arm-none-eabi/10.3.1/../../../../arm-none-eabi/lib/thumb/v8-m.main+fp/hard\libc_nano.a(lib_a-ctype_.o)
                              build\kernel\components\libc\compilers\common\cstring.o (_ctype_)
d:/rtthreadenv/env-windows-v2.0.0/env-windows/tools/gnu_gcc/arm_gcc/mingw/bin/../lib/gcc/arm-none-eabi/10.3.1/../../../../arm-none-eabi/lib/thumb/v8-m.main+fp/hard\libc_nano.a(lib_a-exit.o)
                              d:/rtthreadenv/env-windows-v2.0.0/env-windows/tools/gnu_gcc/arm_gcc/mingw/bin/../lib/gcc/arm-none-eabi/10.3.1/../../../../arm-none-eabi/lib/thumb/v8-m.main+fp/hard/crt0.o (exit)
d:/rtthreadenv/env-windows-v2.0.0/env-windows/tools/gnu_gcc/arm_gcc/mingw/bin/../lib/gcc/arm-none-eabi/10.3.1/../../../../arm-none-eabi/lib/thumb/v8-m.main+fp/hard\libc_nano.a(lib_a-fprintf.o)
                              d:/rtthreadenv/env-windows-v2.0.0/env-windows/tools/gnu_gcc/arm_gcc/mingw/bin/../lib/gcc/arm-none-eabi/10.3.1/../../../../arm-none-eabi/lib/thumb/v8-m.main+fp/hard\libc_nano.a(lib_a-assert.o) (fiprintf)
d:/rtthreadenv/env-windows-v2.0.0/env-windows/tools/gnu_gcc/arm_gcc/mingw/bin/../lib/gcc/arm-none-eabi/10.3.1/../../../../arm-none-eabi/lib/thumb/v8-m.main+fp/hard\libc_nano.a(lib_a-impure.o)
                              d:/rtthreadenv/env-windows-v2.0.0/env-windows/tools/gnu_gcc/arm_gcc/mingw/bin/../lib/gcc/arm-none-eabi/10.3.1/../../../../arm-none-eabi/lib/thumb/v8-m.main+fp/hard\libc_nano.a(lib_a-exit.o) (_global_impure_ptr)
d:/rtthreadenv/env-windows-v2.0.0/env-windows/tools/gnu_gcc/arm_gcc/mingw/bin/../lib/gcc/arm-none-eabi/10.3.1/../../../../arm-none-eabi/lib/thumb/v8-m.main+fp/hard\libc_nano.a(lib_a-malloc.o)
                              build\kernel\components\libc\compilers\common\cstring.o (malloc)
d:/rtthreadenv/env-windows-v2.0.0/env-windows/tools/gnu_gcc/arm_gcc/mingw/bin/../lib/gcc/arm-none-eabi/10.3.1/../../../../arm-none-eabi/lib/thumb/v8-m.main+fp/hard\libc_nano.a(lib_a-memcmp.o)
                              build\kernel\components\finsh\shell.o (memcmp)
d:/rtthreadenv/env-windows-v2.0.0/env-windows/tools/gnu_gcc/arm_gcc/mingw/bin/../lib/gcc/arm-none-eabi/10.3.1/../../../../arm-none-eabi/lib/thumb/v8-m.main+fp/hard\libc_nano.a(lib_a-memcpy-stub.o)
                              build\packages\nxp-mcx-series-latest\MCXA156\drivers\fsl_edma.o (memcpy)
d:/rtthreadenv/env-windows-v2.0.0/env-windows/tools/gnu_gcc/arm_gcc/mingw/bin/../lib/gcc/arm-none-eabi/10.3.1/../../../../arm-none-eabi/lib/thumb/v8-m.main+fp/hard\libc_nano.a(lib_a-memset.o)
                              d:/rtthreadenv/env-windows-v2.0.0/env-windows/tools/gnu_gcc/arm_gcc/mingw/bin/../lib/gcc/arm-none-eabi/10.3.1/../../../../arm-none-eabi/lib/thumb/v8-m.main+fp/hard/crt0.o (memset)
d:/rtthreadenv/env-windows-v2.0.0/env-windows/tools/gnu_gcc/arm_gcc/mingw/bin/../lib/gcc/arm-none-eabi/10.3.1/../../../../arm-none-eabi/lib/thumb/v8-m.main+fp/hard\libc_nano.a(lib_a-nano-vfprintf.o)
                              d:/rtthreadenv/env-windows-v2.0.0/env-windows/tools/gnu_gcc/arm_gcc/mingw/bin/../lib/gcc/arm-none-eabi/10.3.1/../../../../arm-none-eabi/lib/thumb/v8-m.main+fp/hard\libc_nano.a(lib_a-fprintf.o) (_vfprintf_r)
d:/rtthreadenv/env-windows-v2.0.0/env-windows/tools/gnu_gcc/arm_gcc/mingw/bin/../lib/gcc/arm-none-eabi/10.3.1/../../../../arm-none-eabi/lib/thumb/v8-m.main+fp/hard\libc_nano.a(lib_a-nano-vfprintf_i.o)
                              d:/rtthreadenv/env-windows-v2.0.0/env-windows/tools/gnu_gcc/arm_gcc/mingw/bin/../lib/gcc/arm-none-eabi/10.3.1/../../../../arm-none-eabi/lib/thumb/v8-m.main+fp/hard\libc_nano.a(lib_a-nano-vfprintf.o) (_printf_i)
d:/rtthreadenv/env-windows-v2.0.0/env-windows/tools/gnu_gcc/arm_gcc/mingw/bin/../lib/gcc/arm-none-eabi/10.3.1/../../../../arm-none-eabi/lib/thumb/v8-m.main+fp/hard\libc_nano.a(lib_a-strchr.o)
                              build\kernel\components\libc\compilers\common\cstring.o (strchr)
d:/rtthreadenv/env-windows-v2.0.0/env-windows/tools/gnu_gcc/arm_gcc/mingw/bin/../lib/gcc/arm-none-eabi/10.3.1/../../../../arm-none-eabi/lib/thumb/v8-m.main+fp/hard\libc_nano.a(lib_a-strcmp.o)
                              build\kernel\components\drivers\misc\adc.o (strcmp)
[...]
Memory Configuration

Name             Origin             Length             Attributes
m_interrupts     0x00000000         0x00000200         xr
m_text           0x00000200         0x000ffe00         xr
m_data           0x20000000         0x0001e000         rw
m_sramx0         0x04000000         0x00002000         rw
*default*        0x00000000         0xffffffff

Linker script and memory map

LOAD d:/rtthreadenv/env-windows-v2.0.0/env-windows/tools/gnu_gcc/arm_gcc/mingw/bin/../lib/gcc/arm-none-eabi/10.3.1/thumb/v8-m.main+fp/hard/crti.o
LOAD d:/rtthreadenv/env-windows-v2.0.0/env-windows/tools/gnu_gcc/arm_gcc/mingw/bin/../lib/gcc/arm-none-eabi/10.3.1/thumb/v8-m.main+fp/hard/crtbegin.o
LOAD d:/rtthreadenv/env-windows-v2.0.0/env-windows/tools/gnu_gcc/arm_gcc/mingw/bin/../lib/gcc/arm-none-eabi/10.3.1/../../../../arm-none-eabi/lib/thumb/v8-m.main+fp/hard/crt0.o
                0x00008000                __heap_size__ = 0x8000
LOAD C:\Users\22067\Desktop\rt-thread\bsp\nxp\mcx\mcxa\Libraries\drivers\drv_adc.o
LOAD C:\Users\22067\Desktop\rt-thread\bsp\nxp\mcx\mcxa\Libraries\drivers\drv_pin.o
LOAD C:\Users\22067\Desktop\rt-thread\bsp\nxp\mcx\mcxa\Libraries\drivers\drv_uart.o
LOAD build\kernel\components\drivers\usb\cherryusb\class\hid\usbd_hid.o
LOAD build\kernel\components\drivers\usb\cherryusb\core\usbd_core.o
LOAD build\kernel\components\drivers\usb\cherryusb\osal\usb_osal_rtthread.o
LOAD build\kernel\components\drivers\usb\cherryusb\platform\rtthread\usb_check.o
LOAD build\kernel\components\drivers\usb\cherryusb\platform\rtthread\usb_msh.o
LOAD build\kernel\components\drivers\usb\cherryusb\port\kinetis\usb_dc_kinetis.o
LOAD build\kernel\components\drivers\usb\cherryusb\port\kinetis\usb_glue_mcx.o
LOAD build\kernel\components\libc\compilers\common\cctype.o
LOAD build\kernel\components\libc\compilers\common\cstdlib.o
LOAD build\kernel\components\libc\compilers\common\cstring.o
LOAD build\kernel\components\libc\compilers\common\ctime.o
LOAD build\kernel\components\libc\compilers\common\cunistd.o
LOAD build\kernel\components\libc\compilers\common\cwchar.o
LOAD build\kernel\components\libc\compilers\newlib\syscalls.o
LOAD build\kernel\components\utilities\ulog\backend\console_be.o
LOAD build\kernel\components\utilities\ulog\ulog.o
LOAD build\kernel\libcpu\arm\common\atomic_arm.o
LOAD build\kernel\libcpu\arm\common\div0.o
LOAD build\kernel\libcpu\arm\common\showmem.o
LOAD build\kernel\libcpu\arm\cortex-m33\context_gcc.o
LOAD build\kernel\libcpu\arm\cortex-m33\cpuport.o
LOAD build\kernel\libcpu\arm\cortex-m33\syscall_gcc.o
LOAD build\kernel\libcpu\arm\cortex-m33\trustzone.o
LOAD build\kernel\src\klibc\kerrno.o
LOAD build\kernel\src\klibc\kstdio.o
LOAD build\kernel\src\klibc\kstring.o
LOAD build\kernel\src\klibc\rt_vsnprintf_std.o
LOAD build\kernel\src\klibc\rt_vsscanf.o
LOAD build\applications\gamepad_app.o
LOAD build\applications\joystick_app.o
LOAD build\applications\key_app.o
LOAD build\applications\main.o
LOAD build\applications\usb_app.o
LOAD build\board\MCUX_Config\board\clock_config.o
LOAD build\board\MCUX_Config\board\pin_mux.o
LOAD build\board\board.o
LOAD build\board\ports\cherryusb\cherryusb.o
LOAD build\board\ports\drv_spi_sample_rw007.o
LOAD build\packages\nxp-mcx-series-latest\MCXA156\drivers\fsl_aoi.o
LOAD build\packages\nxp-mcx-series-latest\MCXA156\drivers\fsl_clock.o
LOAD build\packages\nxp-mcx-series-latest\MCXA156\drivers\fsl_cmc.o
LOAD build\packages\nxp-mcx-series-latest\MCXA156\drivers\fsl_common.o
LOAD build\packages\nxp-mcx-series-latest\MCXA156\drivers\fsl_common_arm.o
LOAD build\packages\nxp-mcx-series-latest\MCXA156\drivers\fsl_crc.o
LOAD build\packages\nxp-mcx-series-latest\MCXA156\drivers\fsl_ctimer.o
LOAD build\packages\nxp-mcx-series-latest\MCXA156\drivers\fsl_edma.o
LOAD build\packages\nxp-mcx-series-latest\MCXA156\drivers\fsl_edma_soc.o
LOAD build\packages\nxp-mcx-series-latest\MCXA156\drivers\fsl_eim.o
LOAD build\packages\nxp-mcx-series-latest\MCXA156\drivers\fsl_eqdc.o
LOAD build\packages\nxp-mcx-series-latest\MCXA156\drivers\fsl_erm.o
LOAD build\packages\nxp-mcx-series-latest\MCXA156\drivers\fsl_freqme.o
LOAD build\packages\nxp-mcx-series-latest\MCXA156\drivers\fsl_glikey.o
LOAD build\packages\nxp-mcx-series-latest\MCXA156\drivers\fsl_gpio.o
LOAD build\packages\nxp-mcx-series-latest\MCXA156\drivers\fsl_i3c.o
LOAD build\packages\nxp-mcx-series-latest\MCXA156\drivers\fsl_i3c_edma.o
LOAD build\packages\nxp-mcx-series-latest\MCXA156\drivers\fsl_inputmux.o
LOAD build\packages\nxp-mcx-series-latest\MCXA156\drivers\fsl_lpadc.o
LOAD build\packages\nxp-mcx-series-latest\MCXA156\drivers\fsl_lpcmp.o
LOAD build\packages\nxp-mcx-series-latest\MCXA156\drivers\fsl_lpi2c.o
LOAD build\packages\nxp-mcx-series-latest\MCXA156\drivers\fsl_lpi2c_edma.o
LOAD build\packages\nxp-mcx-series-latest\MCXA156\drivers\fsl_lpspi.o
LOAD build\packages\nxp-mcx-series-latest\MCXA156\drivers\fsl_lpspi_edma.o
LOAD build\packages\nxp-mcx-series-latest\MCXA156\drivers\fsl_lptmr.o
LOAD build\packages\nxp-mcx-series-latest\MCXA156\drivers\fsl_lpuart.o
LOAD build\packages\nxp-mcx-series-latest\MCXA156\drivers\fsl_lpuart_edma.o
LOAD build\packages\nxp-mcx-series-latest\MCXA156\drivers\fsl_ostimer.o
LOAD build\packages\nxp-mcx-series-latest\MCXA156\drivers\fsl_pwm.o
LOAD build\packages\nxp-mcx-series-latest\MCXA156\drivers\fsl_reset.o
LOAD build\packages\nxp-mcx-series-latest\MCXA156\drivers\fsl_spc.o
LOAD build\packages\nxp-mcx-series-latest\MCXA156\drivers\fsl_utick.o
LOAD build\packages\nxp-mcx-series-latest\MCXA156\drivers\fsl_vbat.o
LOAD build\packages\nxp-mcx-series-latest\MCXA156\drivers\fsl_waketimer.o
LOAD build\packages\nxp-mcx-series-latest\MCXA156\drivers\fsl_wuu.o
LOAD build\packages\nxp-mcx-series-latest\MCXA156\drivers\fsl_wwdt.o
LOAD build\packages\nxp-mcx-series-latest\MCXA156\gcc\startup_MCXA156.o
LOAD build\packages\nxp-mcx-series-latest\MCXA156\system_MCXA156.o
LOAD build\kernel\components\drivers\core\device.o
LOAD build\kernel\components\drivers\hwtimer\hwtimer.o
LOAD build\kernel\components\drivers\ipc\completion_comm.o
LOAD build\kernel\components\drivers\ipc\completion_up.o
LOAD build\kernel\components\drivers\ipc\condvar.o
LOAD build\kernel\components\drivers\ipc\dataqueue.o
LOAD build\kernel\components\drivers\ipc\pipe.o
LOAD build\kernel\components\drivers\ipc\ringblk_buf.o
LOAD build\kernel\components\drivers\ipc\ringbuffer.o
LOAD build\kernel\components\drivers\ipc\waitqueue.o
LOAD build\kernel\components\drivers\ipc\workqueue.o
LOAD build\kernel\components\drivers\misc\adc.o
LOAD build\kernel\components\drivers\pin\dev_pin.o
LOAD build\kernel\components\drivers\serial\dev_serial.o
LOAD build\kernel\components\finsh\cmd.o
LOAD build\kernel\components\finsh\msh.o
LOAD build\kernel\components\finsh\msh_parse.o
LOAD build\kernel\components\finsh\shell.o
LOAD build\kernel\src\clock.o
LOAD build\kernel\src\components.o
LOAD build\kernel\src\cpu_up.o
LOAD build\kernel\src\defunct.o
LOAD build\kernel\src\idle.o
LOAD build\kernel\src\ipc.o
LOAD build\kernel\src\irq.o
LOAD build\kernel\src\kservice.o
LOAD build\kernel\src\mem.o
LOAD build\kernel\src\mempool.o
LOAD build\kernel\src\object.o
LOAD build\kernel\src\scheduler_comm.o
LOAD build\kernel\src\scheduler_up.o
LOAD build\kernel\src\thread.o
LOAD build\kernel\src\timer.o
LOAD d:/rtthreadenv/env-windows-v2.0.0/env-windows/tools/gnu_gcc/arm_gcc/mingw/bin/../lib/gcc/arm-none-eabi/10.3.1/../../../../arm-none-eabi/lib/thumb/v8-m.main+fp/hard\libc_nano.a
LOAD d:/rtthreadenv/env-windows-v2.0.0/env-windows/tools/gnu_gcc/arm_gcc/mingw/bin/../lib/gcc/arm-none-eabi/10.3.1/../../../../arm-none-eabi/lib/thumb/v8-m.main+fp/hard\libm.a
START GROUP
LOAD d:/rtthreadenv/env-windows-v2.0.0/env-windows/tools/gnu_gcc/arm_gcc/mingw/bin/../lib/gcc/arm-none-eabi/10.3.1/thumb/v8-m.main+fp/hard\libgcc.a
LOAD d:/rtthreadenv/env-windows-v2.0.0/env-windows/tools/gnu_gcc/arm_gcc/mingw/bin/../lib/gcc/arm-none-eabi/10.3.1/../../../../arm-none-eabi/lib/thumb/v8-m.main+fp/hard\libc_nano.a
END GROUP
START GROUP
LOAD d:/rtthreadenv/env-windows-v2.0.0/env-windows/tools/gnu_gcc/arm_gcc/mingw/bin/../lib/gcc/arm-none-eabi/10.3.1/thumb/v8-m.main+fp/hard\libgcc.a
LOAD d:/rtthreadenv/env-windows-v2.0.0/env-windows/tools/gnu_gcc/arm_gcc/mingw/bin/../lib/gcc/arm-none-eabi/10.3.1/../../../../arm-none-eabi/lib/thumb/v8-m.main+fp/hard\libc_nano.a
LOAD d:/rtthreadenv/env-windows-v2.0.0/env-windows/tools/gnu_gcc/arm_gcc/mingw/bin/../lib/gcc/arm-none-eabi/10.3.1/../../../../arm-none-eabi/lib/thumb/v8-m.main+fp/hard\libnosys.a
END GROUP
START GROUP
LOAD d:/rtthreadenv/env-windows-v2.0.0/env-windows/tools/gnu_gcc/arm_gcc/mingw/bin/../lib/gcc/arm-none-eabi/10.3.1/thumb/v8-m.main+fp/hard\libgcc.a
LOAD d:/rtthreadenv/env-windows-v2.0.0/env-windows/tools/gnu_gcc/arm_gcc/mingw/bin/../lib/gcc/arm-none-eabi/10.3.1/../../../../arm-none-eabi/lib/thumb/v8-m.main+fp/hard\libc_nano.a
LOAD d:/rtthreadenv/env-windows-v2.0.0/env-windows/tools/gnu_gcc/arm_gcc/mingw/bin/../lib/gcc/arm-none-eabi/10.3.1/../../../../arm-none-eabi/lib/thumb/v8-m.main+fp/hard\libnosys.a
END GROUP
LOAD d:/rtthreadenv/env-windows-v2.0.0/env-windows/tools/gnu_gcc/arm_gcc/mingw/bin/../lib/gcc/arm-none-eabi/10.3.1/thumb/v8-m.main+fp/hard/crtend.o
LOAD d:/rtthreadenv/env-windows-v2.0.0/env-windows/tools/gnu_gcc/arm_gcc/mingw/bin/../lib/gcc/arm-none-eabi/10.3.1/thumb/v8-m.main+fp/hard/crtn.o
                0x00008000                HEAP_SIZE = DEFINED (__heap_size__)?__heap_size__:0x400
                0x00000800                STACK_SIZE = DEFINED (__stack_size__)?__stack_size__:0x800

.interrupts     0x00000000      0x1a4
                0x00000000                . = ALIGN (0x4)
 *(.isr_vector)
 .isr_vector    0x00000000      0x1a4 build\packages\nxp-mcx-series-latest\MCXA156\gcc\startup_MCXA156.o
                0x00000000                __Vectors
                0x000001a4                . = ALIGN (0x4)

.text           0x00000200    0x1b1dc
                0x00000200                . = ALIGN (0x4)
 *(.text)
 .text          0x00000200       0x40 d:/rtthreadenv/env-windows-v2.0.0/env-windows/tools/gnu_gcc/arm_gcc/mingw/bin/../lib/gcc/arm-none-eabi/10.3.1/thumb/v8-m.main+fp/hard/crtbegin.o
 .text          0x00000240      0x1b4 build\kernel\libcpu\arm\cortex-m33\context_gcc.o
                0x00000240                rt_hw_interrupt_disable
                0x00000248                rt_hw_interrupt_enable
                0x0000024e                rt_hw_context_switch_interrupt
                0x0000024e                rt_hw_context_switch
                0x0000026e                PendSV_Handler
                0x00000330                rt_hw_context_switch_to
                0x0000037e                rt_hw_interrupt_thread_switch
                0x00000382                HardFault_Handler
 .text          0x000003f4       0x38 build\kernel\libcpu\arm\cortex-m33\syscall_gcc.o
                0x000003f4                tzcall
                0x00000410                SVC_Handler
 .text          0x0000042c      0x388 build\packages\nxp-mcx-series-latest\MCXA156\gcc\startup_MCXA156.o
                0x0000042c                Reset_Handler
                0x000004c0                SCG0_DriverIRQHandler
                0x000004c0                CMC_DriverIRQHandler
                0x000004c0                FLEXPWM0_SUBMODULE0_DriverIRQHandler
                0x000004c0                GPIO4_DriverIRQHandler
                0x000004c0                WUU0_DriverIRQHandler
                0x000004c0                GPIO1_DriverIRQHandler
                0x000004c0                DebugMon_Handler
                0x000004c0                Reserved86_DriverIRQHandler
                0x000004c0                QDC1_HOME_DriverIRQHandler
                0x000004c0                Reserved37_DriverIRQHandler
                0x000004c0                Reserved46_DriverIRQHandler
                0x000004c0                BusFault_Handler
                0x000004c0                SPC0_DriverIRQHandler
                0x000004c0                CAN0_DriverIRQHandler
                0x000004c0                CDOG0_DriverIRQHandler
                0x000004c0                MBC0_DriverIRQHandler
                0x000004c0                CMP0_DriverIRQHandler
                0x000004c0                LPTMR0_DriverIRQHandler
                0x000004c0                ADC0_DriverIRQHandler
                0x000004c0                FLEXPWM1_SUBMODULE1_DriverIRQHandler
                0x000004c0                FLEXPWM0_SUBMODULE1_DriverIRQHandler
                0x000004c0                Reserved85_DriverIRQHandler
                0x000004c0                GPIO2_DriverIRQHandler
                0x000004c0                Reserved100_DriverIRQHandler
                0x000004c0                FLEXPWM0_RELOAD_ERROR_DriverIRQHandler
                0x000004c0                QDC0_HOME_DriverIRQHandler
                0x000004c0                Reserved16_DriverIRQHandler
                0x000004c0                Reserved82_DriverIRQHandler
                0x000004c0                FLEXPWM1_SUBMODULE2_DriverIRQHandler
                0x000004c0                Reserved77_DriverIRQHandler
                0x000004c0                QDC1_COMPARE_DriverIRQHandler
                0x000004c0                FMU0_DriverIRQHandler
                0x000004c0                QDC0_WATCHDOG_DriverIRQHandler
                0x000004c0                FLEXPWM1_RELOAD_ERROR_DriverIRQHandler
                0x000004c0                ERM0_MULTI_BIT_DriverIRQHandler
                0x000004c0                ERM0_SINGLE_BIT_DriverIRQHandler
                0x000004c0                Reserved65_DriverIRQHandler
                0x000004c0                VBAT0_DriverIRQHandler
                0x000004c0                Reserved72_DriverIRQHandler
                0x000004c0                Reserved36_DriverIRQHandler
                0x000004c0                FLEXPWM1_SUBMODULE0_DriverIRQHandler
                0x000004c0                Reserved92_DriverIRQHandler
                0x000004c0                UsageFault_Handler
                0x000004c0                CMP1_DriverIRQHandler
                0x000004c0                QDC1_INDEX_DriverIRQHandler
                0x000004c0                ADC1_DriverIRQHandler
                0x000004c0                DefaultISR
                0x000004c0                USB0_DriverIRQHandler
                0x000004c0                SecureFault_Handler
                0x000004c0                QDC0_COMPARE_DriverIRQHandler
                0x000004c0                FLEXPWM1_FAULT_DriverIRQHandler
                0x000004c0                QDC0_INDEX_DriverIRQHandler
                0x000004c0                Reserved53_DriverIRQHandler
                0x000004c0                QDC1_WATCHDOG_DriverIRQHandler
                0x000004c0                FREQME0_DriverIRQHandler
                0x000004c0                Reserved38_DriverIRQHandler
                0x000004c0                GPIO0_DriverIRQHandler
                0x000004c0                GPIO3_DriverIRQHandler
                0x000004c0                FLEXIO_DriverIRQHandler
                0x000004c0                DAC0_DriverIRQHandler
                0x000004c0                GLIKEY0_DriverIRQHandler
                0x000004c0                Reserved41_DriverIRQHandler
                0x000004c0                FLEXPWM0_SUBMODULE2_DriverIRQHandler
                0x000004c0                WWDT0_DriverIRQHandler
                0x000004c0                FLEXPWM0_FAULT_DriverIRQHandler
                0x000004c0                Reserved84_DriverIRQHandler
                0x000004c4                NMI_Handler
                0x000004d8                Reserved16_IRQHandler
                0x000004dc                CMC_IRQHandler
                0x000004e0                DMA_CH0_IRQHandler
                0x000004e4                DMA_CH1_IRQHandler
                0x000004e8                DMA_CH2_IRQHandler
                0x000004ec                DMA_CH3_IRQHandler
                0x000004f0                DMA_CH4_IRQHandler
                0x000004f4                DMA_CH5_IRQHandler
                0x000004f8                DMA_CH6_IRQHandler
                0x000004fc                DMA_CH7_IRQHandler
                0x00000500                ERM0_SINGLE_BIT_IRQHandler
                0x00000504                ERM0_MULTI_BIT_IRQHandler
                0x00000508                FMU0_IRQHandler
                0x0000050c                GLIKEY0_IRQHandler
                0x00000510                MBC0_IRQHandler
                0x00000514                SCG0_IRQHandler
                0x00000518                SPC0_IRQHandler
                0x0000051c                VBAT0_IRQHandler
                0x00000520                WUU0_IRQHandler
                0x00000524                CAN0_IRQHandler
                0x00000528                Reserved36_IRQHandler
                0x0000052c                Reserved37_IRQHandler
                0x00000530                Reserved38_IRQHandler
                0x00000534                FLEXIO_IRQHandler
                0x00000538                I3C0_IRQHandler
                0x0000053c                Reserved41_IRQHandler
                0x00000540                LPI2C0_IRQHandler
                0x00000544                LPI2C1_IRQHandler
                0x00000548                LPSPI0_IRQHandler
                0x0000054c                LPSPI1_IRQHandler
                0x00000550                Reserved46_IRQHandler
                0x00000558                LPUART1_IRQHandler
                0x0000055c                LPUART2_IRQHandler
                0x00000560                LPUART3_IRQHandler
                0x00000564                LPUART4_IRQHandler
                0x0000056c                Reserved53_IRQHandler
                0x00000570                CDOG0_IRQHandler
                0x00000574                CTIMER0_IRQHandler
                0x00000578                CTIMER1_IRQHandler
                0x0000057c                CTIMER2_IRQHandler
                0x00000580                CTIMER3_IRQHandler
                0x00000584                CTIMER4_IRQHandler
                0x00000588                FLEXPWM0_RELOAD_ERROR_IRQHandler
                0x0000058c                FLEXPWM0_FAULT_IRQHandler
                0x00000590                FLEXPWM0_SUBMODULE0_IRQHandler
                0x00000594                FLEXPWM0_SUBMODULE1_IRQHandler
                0x00000598                FLEXPWM0_SUBMODULE2_IRQHandler
                0x0000059c                Reserved65_IRQHandler
                0x000005a0                QDC0_COMPARE_IRQHandler
                0x000005a4                QDC0_HOME_IRQHandler
                0x000005a8                QDC0_WATCHDOG_IRQHandler
                0x000005ac                QDC0_INDEX_IRQHandler
                0x000005b0                FREQME0_IRQHandler
                0x000005b4                LPTMR0_IRQHandler
                0x000005b8                Reserved72_IRQHandler
                0x000005bc                OS_EVENT_IRQHandler
                0x000005c0                WAKETIMER0_IRQHandler
                0x000005c4                UTICK0_IRQHandler
                0x000005c8                WWDT0_IRQHandler
                0x000005cc                Reserved77_IRQHandler
                0x000005d0                ADC0_IRQHandler
                0x000005d4                ADC1_IRQHandler
                0x000005d8                CMP0_IRQHandler
                0x000005dc                CMP1_IRQHandler
                0x000005e0                Reserved82_IRQHandler
                0x000005e4                DAC0_IRQHandler
                0x000005e8                Reserved84_IRQHandler
                0x000005ec                Reserved85_IRQHandler
                0x000005f0                Reserved86_IRQHandler
                0x00000608                Reserved92_IRQHandler
                0x0000060c                LPI2C2_IRQHandler
                0x00000610                LPI2C3_IRQHandler
                0x00000614                FLEXPWM1_RELOAD_ERROR_IRQHandler
                0x00000618                FLEXPWM1_FAULT_IRQHandler
                0x0000061c                FLEXPWM1_SUBMODULE0_IRQHandler
                0x00000620                FLEXPWM1_SUBMODULE1_IRQHandler
                0x00000624                FLEXPWM1_SUBMODULE2_IRQHandler
                0x00000628                Reserved100_IRQHandler
                0x0000062c                QDC1_COMPARE_IRQHandler
                0x00000630                QDC1_HOME_IRQHandler
                0x00000634                QDC1_WATCHDOG_IRQHandler
                0x00000638                QDC1_INDEX_IRQHandler
 .text          0x000007b4       0x14 d:/rtthreadenv/env-windows-v2.0.0/env-windows/tools/gnu_gcc/arm_gcc/mingw/bin/../lib/gcc/arm-none-eabi/10.3.1/../../../../arm-none-eabi/lib/thumb/v8-m.main+fp/hard\libc_nano.a(lib_a-strcmp.o)
                0x000007b4                strcmp
 .text          0x000007c8       0x10 d:/rtthreadenv/env-windows-v2.0.0/env-windows/tools/gnu_gcc/arm_gcc/mingw/bin/../lib/gcc/arm-none-eabi/10.3.1/../../../../arm-none-eabi/lib/thumb/v8-m.main+fp/hard\libc_nano.a(lib_a-strlen.o)
                0x000007c8                strlen
 .text          0x000007d8      0x378 d:/rtthreadenv/env-windows-v2.0.0/env-windows/tools/gnu_gcc/arm_gcc/mingw/bin/../lib/gcc/arm-none-eabi/10.3.1/thumb/v8-m.main+fp/hard\libgcc.a(_arm_addsubdf3.o)
                0x000007d8                __aeabi_drsub
                0x000007e0                __aeabi_dsub
                0x000007e0                __subdf3
                0x000007e4                __aeabi_dadd
                0x000007e4                __adddf3
                0x00000a5c                __floatunsidf
                0x00000a5c                __aeabi_ui2d
                0x00000a7c                __floatsidf
                0x00000a7c                __aeabi_i2d
                0x00000aa0                __aeabi_f2d
                0x00000aa0                __extendsfdf2
                0x00000ae4                __floatundidf
                0x00000ae4                __aeabi_ul2d
                0x00000af4                __floatdidf
                0x00000af4                __aeabi_l2d
 .text          0x00000b50      0x424 d:/rtthreadenv/env-windows-v2.0.0/env-windows/tools/gnu_gcc/arm_gcc/mingw/bin/../lib/gcc/arm-none-eabi/10.3.1/thumb/v8-m.main+fp/hard\libgcc.a(_arm_muldivdf3.o)
                0x00000b50                __aeabi_dmul
                0x00000b50                __muldf3
                0x00000da4                __divdf3
                0x00000da4                __aeabi_ddiv
 .text          0x00000f74      0x110 d:/rtthreadenv/env-windows-v2.0.0/env-windows/tools/gnu_gcc/arm_gcc/mingw/bin/../lib/gcc/arm-none-eabi/10.3.1/thumb/v8-m.main+fp/hard\libgcc.a(_arm_cmpdf2.o)
                0x00000f74                __gtdf2
                0x00000f74                __gedf2
                0x00000f7c                __ltdf2
                0x00000f7c                __ledf2
                0x00000f84                __nedf2
                0x00000f84                __eqdf2
                0x00000f84                __cmpdf2
                0x00001000                __aeabi_cdrcmple
                0x00001010                __aeabi_cdcmpeq
                0x00001010                __aeabi_cdcmple
                0x00001020                __aeabi_dcmpeq
                0x00001034                __aeabi_dcmplt
                0x00001048                __aeabi_dcmple
                0x0000105c                __aeabi_dcmpge
                0x00001070                __aeabi_dcmpgt
 .text          0x00001084       0x50 d:/rtthreadenv/env-windows-v2.0.0/env-windows/tools/gnu_gcc/arm_gcc/mingw/bin/../lib/gcc/arm-none-eabi/10.3.1/thumb/v8-m.main+fp/hard\libgcc.a(_arm_fixdfsi.o)
                0x00001084                __aeabi_d2iz
                0x00001084                __fixdfsi
 .text          0x000010d4       0x40 d:/rtthreadenv/env-windows-v2.0.0/env-windows/tools/gnu_gcc/arm_gcc/mingw/bin/../lib/gcc/arm-none-eabi/10.3.1/thumb/v8-m.main+fp/hard\libgcc.a(_arm_fixunsdfsi.o)
                0x000010d4                __aeabi_d2uiz
                0x000010d4                __fixunsdfsi
 .text          0x00001114       0xa0 d:/rtthreadenv/env-windows-v2.0.0/env-windows/tools/gnu_gcc/arm_gcc/mingw/bin/../lib/gcc/arm-none-eabi/10.3.1/thumb/v8-m.main+fp/hard\libgcc.a(_aeabi_ldivmod.o)
                0x00001114                __aeabi_ldivmod
 .text          0x000011b4       0x30 d:/rtthreadenv/env-windows-v2.0.0/env-windows/tools/gnu_gcc/arm_gcc/mingw/bin/../lib/gcc/arm-none-eabi/10.3.1/thumb/v8-m.main+fp/hard\libgcc.a(_aeabi_uldivmod.o)
                0x000011b4                __aeabi_uldivmod
 .text          0x000011e4       0x30 d:/rtthreadenv/env-windows-v2.0.0/env-windows/tools/gnu_gcc/arm_gcc/mingw/bin/../lib/gcc/arm-none-eabi/10.3.1/thumb/v8-m.main+fp/hard\libgcc.a(_fixdfdi.o)
                0x000011e4                __fixdfdi
                0x000011e4                __aeabi_d2lz
 .text          0x00001214       0x3c d:/rtthreadenv/env-windows-v2.0.0/env-windows/tools/gnu_gcc/arm_gcc/mingw/bin/../lib/gcc/arm-none-eabi/10.3.1/thumb/v8-m.main+fp/hard\libgcc.a(_fixunsdfdi.o)
                0x00001214                __fixunsdfdi
                0x00001214                __aeabi_d2ulz
 .text          0x00001250      0x2ec d:/rtthreadenv/env-windows-v2.0.0/env-windows/tools/gnu_gcc/arm_gcc/mingw/bin/../lib/gcc/arm-none-eabi/10.3.1/thumb/v8-m.main+fp/hard\libgcc.a(_udivmoddi4.o)
                0x00001250                __udivmoddi4
 .text          0x0000153c        0x4 d:/rtthreadenv/env-windows-v2.0.0/env-windows/tools/gnu_gcc/arm_gcc/mingw/bin/../lib/gcc/arm-none-eabi/10.3.1/thumb/v8-m.main+fp/hard\libgcc.a(_dvmd_tls.o)
                0x0000153c                __aeabi_idiv0
                0x0000153c                __aeabi_ldiv0
 *(.text*)
 .text.rt_hw_adc_init
                0x00001540       0x3c C:\Users\22067\Desktop\rt-thread\bsp\nxp\mcx\mcxa\Libraries\drivers\drv_adc.o
 .text.__NVIC_EnableIRQ
                0x0000157c       0x3c C:\Users\22067\Desktop\rt-thread\bsp\nxp\mcx\mcxa\Libraries\drivers\drv_pin.o
 .text.__NVIC_DisableIRQ
                0x000015b8       0x48 C:\Users\22067\Desktop\rt-thread\bsp\nxp\mcx\mcxa\Libraries\drivers\drv_pin.o
 .text.EnableIRQ
                0x00001600       0x32 C:\Users\22067\Desktop\rt-thread\bsp\nxp\mcx\mcxa\Libraries\drivers\drv_pin.o
 .text.DisableIRQ
                0x00001632       0x32 C:\Users\22067\Desktop\rt-thread\bsp\nxp\mcx\mcxa\Libraries\drivers\drv_pin.o
 .text.GPIO_PinWrite
                0x00001664       0x36 C:\Users\22067\Desktop\rt-thread\bsp\nxp\mcx\mcxa\Libraries\drivers\drv_pin.o
 .text.GPIO_PinRead
                0x0000169a       0x24 C:\Users\22067\Desktop\rt-thread\bsp\nxp\mcx\mcxa\Libraries\drivers\drv_pin.o
 *fill*         0x000016be        0x2 
 .text.GPIO_SetPinInterruptConfig
                0x000016c0       0x5c C:\Users\22067\Desktop\rt-thread\bsp\nxp\mcx\mcxa\Libraries\drivers\drv_pin.o
 .text.PORT_SetPinConfig
                0x0000171c       0x48 C:\Users\22067\Desktop\rt-thread\bsp\nxp\mcx\mcxa\Libraries\drivers\drv_pin.o
 .text.mcx_pin_mode
                0x00001764      0x12c C:\Users\22067\Desktop\rt-thread\bsp\nxp\mcx\mcxa\Libraries\drivers\drv_pin.o
 .text.mcx_pin_write
                0x00001890       0x48 C:\Users\22067\Desktop\rt-thread\bsp\nxp\mcx\mcxa\Libraries\drivers\drv_pin.o
 .text.mcx_pin_read
                0x000018d8       0x40 C:\Users\22067\Desktop\rt-thread\bsp\nxp\mcx\mcxa\Libraries\drivers\drv_pin.o
 .text.pin_irq_handler
                0x00001918       0xc4 C:\Users\22067\Desktop\rt-thread\bsp\nxp\mcx\mcxa\Libraries\drivers\drv_pin.o
 .text.GPIO0_IRQHandler
                0x000019dc        0xe C:\Users\22067\Desktop\rt-thread\bsp\nxp\mcx\mcxa\Libraries\drivers\drv_pin.o
                0x000019dc                GPIO0_IRQHandler
 .text.GPIO1_IRQHandler
                0x000019ea        0xe C:\Users\22067\Desktop\rt-thread\bsp\nxp\mcx\mcxa\Libraries\drivers\drv_pin.o
                0x000019ea                GPIO1_IRQHandler
 .text.GPIO2_IRQHandler
                0x000019f8        0xe C:\Users\22067\Desktop\rt-thread\bsp\nxp\mcx\mcxa\Libraries\drivers\drv_pin.o
                0x000019f8                GPIO2_IRQHandler
 .text.GPIO3_IRQHandler
                0x00001a06        0xe C:\Users\22067\Desktop\rt-thread\bsp\nxp\mcx\mcxa\Libraries\drivers\drv_pin.o
                0x00001a06                GPIO3_IRQHandler
 .text.GPIO4_IRQHandler
                0x00001a14        0xe C:\Users\22067\Desktop\rt-thread\bsp\nxp\mcx\mcxa\Libraries\drivers\drv_pin.o
                0x00001a14                GPIO4_IRQHandler
 *fill*         0x00001a22        0x2 
 .text.mcx_pin_attach_irq
                0x00001a24      0x154 C:\Users\22067\Desktop\rt-thread\bsp\nxp\mcx\mcxa\Libraries\drivers\drv_pin.o
 .text.mcx_pin_detach_irq
                0x00001b78       0x44 C:\Users\22067\Desktop\rt-thread\bsp\nxp\mcx\mcxa\Libraries\drivers\drv_pin.o
 .text.mcx_pin_irq_enable
                0x00001bbc       0x50 C:\Users\22067\Desktop\rt-thread\bsp\nxp\mcx\mcxa\Libraries\drivers\drv_pin.o
 .text.rt_hw_pin_init
                0x00001c0c       0x6c C:\Users\22067\Desktop\rt-thread\bsp\nxp\mcx\mcxa\Libraries\drivers\drv_pin.o
                0x00001c0c                rt_hw_pin_init
 .text.__NVIC_EnableIRQ
                0x00001c78       0x3c C:\Users\22067\Desktop\rt-thread\bsp\nxp\mcx\mcxa\Libraries\drivers\drv_uart.o
 .text.__NVIC_DisableIRQ
                0x00001cb4       0x48 C:\Users\22067\Desktop\rt-thread\bsp\nxp\mcx\mcxa\Libraries\drivers\drv_uart.o
 .text.CLOCK_EnableClock
                0x00001cfc       0xb0 C:\Users\22067\Desktop\rt-thread\bsp\nxp\mcx\mcxa\Libraries\drivers\drv_uart.o
 .text.EnableIRQ
                0x00001dac       0x32 C:\Users\22067\Desktop\rt-thread\bsp\nxp\mcx\mcxa\Libraries\drivers\drv_uart.o
 .text.DisableIRQ
                0x00001dde       0x32 C:\Users\22067\Desktop\rt-thread\bsp\nxp\mcx\mcxa\Libraries\drivers\drv_uart.o
 .text.LPUART_WriteByte
                0x00001e10       0x1e C:\Users\22067\Desktop\rt-thread\bsp\nxp\mcx\mcxa\Libraries\drivers\drv_uart.o
 .text.LPUART_ReadByte
                0x00001e2e       0x6e C:\Users\22067\Desktop\rt-thread\bsp\nxp\mcx\mcxa\Libraries\drivers\drv_uart.o
 .text.LPUART0_IRQHandler
                0x00001e9c       0x14 C:\Users\22067\Desktop\rt-thread\bsp\nxp\mcx\mcxa\Libraries\drivers\drv_uart.o
                0x00001e9c                LPUART0_IRQHandler
 .text.mcx_configure
                0x00001eb0       0xb4 C:\Users\22067\Desktop\rt-thread\bsp\nxp\mcx\mcxa\Libraries\drivers\drv_uart.o
 .text.mcx_control
                0x00001f64       0x78 C:\Users\22067\Desktop\rt-thread\bsp\nxp\mcx\mcxa\Libraries\drivers\drv_uart.o
 .text.mcx_putc
                0x00001fdc       0x40 C:\Users\22067\Desktop\rt-thread\bsp\nxp\mcx\mcxa\Libraries\drivers\drv_uart.o
 .text.mcx_getc
                0x0000201c       0x3c C:\Users\22067\Desktop\rt-thread\bsp\nxp\mcx\mcxa\Libraries\drivers\drv_uart.o
 .text.uart_isr
                0x00002058       0x54 C:\Users\22067\Desktop\rt-thread\bsp\nxp\mcx\mcxa\Libraries\drivers\drv_uart.o
 .text.rt_hw_uart_init
                0x000020ac       0x98 C:\Users\22067\Desktop\rt-thread\bsp\nxp\mcx\mcxa\Libraries\drivers\drv_uart.o
                0x000020ac                rt_hw_uart_init
 .text.hid_class_interface_request_handler
                0x00002144      0x150 build\kernel\components\drivers\usb\cherryusb\class\hid\usbd_hid.o
 .text.usbd_hid_init_intf
                0x00002294       0x48 build\kernel\components\drivers\usb\cherryusb\class\hid\usbd_hid.o
                0x00002294                usbd_hid_init_intf
 .text.usbd_hid_get_report
                0x000022dc       0x36 build\kernel\components\drivers\usb\cherryusb\class\hid\usbd_hid.o
                0x000022dc                usbd_hid_get_report
 .text.usbd_hid_get_idle
                0x00002312       0x20 build\kernel\components\drivers\usb\cherryusb\class\hid\usbd_hid.o
                0x00002312                usbd_hid_get_idle
 .text.usbd_hid_get_protocol
                0x00002332       0x1e build\kernel\components\drivers\usb\cherryusb\class\hid\usbd_hid.o
                0x00002332                usbd_hid_get_protocol
 .text.usbd_hid_set_report
                0x00002350       0x28 build\kernel\components\drivers\usb\cherryusb\class\hid\usbd_hid.o
                0x00002350                usbd_hid_set_report
 .text.usbd_hid_set_idle
                0x00002378       0x28 build\kernel\components\drivers\usb\cherryusb\class\hid\usbd_hid.o
                0x00002378                usbd_hid_set_idle
 .text.usbd_hid_set_protocol
                0x000023a0       0x1e build\kernel\components\drivers\usb\cherryusb\class\hid\usbd_hid.o
                0x000023a0                usbd_hid_set_protocol
 .text.dword2array
                0x000023be       0x42 build\kernel\components\drivers\usb\cherryusb\core\usbd_core.o
 .text.usb_memcpy
                0x00002400      0x1c2 build\kernel\components\drivers\usb\cherryusb\core\usbd_core.o
 *fill*         0x000025c2        0x2 
 .text.usbd_print_setup
                0x000025c4       0x58 build\kernel\components\drivers\usb\cherryusb\core\usbd_core.o
 .text.is_device_configured
                0x0000261c       0x38 build\kernel\components\drivers\usb\cherryusb\core\usbd_core.o
 .text.usbd_set_endpoint
                0x00002654      0x114 build\kernel\components\drivers\usb\cherryusb\core\usbd_core.o
 .text.usbd_reset_endpoint
                0x00002768       0x2e build\kernel\components\drivers\usb\cherryusb\core\usbd_core.o
 *fill*         0x00002796        0x2 
 .text.usbd_get_descriptor
                0x00002798      0x210 build\kernel\components\drivers\usb\cherryusb\core\usbd_core.o
 .text.usbd_set_configuration
                0x000029a8       0xf4 build\kernel\components\drivers\usb\cherryusb\core\usbd_core.o
 .text.usbd_set_interface
                0x00002a9c      0x124 build\kernel\components\drivers\usb\cherryusb\core\usbd_core.o
 .text.usbd_std_device_req_handler
                0x00002bc0      0x274 build\kernel\components\drivers\usb\cherryusb\core\usbd_core.o
 .text.usbd_std_interface_req_handler
                0x00002e34      0x254 build\kernel\components\drivers\usb\cherryusb\core\usbd_core.o
 .text.usbd_std_endpoint_req_handler
                0x00003088      0x14c build\kernel\components\drivers\usb\cherryusb\core\usbd_core.o
 .text.usbd_standard_request_handler
                0x000031d4       0xaa build\kernel\components\drivers\usb\cherryusb\core\usbd_core.o
 *fill*         0x0000327e        0x2 
 .text.usbd_class_request_handler
                0x00003280      0x110 build\kernel\components\drivers\usb\cherryusb\core\usbd_core.o
 .text.usbd_vendor_request_handler
                0x00003390      0x32c build\kernel\components\drivers\usb\cherryusb\core\usbd_core.o
 .text.usbd_setup_request_handler
                0x000036bc       0xf8 build\kernel\components\drivers\usb\cherryusb\core\usbd_core.o
 .text.usbd_class_event_notify_handler
                0x000037b4       0xac build\kernel\components\drivers\usb\cherryusb\core\usbd_core.o
 .text.usbd_event_reset_handler
                0x00003860       0xc4 build\kernel\components\drivers\usb\cherryusb\core\usbd_core.o
                0x00003860                usbd_event_reset_handler
 .text.__usbd_event_ep0_setup_complete_handler
                0x00003924      0x2ec build\kernel\components\drivers\usb\cherryusb\core\usbd_core.o
 .text.usbd_event_ep0_setup_complete_handler
                0x00003c10       0x3c build\kernel\components\drivers\usb\cherryusb\core\usbd_core.o
                0x00003c10                usbd_event_ep0_setup_complete_handler
 .text.usbd_event_ep0_in_complete_handler
                0x00003c4c      0x15c build\kernel\components\drivers\usb\cherryusb\core\usbd_core.o
 .text.usbd_event_ep0_out_complete_handler
                0x00003da8      0x17c build\kernel\components\drivers\usb\cherryusb\core\usbd_core.o
 .text.usbd_event_ep_in_complete_handler
                0x00003f24       0x70 build\kernel\components\drivers\usb\cherryusb\core\usbd_core.o
                0x00003f24                usbd_event_ep_in_complete_handler
 .text.usbd_event_ep_out_complete_handler
                0x00003f94       0x70 build\kernel\components\drivers\usb\cherryusb\core\usbd_core.o
                0x00003f94                usbd_event_ep_out_complete_handler
 .text.usbd_desc_register
                0x00004004       0xbc build\kernel\components\drivers\usb\cherryusb\core\usbd_core.o
                0x00004004                usbd_desc_register
 .text.usbd_add_interface
                0x000040c0       0x90 build\kernel\components\drivers\usb\cherryusb\core\usbd_core.o
                0x000040c0                usbd_add_interface
 .text.usbd_add_endpoint
                0x00004150       0xd4 build\kernel\components\drivers\usb\cherryusb\core\usbd_core.o
                0x00004150                usbd_add_endpoint
 .text.usb_device_is_configured
                0x00004224       0x38 build\kernel\components\drivers\usb\cherryusb\core\usbd_core.o
                0x00004224                usb_device_is_configured
 .text.usbd_initialize
                0x0000425c       0xa0 build\kernel\components\drivers\usb\cherryusb\core\usbd_core.o
                0x0000425c                usbd_initialize
 .text.kinetis_start_transfer
                0x000042fc      0x144 build\kernel\components\drivers\usb\cherryusb\port\kinetis\usb_dc_kinetis.o
 .text.kinetis_read_setup
                0x00004440       0xf8 build\kernel\components\drivers\usb\cherryusb\port\kinetis\usb_dc_kinetis.o
 .text.usb_dc_init
                0x00004538       0xc4 build\kernel\components\drivers\usb\cherryusb\port\kinetis\usb_dc_kinetis.o
                0x00004538                usb_dc_init
 .text.usbd_set_address
                0x000045fc       0x50 build\kernel\components\drivers\usb\cherryusb\port\kinetis\usb_dc_kinetis.o
                0x000045fc                usbd_set_address
 .text.usbd_ep_open
                0x0000464c      0x29c build\kernel\components\drivers\usb\cherryusb\port\kinetis\usb_dc_kinetis.o
                0x0000464c                usbd_ep_open
 .text.usbd_ep_close
                0x000048e8       0xfc build\kernel\components\drivers\usb\cherryusb\port\kinetis\usb_dc_kinetis.o
                0x000048e8                usbd_ep_close
 .text.usbd_ep_set_stall
                0x000049e4       0xf8 build\kernel\components\drivers\usb\cherryusb\port\kinetis\usb_dc_kinetis.o
                0x000049e4                usbd_ep_set_stall
 .text.usbd_ep_clear_stall
                0x00004adc      0x128 build\kernel\components\drivers\usb\cherryusb\port\kinetis\usb_dc_kinetis.o
                0x00004adc                usbd_ep_clear_stall
 .text.usbd_ep_is_stalled
                0x00004c04       0x58 build\kernel\components\drivers\usb\cherryusb\port\kinetis\usb_dc_kinetis.o
                0x00004c04                usbd_ep_is_stalled
 .text.usbd_ep_start_write
                0x00004c5c       0xf8 build\kernel\components\drivers\usb\cherryusb\port\kinetis\usb_dc_kinetis.o
                0x00004c5c                usbd_ep_start_write
 .text.usbd_ep_start_read
                0x00004d54      0x100 build\kernel\components\drivers\usb\cherryusb\port\kinetis\usb_dc_kinetis.o
                0x00004d54                usbd_ep_start_read
 .text.USBD_IRQHandler
                0x00004e54      0x708 build\kernel\components\drivers\usb\cherryusb\port\kinetis\usb_dc_kinetis.o
                0x00004e54                USBD_IRQHandler
 .text.__NVIC_EnableIRQ
                0x0000555c       0x3c build\kernel\components\drivers\usb\cherryusb\port\kinetis\usb_glue_mcx.o
 .text.__NVIC_SetPriority
                0x00005598       0x54 build\kernel\components\drivers\usb\cherryusb\port\kinetis\usb_glue_mcx.o
 .text.EnableIRQ
                0x000055ec       0x32 build\kernel\components\drivers\usb\cherryusb\port\kinetis\usb_glue_mcx.o
 .text.USB_ClockInit
                0x0000561e       0x12 build\kernel\components\drivers\usb\cherryusb\port\kinetis\usb_glue_mcx.o
                0x0000561e                USB_ClockInit
 .text.USB0_IRQHandler
                0x00005630        0xe build\kernel\components\drivers\usb\cherryusb\port\kinetis\usb_glue_mcx.o
                0x00005630                USB0_IRQHandler
 *fill*         0x0000563e        0x2 
 .text.usb_dc_low_level_init
                0x00005640       0xcc build\kernel\components\drivers\usb\cherryusb\port\kinetis\usb_glue_mcx.o
                0x00005640                usb_dc_low_level_init
 .text.__rt_libc_exit
                0x0000570c       0x44 build\kernel\components\libc\compilers\common\cstdlib.o
                0x0000570c                __rt_libc_exit
 .text._malloc_r
                0x00005750       0x28 build\kernel\components\libc\compilers\newlib\syscalls.o
                0x00005750                _malloc_r
 .text._free_r  0x00005778       0x18 build\kernel\components\libc\compilers\newlib\syscalls.o
                0x00005778                _free_r
 .text.__errno  0x00005790        0xe build\kernel\components\libc\compilers\newlib\syscalls.o
                0x00005790                __errno
 .text._getpid_r
                0x0000579e       0x16 build\kernel\components\libc\compilers\newlib\syscalls.o
                0x0000579e                _getpid_r
 .text._close_r
                0x000057b4       0x40 build\kernel\components\libc\compilers\newlib\syscalls.o
                0x000057b4                _close_r
 .text._fstat_r
                0x000057f4       0x22 build\kernel\components\libc\compilers\newlib\syscalls.o
                0x000057f4                _fstat_r
 .text._isatty_r
                0x00005816       0x28 build\kernel\components\libc\compilers\newlib\syscalls.o
                0x00005816                _isatty_r
 .text._kill_r  0x0000583e       0x22 build\kernel\components\libc\compilers\newlib\syscalls.o
                0x0000583e                _kill_r
 .text._lseek_r
                0x00005860       0x44 build\kernel\components\libc\compilers\newlib\syscalls.o
                0x00005860                _lseek_r
 .text._read_r  0x000058a4       0x44 build\kernel\components\libc\compilers\newlib\syscalls.o
                0x000058a4                _read_r
 .text._write_r
                0x000058e8       0x84 build\kernel\components\libc\compilers\newlib\syscalls.o
                0x000058e8                _write_r
 .text._exit    0x0000596c       0x10 build\kernel\components\libc\compilers\newlib\syscalls.o
                0x0000596c                _exit
 .text.ulog_console_backend_output
                0x0000597c       0x1c build\kernel\components\utilities\ulog\backend\console_be.o
                0x0000597c                ulog_console_backend_output
 .text.ulog_console_backend_init
                0x00005998       0x2c build\kernel\components\utilities\ulog\backend\console_be.o
                0x00005998                ulog_console_backend_init
 .text.rt_slist_init
                0x000059c4       0x1a build\kernel\components\utilities\ulog\ulog.o
 .text.rt_slist_append
                0x000059de       0x36 build\kernel\components\utilities\ulog\ulog.o
 .text.rt_slist_first
                0x00005a14       0x18 build\kernel\components\utilities\ulog\ulog.o
 .text.rt_slist_next
                0x00005a2c       0x18 build\kernel\components\utilities\ulog\ulog.o
 .text.rt_in_thread_context
                0x00005a44       0x22 build\kernel\components\utilities\ulog\ulog.o
 .text.rt_scheduler_is_available
                0x00005a66       0x22 build\kernel\components\utilities\ulog\ulog.o
 .text.ulog_strcpy
                0x00005a88       0x74 build\kernel\components\utilities\ulog\ulog.o
                0x00005a88                ulog_strcpy
 .text.output_unlock
                0x00005afc       0x2c build\kernel\components\utilities\ulog\ulog.o
 .text.output_lock
                0x00005b28       0x30 build\kernel\components\utilities\ulog\ulog.o
 .text.get_log_buf
                0x00005b58       0x28 build\kernel\components\utilities\ulog\ulog.o
 .text.ulog_head_formater
                0x00005b80       0xe4 build\kernel\components\utilities\ulog\ulog.o
                0x00005b80                ulog_head_formater
 .text.ulog_tail_formater
                0x00005c64       0x90 build\kernel\components\utilities\ulog\ulog.o
                0x00005c64                ulog_tail_formater
 .text.ulog_formater
                0x00005cf4       0xb8 build\kernel\components\utilities\ulog\ulog.o
                0x00005cf4                ulog_formater
 .text.ulog_hex_formater
                0x00005dac      0x1f4 build\kernel\components\utilities\ulog\ulog.o
                0x00005dac                ulog_hex_formater
 .text.ulog_output_to_all_backend
                0x00005fa0       0x80 build\kernel\components\utilities\ulog\ulog.o
 .text.do_output
                0x00006020       0x46 build\kernel\components\utilities\ulog\ulog.o
 *fill*         0x00006066        0x2 
 .text.ulog_voutput
                0x00006068      0x11c build\kernel\components\utilities\ulog\ulog.o
                0x00006068                ulog_voutput
 .text.ulog_output
                0x00006184       0x42 build\kernel\components\utilities\ulog\ulog.o
                0x00006184                ulog_output
 *fill*         0x000061c6        0x2 
 .text.ulog_backend_register
                0x000061c8       0xc8 build\kernel\components\utilities\ulog\ulog.o
                0x000061c8                ulog_backend_register
 .text.ulog_init
                0x00006290       0x44 build\kernel\components\utilities\ulog\ulog.o
                0x00006290                ulog_init
 .text.rt_hw_atomic_load
                0x000062d4       0x3e build\kernel\libcpu\arm\common\atomic_arm.o
                0x000062d4                rt_hw_atomic_load
 .text.rt_hw_atomic_add
                0x00006312       0x44 build\kernel\libcpu\arm\common\atomic_arm.o
                0x00006312                rt_hw_atomic_add
 .text.rt_hw_atomic_sub
                0x00006356       0x44 build\kernel\libcpu\arm\common\atomic_arm.o
                0x00006356                rt_hw_atomic_sub
 *fill*         0x0000639a        0x2 
 .text.rt_hw_stack_init
                0x0000639c       0xa4 build\kernel\libcpu\arm\cortex-m33\cpuport.o
                0x0000639c                rt_hw_stack_init
 .text.usage_fault_track
                0x00006440       0xc4 build\kernel\libcpu\arm\cortex-m33\cpuport.o
 .text.bus_fault_track
                0x00006504       0xcc build\kernel\libcpu\arm\cortex-m33\cpuport.o
 .text.mem_manage_fault_track
                0x000065d0       0xb4 build\kernel\libcpu\arm\cortex-m33\cpuport.o
 .text.hard_fault_track
                0x00006684       0x78 build\kernel\libcpu\arm\cortex-m33\cpuport.o
 .text.rt_hw_hard_fault_exception
                0x000066fc      0x184 build\kernel\libcpu\arm\cortex-m33\cpuport.o
                0x000066fc                rt_hw_hard_fault_exception
 .text.__rt_ffs
                0x00006880       0x2a build\kernel\libcpu\arm\cortex-m33\cpuport.o
                0x00006880                __rt_ffs
 .text.TZ_InitContextSystem_S
                0x000068aa        0xe build\kernel\libcpu\arm\cortex-m33\trustzone.o
                0x000068aa                TZ_InitContextSystem_S
 .text.TZ_AllocModuleContext_S
                0x000068b8       0x16 build\kernel\libcpu\arm\cortex-m33\trustzone.o
                0x000068b8                TZ_AllocModuleContext_S
 .text.TZ_FreeModuleContext_S
                0x000068ce       0x16 build\kernel\libcpu\arm\cortex-m33\trustzone.o
                0x000068ce                TZ_FreeModuleContext_S
 .text.TZ_LoadContext_S
                0x000068e4       0x16 build\kernel\libcpu\arm\cortex-m33\trustzone.o
                0x000068e4                TZ_LoadContext_S
 .text.TZ_StoreContext_S
                0x000068fa       0x16 build\kernel\libcpu\arm\cortex-m33\trustzone.o
                0x000068fa                TZ_StoreContext_S
 .text.rt_trustzone_context_store
                0x00006910       0x16 build\kernel\libcpu\arm\cortex-m33\trustzone.o
                0x00006910                rt_trustzone_context_store
 .text.rt_trustzone_context_load
                0x00006926       0x16 build\kernel\libcpu\arm\cortex-m33\trustzone.o
                0x00006926                rt_trustzone_context_load
 .text.rt_secure_svc_handle
                0x0000693c       0x90 build\kernel\libcpu\arm\cortex-m33\trustzone.o
                0x0000693c                rt_secure_svc_handle
 .text.rt_strerror
                0x000069cc       0x5c build\kernel\src\klibc\kerrno.o
                0x000069cc                rt_strerror
 .text.rt_set_errno
                0x00006a28       0x44 build\kernel\src\klibc\kerrno.o
                0x00006a28                rt_set_errno
 .text._rt_errno
                0x00006a6c       0x38 build\kernel\src\klibc\kerrno.o
                0x00006a6c                _rt_errno
 .text.rt_snprintf
                0x00006aa4       0x34 build\kernel\src\klibc\kstdio.o
                0x00006aa4                rt_snprintf
 .text.rt_memset
                0x00006ad8       0xc8 build\kernel\src\klibc\kstring.o
                0x00006ad8                rt_memset
 .text.rt_memcpy
                0x00006ba0       0xda build\kernel\src\klibc\kstring.o
                0x00006ba0                rt_memcpy
 .text.rt_memmove
                0x00006c7a       0x82 build\kernel\src\klibc\kstring.o
                0x00006c7a                rt_memmove
 .text.rt_strncpy
                0x00006cfc       0x64 build\kernel\src\klibc\kstring.o
                0x00006cfc                rt_strncpy
 .text.rt_strcmp
                0x00006d60       0x44 build\kernel\src\klibc\kstring.o
                0x00006d60                rt_strcmp
 .text.rt_strlen
                0x00006da4       0x32 build\kernel\src\klibc\kstring.o
                0x00006da4                rt_strlen
 .text.get_bit_access
                0x00006dd6       0x2a build\kernel\src\klibc\rt_vsnprintf_std.o
 .text.get_sign_bit
                0x00006e00       0x32 build\kernel\src\klibc\rt_vsnprintf_std.o
 .text.get_exp2
                0x00006e32       0x30 build\kernel\src\klibc\rt_vsnprintf_std.o
 .text.putchar_via_gadget
                0x00006e62       0x50 build\kernel\src\klibc\rt_vsnprintf_std.o
 .text.append_termination_with_gadget
                0x00006eb2       0x58 build\kernel\src\klibc\rt_vsnprintf_std.o
 .text.discarding_gadget
                0x00006f0a       0x36 build\kernel\src\klibc\rt_vsnprintf_std.o
 .text.buffer_gadget
                0x00006f40       0x4c build\kernel\src\klibc\rt_vsnprintf_std.o
 .text.strnlen_s_
                0x00006f8c       0x3a build\kernel\src\klibc\rt_vsnprintf_std.o
 .text.is_digit_
                0x00006fc6       0x2e build\kernel\src\klibc\rt_vsnprintf_std.o
 .text.atou_    0x00006ff4       0x48 build\kernel\src\klibc\rt_vsnprintf_std.o
 .text.out_rev_
                0x0000703c       0x8c build\kernel\src\klibc\rt_vsnprintf_std.o
 .text.print_integer_finalization
                0x000070c8      0x1e4 build\kernel\src\klibc\rt_vsnprintf_std.o
 .text.print_integer
                0x000072ac      0x102 build\kernel\src\klibc\rt_vsnprintf_std.o
 *fill*         0x000073ae        0x2 
 .text.get_components
                0x000073b0      0x220 build\kernel\src\klibc\rt_vsnprintf_std.o
 .text.apply_scaling
                0x000075d0       0x4a build\kernel\src\klibc\rt_vsnprintf_std.o
 .text.unapply_scaling
                0x0000761a       0x4a build\kernel\src\klibc\rt_vsnprintf_std.o
 .text.update_normalization
                0x00007664       0xcc build\kernel\src\klibc\rt_vsnprintf_std.o
 .text.get_normalized_components
                0x00007730      0x1f8 build\kernel\src\klibc\rt_vsnprintf_std.o
 .text.print_broken_up_decimal
                0x00007928      0x250 build\kernel\src\klibc\rt_vsnprintf_std.o
 .text.print_decimal_number
                0x00007b78       0x5a build\kernel\src\klibc\rt_vsnprintf_std.o
 .text.bastardized_floor
                0x00007bd2       0x60 build\kernel\src\klibc\rt_vsnprintf_std.o
 *fill*         0x00007c32        0x6 
 .text.log10_of_positive
                0x00007c38      0x154 build\kernel\src\klibc\rt_vsnprintf_std.o
 *fill*         0x00007d8c        0x4 
 .text.pow10_of_int
                0x00007d90      0x1cc build\kernel\src\klibc\rt_vsnprintf_std.o
 .text.print_exponential_number
                0x00007f5c      0x3d8 build\kernel\src\klibc\rt_vsnprintf_std.o
 *fill*         0x00008334        0x4 
 .text.print_floating_point
                0x00008338      0x194 build\kernel\src\klibc\rt_vsnprintf_std.o
 .text.parse_flags
                0x000084cc       0xdc build\kernel\src\klibc\rt_vsnprintf_std.o
 .text.format_string_loop
                0x000085a8      0xa50 build\kernel\src\klibc\rt_vsnprintf_std.o
 .text.vsnprintf_impl
                0x00008ff8       0x28 build\kernel\src\klibc\rt_vsnprintf_std.o
 .text.rt_vsnprintf
                0x00009020       0x34 build\kernel\src\klibc\rt_vsnprintf_std.o
                0x00009020                rt_vsnprintf
 .text.apply_deadzone
                0x00009054       0x32 build\applications\gamepad_app.o
 .text.scale_axis
                0x00009086       0x4a build\applications\gamepad_app.o
 .text.axis_changed
                0x000090d0       0x42 build\applications\gamepad_app.o
 *fill*         0x00009112        0x2 
 .text.gamepad_thread_entry
                0x00009114      0x26c build\applications\gamepad_app.o
 .text.gamepad_app_start
                0x00009380       0x64 build\applications\gamepad_app.o
                0x00009380                gamepad_app_start
 .text.joystick_init
                0x000093e4       0x84 build\applications\joystick_app.o
 .text.adc_read_channel
                0x00009468       0x38 build\applications\joystick_app.o
 .text.adc_to_axis
                0x000094a0       0x2e build\applications\joystick_app.o
 .text.joystick_left_read
                0x000094ce       0x60 build\applications\joystick_app.o
                0x000094ce                joystick_left_read
 .text.joystick_right_read
                0x0000952e       0x60 build\applications\joystick_app.o
                0x0000952e                joystick_right_read
 *fill*         0x0000958e        0x2 
 .text.key_init
                0x00009590       0x74 build\applications\key_app.o
 .text.key_read
                0x00009604       0xbc build\applications\key_app.o
                0x00009604                key_read
 .text.main     0x000096c0       0x14 build\applications\main.o
                0x000096c0                main
 .text.dword2array
                0x000096d4       0x42 build\applications\usb_app.o
 .text.usb_memcpy
                0x00009716      0x1c2 build\applications\usb_app.o
 .text.usbd_event_handler
                0x000098d8       0xac build\applications\usb_app.o
 .text.usbd_hid_int_callback
                0x00009984       0x28 build\applications\usb_app.o
                0x00009984                usbd_hid_int_callback
 .text.hid_gamepad_init
                0x000099ac       0x9c build\applications\usb_app.o
                0x000099ac                hid_gamepad_init
 .text.hid_gamepad_send_report
                0x00009a48       0x88 build\applications\usb_app.o
                0x00009a48                hid_gamepad_send_report
 .text.hid_gamepad_get_report
                0x00009ad0       0x14 build\applications\usb_app.o
                0x00009ad0                hid_gamepad_get_report
 .text.hid_gamepad_is_configured
                0x00009ae4       0x1c build\applications\usb_app.o
                0x00009ae4                hid_gamepad_is_configured
 .text.hid_gamepad_test
                0x00009b00      0x198 build\applications\usb_app.o
                0x00009b00                hid_gamepad_test
 .text.RESET_ReleasePeripheralReset
                0x00009c98       0x1a build\board\MCUX_Config\board\clock_config.o
 *fill*         0x00009cb2        0x2 
 .text.CLOCK_EnableClock
                0x00009cb4       0xb0 build\board\MCUX_Config\board\clock_config.o
 .text.BOARD_InitBootClocks
                0x00009d64       0x50 build\board\MCUX_Config\board\clock_config.o
                0x00009d64                BOARD_InitBootClocks
 .text.BOARD_BootClockFRO96M
                0x00009db4       0xd0 build\board\MCUX_Config\board\clock_config.o
                0x00009db4                BOARD_BootClockFRO96M
 .text.CLOCK_EnableClock
                0x00009e84       0xb0 build\board\MCUX_Config\board\pin_mux.o
 .text.RESET_ReleasePeripheralReset
                0x00009f34       0x1a build\board\MCUX_Config\board\pin_mux.o
 *fill*         0x00009f4e        0x2 
 .text.PORT_SetPinConfig
                0x00009f50       0x48 build\board\MCUX_Config\board\pin_mux.o
 .text.BOARD_InitBootPins
                0x00009f98        0xc build\board\MCUX_Config\board\pin_mux.o
                0x00009f98                BOARD_InitBootPins
 .text.BOARD_InitPins
                0x00009fa4      0x124 build\board\MCUX_Config\board\pin_mux.o
                0x00009fa4                BOARD_InitPins
 .text.__NVIC_SetPriority
                0x0000a0c8       0x54 build\board\board.o
 .text.SysTick_Config
                0x0000a11c       0x44 build\board\board.o
 .text.SysTick_Handler
                0x0000a160       0x14 build\board\board.o
                0x0000a160                SysTick_Handler
 .text.rt_hw_board_init
                0x0000a174       0x64 build\board\board.o
                0x0000a174                rt_hw_board_init
 .text.MemManage_Handler
                0x0000a1d8       0x18 build\board\board.o
                0x0000a1d8                MemManage_Handler
 .text.rt_hw_us_delay
                0x0000a1f0       0x84 build\board\board.o
                0x0000a1f0                rt_hw_us_delay
 .text.rt_hw_mcxa156_cherryusb_hid_init
                0x0000a274       0x18 build\board\ports\cherryusb\cherryusb.o
 .text.hid_example
                0x0000a28c       0x1a build\board\ports\cherryusb\cherryusb.o
 *fill*         0x0000a2a6        0x2 
 .text.CLOCK_EnableClock
                0x0000a2a8       0xb0 build\packages\nxp-mcx-series-latest\MCXA156\drivers\fsl_clock.o
 .text.CLOCK_AttachClk
                0x0000a358       0x30 build\packages\nxp-mcx-series-latest\MCXA156\drivers\fsl_clock.o
                0x0000a358                CLOCK_AttachClk
 .text.CLOCK_SetClockSelect
                0x0000a388       0xa4 build\packages\nxp-mcx-series-latest\MCXA156\drivers\fsl_clock.o
                0x0000a388                CLOCK_SetClockSelect
 .text.CLOCK_SetClockDiv
                0x0000a42c       0x88 build\packages\nxp-mcx-series-latest\MCXA156\drivers\fsl_clock.o
                0x0000a42c                CLOCK_SetClockDiv
 .text.CLOCK_SetupFROHFClocking
                0x0000a4b4       0xf8 build\packages\nxp-mcx-series-latest\MCXA156\drivers\fsl_clock.o
                0x0000a4b4                CLOCK_SetupFROHFClocking
 .text.CLOCK_SetupFRO12MClocking
                0x0000a5ac       0x54 build\packages\nxp-mcx-series-latest\MCXA156\drivers\fsl_clock.o
                0x0000a5ac                CLOCK_SetupFRO12MClocking
 .text.CLOCK_GetFreq
                0x0000a600       0xf4 build\packages\nxp-mcx-series-latest\MCXA156\drivers\fsl_clock.o
                0x0000a600                CLOCK_GetFreq
 .text.CLOCK_GetFro12MFreq
                0x0000a6f4       0x2c build\packages\nxp-mcx-series-latest\MCXA156\drivers\fsl_clock.o
 .text.CLOCK_GetClk1MFreq
                0x0000a720       0x14 build\packages\nxp-mcx-series-latest\MCXA156\drivers\fsl_clock.o
 .text.CLOCK_GetFroHfFreq
                0x0000a734       0xc0 build\packages\nxp-mcx-series-latest\MCXA156\drivers\fsl_clock.o
 .text.CLOCK_GetClk48MFreq
                0x0000a7f4       0x38 build\packages\nxp-mcx-series-latest\MCXA156\drivers\fsl_clock.o
 .text.CLOCK_GetFRO16KFreq
                0x0000a82c       0x28 build\packages\nxp-mcx-series-latest\MCXA156\drivers\fsl_clock.o
 .text.CLOCK_GetClk16KFreq
                0x0000a854       0x44 build\packages\nxp-mcx-series-latest\MCXA156\drivers\fsl_clock.o
 .text.CLOCK_GetExtClkFreq
                0x0000a898       0x2c build\packages\nxp-mcx-series-latest\MCXA156\drivers\fsl_clock.o
 .text.CLOCK_GetMainClk
                0x0000a8c4       0x68 build\packages\nxp-mcx-series-latest\MCXA156\drivers\fsl_clock.o
                0x0000a8c4                CLOCK_GetMainClk
 .text.CLOCK_GetCoreSysClkFreq
                0x0000a92c       0x20 build\packages\nxp-mcx-series-latest\MCXA156\drivers\fsl_clock.o
                0x0000a92c                CLOCK_GetCoreSysClkFreq
 .text.CLOCK_EnableUsbfsClock
                0x0000a94c       0x50 build\packages\nxp-mcx-series-latest\MCXA156\drivers\fsl_clock.o
                0x0000a94c                CLOCK_EnableUsbfsClock
 .text.CTIMER_GetStatusFlags
                0x0000a99c       0x18 build\packages\nxp-mcx-series-latest\MCXA156\drivers\fsl_ctimer.o
 .text.CTIMER_ClearStatusFlags
                0x0000a9b4       0x1c build\packages\nxp-mcx-series-latest\MCXA156\drivers\fsl_ctimer.o
 .text.CTIMER_GenericIRQHandler
                0x0000a9d0       0xb4 build\packages\nxp-mcx-series-latest\MCXA156\drivers\fsl_ctimer.o
 .text.CTIMER0_DriverIRQHandler
                0x0000aa84        0xe build\packages\nxp-mcx-series-latest\MCXA156\drivers\fsl_ctimer.o
                0x0000aa84                CTIMER0_DriverIRQHandler
 .text.CTIMER1_DriverIRQHandler
                0x0000aa92        0xe build\packages\nxp-mcx-series-latest\MCXA156\drivers\fsl_ctimer.o
                0x0000aa92                CTIMER1_DriverIRQHandler
 .text.CTIMER2_DriverIRQHandler
                0x0000aaa0        0xe build\packages\nxp-mcx-series-latest\MCXA156\drivers\fsl_ctimer.o
                0x0000aaa0                CTIMER2_DriverIRQHandler
 .text.CTIMER3_DriverIRQHandler
                0x0000aaae        0xe build\packages\nxp-mcx-series-latest\MCXA156\drivers\fsl_ctimer.o
                0x0000aaae                CTIMER3_DriverIRQHandler
 .text.CTIMER4_DriverIRQHandler
                0x0000aabc        0xe build\packages\nxp-mcx-series-latest\MCXA156\drivers\fsl_ctimer.o
                0x0000aabc                CTIMER4_DriverIRQHandler
 *fill*         0x0000aaca        0x2 
 .text.EDMA_HandleIRQ
                0x0000aacc      0x1b4 build\packages\nxp-mcx-series-latest\MCXA156\drivers\fsl_edma.o
                0x0000aacc                EDMA_HandleIRQ
 .text.EDMA_DriverIRQHandler
                0x0000ac80       0x48 build\packages\nxp-mcx-series-latest\MCXA156\drivers\fsl_edma.o
                0x0000ac80                EDMA_DriverIRQHandler
 .text.DMA_CH0_DriverIRQHandler
                0x0000acc8       0x10 build\packages\nxp-mcx-series-latest\MCXA156\drivers\fsl_edma_soc.o
                0x0000acc8                DMA_CH0_DriverIRQHandler
 .text.DMA_CH1_DriverIRQHandler
                0x0000acd8       0x10 build\packages\nxp-mcx-series-latest\MCXA156\drivers\fsl_edma_soc.o
                0x0000acd8                DMA_CH1_DriverIRQHandler
 .text.DMA_CH2_DriverIRQHandler
                0x0000ace8       0x10 build\packages\nxp-mcx-series-latest\MCXA156\drivers\fsl_edma_soc.o
                0x0000ace8                DMA_CH2_DriverIRQHandler
 .text.DMA_CH3_DriverIRQHandler
                0x0000acf8       0x10 build\packages\nxp-mcx-series-latest\MCXA156\drivers\fsl_edma_soc.o
                0x0000acf8                DMA_CH3_DriverIRQHandler
 .text.DMA_CH4_DriverIRQHandler
                0x0000ad08       0x10 build\packages\nxp-mcx-series-latest\MCXA156\drivers\fsl_edma_soc.o
                0x0000ad08                DMA_CH4_DriverIRQHandler
 .text.DMA_CH5_DriverIRQHandler
                0x0000ad18       0x10 build\packages\nxp-mcx-series-latest\MCXA156\drivers\fsl_edma_soc.o
                0x0000ad18                DMA_CH5_DriverIRQHandler
 .text.DMA_CH6_DriverIRQHandler
                0x0000ad28       0x10 build\packages\nxp-mcx-series-latest\MCXA156\drivers\fsl_edma_soc.o
                0x0000ad28                DMA_CH6_DriverIRQHandler
 .text.DMA_CH7_DriverIRQHandler
                0x0000ad38       0x10 build\packages\nxp-mcx-series-latest\MCXA156\drivers\fsl_edma_soc.o
                0x0000ad38                DMA_CH7_DriverIRQHandler
 .text.GPIO_PinWrite
                0x0000ad48       0x36 build\packages\nxp-mcx-series-latest\MCXA156\drivers\fsl_gpio.o
 *fill*         0x0000ad7e        0x2 
 .text.GPIO_PinInit
                0x0000ad80       0x70 build\packages\nxp-mcx-series-latest\MCXA156\drivers\fsl_gpio.o
                0x0000ad80                GPIO_PinInit
 .text.GPIO_GpioGetInterruptFlags
                0x0000adf0       0x1a build\packages\nxp-mcx-series-latest\MCXA156\drivers\fsl_gpio.o
                0x0000adf0                GPIO_GpioGetInterruptFlags
 .text.GPIO_GpioClearInterruptFlags
                0x0000ae0a       0x1e build\packages\nxp-mcx-series-latest\MCXA156\drivers\fsl_gpio.o
                0x0000ae0a                GPIO_GpioClearInterruptFlags
 .text.I3C_CommonIRQHandler
                0x0000ae28       0x70 build\packages\nxp-mcx-series-latest\MCXA156\drivers\fsl_i3c.o
 .text.I3C0_DriverIRQHandler
                0x0000ae98       0x14 build\packages\nxp-mcx-series-latest\MCXA156\drivers\fsl_i3c.o
                0x0000ae98                I3C0_DriverIRQHandler
 .text.LPI2C_CommonIRQHandler
                0x0000aeac       0x70 build\packages\nxp-mcx-series-latest\MCXA156\drivers\fsl_lpi2c.o
 .text.LPI2C0_DriverIRQHandler
                0x0000af1c       0x14 build\packages\nxp-mcx-series-latest\MCXA156\drivers\fsl_lpi2c.o
                0x0000af1c                LPI2C0_DriverIRQHandler
 .text.LPI2C1_DriverIRQHandler
                0x0000af30       0x14 build\packages\nxp-mcx-series-latest\MCXA156\drivers\fsl_lpi2c.o
                0x0000af30                LPI2C1_DriverIRQHandler
 .text.LPI2C2_DriverIRQHandler
                0x0000af44       0x14 build\packages\nxp-mcx-series-latest\MCXA156\drivers\fsl_lpi2c.o
                0x0000af44                LPI2C2_DriverIRQHandler
 .text.LPI2C3_DriverIRQHandler
                0x0000af58       0x14 build\packages\nxp-mcx-series-latest\MCXA156\drivers\fsl_lpi2c.o
                0x0000af58                LPI2C3_DriverIRQHandler
 .text.LPSPI_IsMaster
                0x0000af6c       0x26 build\packages\nxp-mcx-series-latest\MCXA156\drivers\fsl_lpspi.o
 *fill*         0x0000af92        0x2 
 .text.LPSPI_CommonIRQHandler
                0x0000af94       0x3c build\packages\nxp-mcx-series-latest\MCXA156\drivers\fsl_lpspi.o
 .text.LPSPI0_DriverIRQHandler
                0x0000afd0       0x40 build\packages\nxp-mcx-series-latest\MCXA156\drivers\fsl_lpspi.o
                0x0000afd0                LPSPI0_DriverIRQHandler
 .text.LPSPI1_DriverIRQHandler
                0x0000b010       0x40 build\packages\nxp-mcx-series-latest\MCXA156\drivers\fsl_lpspi.o
                0x0000b010                LPSPI1_DriverIRQHandler
 .text.CLOCK_EnableClock
                0x0000b050       0xb0 build\packages\nxp-mcx-series-latest\MCXA156\drivers\fsl_lpuart.o
 .text.RESET_ReleasePeripheralReset
                0x0000b100       0x1a build\packages\nxp-mcx-series-latest\MCXA156\drivers\fsl_lpuart.o
 .text.DisableGlobalIRQ
                0x0000b11a       0x22 build\packages\nxp-mcx-series-latest\MCXA156\drivers\fsl_lpuart.o
 .text.EnableGlobalIRQ
                0x0000b13c       0x20 build\packages\nxp-mcx-series-latest\MCXA156\drivers\fsl_lpuart.o
 .text.LPUART_SoftwareReset
                0x0000b15c       0x2c build\packages\nxp-mcx-series-latest\MCXA156\drivers\fsl_lpuart.o
 .text.LPUART_GetInstance
                0x0000b188       0x58 build\packages\nxp-mcx-series-latest\MCXA156\drivers\fsl_lpuart.o
                0x0000b188                LPUART_GetInstance
 .text.LPUART_Init
                0x0000b1e0      0x34c build\packages\nxp-mcx-series-latest\MCXA156\drivers\fsl_lpuart.o
                0x0000b1e0                LPUART_Init
 .text.LPUART_GetDefaultConfig
                0x0000b52c       0x98 build\packages\nxp-mcx-series-latest\MCXA156\drivers\fsl_lpuart.o
                0x0000b52c                LPUART_GetDefaultConfig
 .text.LPUART_EnableInterrupts
                0x0000b5c4       0xa8 build\packages\nxp-mcx-series-latest\MCXA156\drivers\fsl_lpuart.o
                0x0000b5c4                LPUART_EnableInterrupts
 .text.LPUART_DisableInterrupts
                0x0000b66c       0xac build\packages\nxp-mcx-series-latest\MCXA156\drivers\fsl_lpuart.o
                0x0000b66c                LPUART_DisableInterrupts
 .text.LPUART_GetStatusFlags
                0x0000b718       0x38 build\packages\nxp-mcx-series-latest\MCXA156\drivers\fsl_lpuart.o
                0x0000b718                LPUART_GetStatusFlags
 .text.LPUART0_DriverIRQHandler
                0x0000b750       0x24 build\packages\nxp-mcx-series-latest\MCXA156\drivers\fsl_lpuart.o
                0x0000b750                LPUART0_DriverIRQHandler
 .text.LPUART1_DriverIRQHandler
                0x0000b774       0x24 build\packages\nxp-mcx-series-latest\MCXA156\drivers\fsl_lpuart.o
                0x0000b774                LPUART1_DriverIRQHandler
 .text.LPUART2_DriverIRQHandler
                0x0000b798       0x24 build\packages\nxp-mcx-series-latest\MCXA156\drivers\fsl_lpuart.o
                0x0000b798                LPUART2_DriverIRQHandler
 .text.LPUART3_DriverIRQHandler
                0x0000b7bc       0x24 build\packages\nxp-mcx-series-latest\MCXA156\drivers\fsl_lpuart.o
                0x0000b7bc                LPUART3_DriverIRQHandler
 .text.LPUART4_DriverIRQHandler
                0x0000b7e0       0x24 build\packages\nxp-mcx-series-latest\MCXA156\drivers\fsl_lpuart.o
                0x0000b7e0                LPUART4_DriverIRQHandler
 .text.OS_EVENT_DriverIRQHandler
                0x0000b804       0x24 build\packages\nxp-mcx-series-latest\MCXA156\drivers\fsl_ostimer.o
                0x0000b804                OS_EVENT_DriverIRQHandler
 .text.RESET_SetPeripheralReset
                0x0000b828       0xc8 build\packages\nxp-mcx-series-latest\MCXA156\drivers\fsl_reset.o
                0x0000b828                RESET_SetPeripheralReset
 .text.RESET_ClearPeripheralReset
                0x0000b8f0       0xa8 build\packages\nxp-mcx-series-latest\MCXA156\drivers\fsl_reset.o
                0x0000b8f0                RESET_ClearPeripheralReset
 .text.RESET_PeripheralReset
                0x0000b998       0x22 build\packages\nxp-mcx-series-latest\MCXA156\drivers\fsl_reset.o
                0x0000b998                RESET_PeripheralReset
 .text.SPC_GetActiveModeBandgapMode
                0x0000b9ba       0x22 build\packages\nxp-mcx-series-latest\MCXA156\drivers\fsl_spc.o
 .text.SPC_GetActiveModeVoltageDetectStatus
                0x0000b9dc       0x22 build\packages\nxp-mcx-series-latest\MCXA156\drivers\fsl_spc.o
 .text.SPC_GetActiveModeCoreLDOVDDVoltageLevel
                0x0000b9fe       0x22 build\packages\nxp-mcx-series-latest\MCXA156\drivers\fsl_spc.o
 .text.SPC_GetActiveModeCoreLDODriveStrength
                0x0000ba20       0x22 build\packages\nxp-mcx-series-latest\MCXA156\drivers\fsl_spc.o
 *fill*         0x0000ba42        0x2 
 .text.SPC_SetSRAMOperateVoltage
                0x0000ba44       0x74 build\packages\nxp-mcx-series-latest\MCXA156\drivers\fsl_spc.o
                0x0000ba44                SPC_SetSRAMOperateVoltage
 .text.SPC_SetActiveModeBandgapModeConfig
                0x0000bab8       0x6a build\packages\nxp-mcx-series-latest\MCXA156\drivers\fsl_spc.o
                0x0000bab8                SPC_SetActiveModeBandgapModeConfig
 *fill*         0x0000bb22        0x2 
 .text.SPC_SetActiveModeCoreLDORegulatorConfig
                0x0000bb24       0xa4 build\packages\nxp-mcx-series-latest\MCXA156\drivers\fsl_spc.o
                0x0000bb24                SPC_SetActiveModeCoreLDORegulatorConfig
 .text.SPC_SetActiveModeCoreLDORegulatorVoltageLevel
                0x0000bbc8       0x60 build\packages\nxp-mcx-series-latest\MCXA156\drivers\fsl_spc.o
                0x0000bbc8                SPC_SetActiveModeCoreLDORegulatorVoltageLevel
 .text.SPC_SetActiveModeCoreLDORegulatorDriveStrength
                0x0000bc28       0x5e build\packages\nxp-mcx-series-latest\MCXA156\drivers\fsl_spc.o
                0x0000bc28                SPC_SetActiveModeCoreLDORegulatorDriveStrength
 *fill*         0x0000bc86        0x2 
 .text.UTICK0_DriverIRQHandler
                0x0000bc88       0x24 build\packages\nxp-mcx-series-latest\MCXA156\drivers\fsl_utick.o
                0x0000bc88                UTICK0_DriverIRQHandler
 .text.WAKETIMER_ClearStatusFlags
                0x0000bcac       0x2c build\packages\nxp-mcx-series-latest\MCXA156\drivers\fsl_waketimer.o
                0x0000bcac                WAKETIMER_ClearStatusFlags
 .text.WAKETIMER_GenericIRQHandler
                0x0000bcd8       0x24 build\packages\nxp-mcx-series-latest\MCXA156\drivers\fsl_waketimer.o
 .text.WAKETIMER0_DriverIRQHandler
                0x0000bcfc       0x1c build\packages\nxp-mcx-series-latest\MCXA156\drivers\fsl_waketimer.o
                0x0000bcfc                WAKETIMER0_DriverIRQHandler
 .text.SystemInit
                0x0000bd18      0x170 build\packages\nxp-mcx-series-latest\MCXA156\system_MCXA156.o
                0x0000bd18                SystemInit
 .text.SystemInitHook
                0x0000be88        0xe build\packages\nxp-mcx-series-latest\MCXA156\system_MCXA156.o
                0x0000be88                SystemInitHook
 .text.rt_device_register
                0x0000be96       0x54 build\kernel\components\drivers\core\device.o
                0x0000be96                rt_device_register
 .text.rt_device_find
                0x0000beea       0x1a build\kernel\components\drivers\core\device.o
                0x0000beea                rt_device_find
 .text.rt_device_open
                0x0000bf04      0x154 build\kernel\components\drivers\core\device.o
                0x0000bf04                rt_device_open
 .text.rt_device_close
                0x0000c058       0x9c build\kernel\components\drivers\core\device.o
                0x0000c058                rt_device_close
 .text.rt_device_read
                0x0000c0f4       0x88 build\kernel\components\drivers\core\device.o
                0x0000c0f4                rt_device_read
 .text.rt_device_write
                0x0000c17c       0x88 build\kernel\components\drivers\core\device.o
                0x0000c17c                rt_device_write
 .text.rt_device_set_rx_indicate
                0x0000c204       0x54 build\kernel\components\drivers\core\device.o
                0x0000c204                rt_device_set_rx_indicate
 .text.rt_completion_done
                0x0000c258       0x1a build\kernel\components\drivers\ipc\completion_comm.o
                0x0000c258                rt_completion_done
 .text.rt_completion_wait
                0x0000c272       0x1e build\kernel\components\drivers\ipc\completion_comm.o
                0x0000c272                rt_completion_wait
 .text.rt_completion_init
                0x0000c290       0x30 build\kernel\components\drivers\ipc\completion_up.o
                0x0000c290                rt_completion_init
 .text.rt_completion_wait_flags
                0x0000c2c0      0x1a0 build\kernel\components\drivers\ipc\completion_up.o
                0x0000c2c0                rt_completion_wait_flags
 .text.rt_completion_wakeup_by_errno
                0x0000c460       0x98 build\kernel\components\drivers\ipc\completion_up.o
                0x0000c460                rt_completion_wakeup_by_errno
 .text.rt_list_init
                0x0000c4f8       0x22 build\kernel\components\drivers\ipc\dataqueue.o
 *fill*         0x0000c51a        0x2 
 .text.rt_data_queue_init
                0x0000c51c       0xc8 build\kernel\components\drivers\ipc\dataqueue.o
                0x0000c51c                rt_data_queue_init
 .text.rt_data_queue_push
                0x0000c5e4      0x23c build\kernel\components\drivers\ipc\dataqueue.o
                0x0000c5e4                rt_data_queue_push
 .text.rt_data_queue_pop
                0x0000c820      0x298 build\kernel\components\drivers\ipc\dataqueue.o
                0x0000c820                rt_data_queue_pop
 .text.rt_data_queue_peek
                0x0000cab8       0xac build\kernel\components\drivers\ipc\dataqueue.o
                0x0000cab8                rt_data_queue_peek
 .text.rt_data_queue_reset
                0x0000cb64       0xb8 build\kernel\components\drivers\ipc\dataqueue.o
                0x0000cb64                rt_data_queue_reset
 .text.rt_data_queue_deinit
                0x0000cc1c       0x78 build\kernel\components\drivers\ipc\dataqueue.o
                0x0000cc1c                rt_data_queue_deinit
 .text.rt_data_queue_len
                0x0000cc94       0xcc build\kernel\components\drivers\ipc\dataqueue.o
                0x0000cc94                rt_data_queue_len
 .text.rt_adc_read
                0x0000cd60       0x4c build\kernel\components\drivers\misc\adc.o
                0x0000cd60                rt_adc_read
 .text.rt_adc_enable
                0x0000cdac       0x54 build\kernel\components\drivers\misc\adc.o
                0x0000cdac                rt_adc_enable
 .text.rt_adc_disable
                0x0000ce00       0x54 build\kernel\components\drivers\misc\adc.o
                0x0000ce00                rt_adc_disable
 .text.rt_adc_voltage
                0x0000ce54       0xc8 build\kernel\components\drivers\misc\adc.o
                0x0000ce54                rt_adc_voltage
 .text.adc      0x0000cf1c      0x304 build\kernel\components\drivers\misc\adc.o
 .text._pin_read
                0x0000d220       0x60 build\kernel\components\drivers\pin\dev_pin.o
 .text._pin_write
                0x0000d280       0x5c build\kernel\components\drivers\pin\dev_pin.o
 .text._pin_control
                0x0000d2dc       0x54 build\kernel\components\drivers\pin\dev_pin.o
 .text.rt_device_pin_register
                0x0000d330       0x74 build\kernel\components\drivers\pin\dev_pin.o
                0x0000d330                rt_device_pin_register
 .text.rt_pin_mode
                0x0000d3a4       0x40 build\kernel\components\drivers\pin\dev_pin.o
                0x0000d3a4                rt_pin_mode
 .text.rt_pin_write
                0x0000d3e4       0x40 build\kernel\components\drivers\pin\dev_pin.o
                0x0000d3e4                rt_pin_write
 .text.rt_pin_read
                0x0000d424       0x3c build\kernel\components\drivers\pin\dev_pin.o
                0x0000d424                rt_pin_read
 .text.rt_pin_get
                0x0000d460       0x4c build\kernel\components\drivers\pin\dev_pin.o
                0x0000d460                rt_pin_get
 .text._pin_cmd_conv
                0x0000d4ac       0x18 build\kernel\components\drivers\pin\dev_pin.o
 .text._pin_cmd_print_usage
                0x0000d4c4       0x78 build\kernel\components\drivers\pin\dev_pin.o
 .text._pin_cmd_get
                0x0000d53c       0x5c build\kernel\components\drivers\pin\dev_pin.o
 .text._pin_cmd_mode
                0x0000d598      0x110 build\kernel\components\drivers\pin\dev_pin.o
 .text._pin_cmd_read
                0x0000d6a8       0x94 build\kernel\components\drivers\pin\dev_pin.o
 .text._pin_cmd_write
                0x0000d73c       0xe4 build\kernel\components\drivers\pin\dev_pin.o
 .text._pin_cmd
                0x0000d820       0xac build\kernel\components\drivers\pin\dev_pin.o
 .text._serial_poll_rx
                0x0000d8cc       0x80 build\kernel\components\drivers\serial\dev_serial.o
 .text._serial_poll_tx
                0x0000d94c       0x88 build\kernel\components\drivers\serial\dev_serial.o
 .text._serial_int_rx
                0x0000d9d4       0xec build\kernel\components\drivers\serial\dev_serial.o
 .text._serial_int_tx
                0x0000dac0       0xc4 build\kernel\components\drivers\serial\dev_serial.o
 .text._serial_check_buffer_size
                0x0000db84       0x20 build\kernel\components\drivers\serial\dev_serial.o
 .text._serial_fifo_calc_recved_len
                0x0000dba4       0x88 build\kernel\components\drivers\serial\dev_serial.o
 .text.rt_dma_calc_recved_len
                0x0000dc2c       0x18 build\kernel\components\drivers\serial\dev_serial.o
 .text.rt_dma_recv_update_get_index
                0x0000dc44       0xa8 build\kernel\components\drivers\serial\dev_serial.o
 .text.rt_dma_recv_update_put_index
                0x0000dcec       0xf8 build\kernel\components\drivers\serial\dev_serial.o
 .text._serial_dma_rx
                0x0000dde4      0x1ac build\kernel\components\drivers\serial\dev_serial.o
 .text._serial_dma_tx
                0x0000df90       0x82 build\kernel\components\drivers\serial\dev_serial.o
 *fill*         0x0000e012        0x2 
 .text.rt_serial_init
                0x0000e014       0x6c build\kernel\components\drivers\serial\dev_serial.o
 .text.rt_serial_open
                0x0000e080      0x370 build\kernel\components\drivers\serial\dev_serial.o
 .text.rt_serial_close
                0x0000e3f0      0x1e0 build\kernel\components\drivers\serial\dev_serial.o
 .text.rt_serial_read
                0x0000e5d0       0x84 build\kernel\components\drivers\serial\dev_serial.o
 .text.rt_serial_write
                0x0000e654       0x84 build\kernel\components\drivers\serial\dev_serial.o
 .text.rt_serial_control
                0x0000e6d8      0x120 build\kernel\components\drivers\serial\dev_serial.o
 .text.rt_hw_serial_register
                0x0000e7f8       0xa4 build\kernel\components\drivers\serial\dev_serial.o
                0x0000e7f8                rt_hw_serial_register
 .text.rt_hw_serial_isr
                0x0000e89c      0x268 build\kernel\components\drivers\serial\dev_serial.o
                0x0000e89c                rt_hw_serial_isr
 .text.rt_list_isempty
                0x0000eb04       0x24 build\kernel\components\finsh\cmd.o
 .text.rt_list_len
                0x0000eb28       0x36 build\kernel\components\finsh\cmd.o
 *fill*         0x0000eb5e        0x2 
 .text.clear    0x0000eb60       0x14 build\kernel\components\finsh\cmd.o
 .text.version  0x0000eb74        0xe build\kernel\components\finsh\cmd.o
 *fill*         0x0000eb82        0x2 
 .text.object_split
                0x0000eb84       0x28 build\kernel\components\finsh\cmd.o
 .text.list_find_init
                0x0000ebac       0x46 build\kernel\components\finsh\cmd.o
 .text.list_get_next
                0x0000ebf2       0xd8 build\kernel\components\finsh\cmd.o
 *fill*         0x0000ecca        0x2 
 .text.list_thread
                0x0000eccc      0x20c build\kernel\components\finsh\cmd.o
                0x0000eccc                list_thread
 .text.list_sem
                0x0000eed8      0x13c build\kernel\components\finsh\cmd.o
                0x0000eed8                list_sem
 .text.list_event
                0x0000f014      0x12c build\kernel\components\finsh\cmd.o
                0x0000f014                list_event
 .text.list_mutex
                0x0000f140      0x190 build\kernel\components\finsh\cmd.o
                0x0000f140                list_mutex
 .text.list_mailbox
                0x0000f2d0      0x14c build\kernel\components\finsh\cmd.o
                0x0000f2d0                list_mailbox
 .text.list_msgqueue
                0x0000f41c      0x13c build\kernel\components\finsh\cmd.o
                0x0000f41c                list_msgqueue
 .text.list_mempool
                0x0000f558      0x154 build\kernel\components\finsh\cmd.o
                0x0000f558                list_mempool
 .text.list_timer
                0x0000f6ac      0x13c build\kernel\components\finsh\cmd.o
                0x0000f6ac                list_timer
 .text.list_device
                0x0000f7e8      0x114 build\kernel\components\finsh\cmd.o
                0x0000f7e8                list_device
 .text.cmd_list
                0x0000f8fc       0xb8 build\kernel\components\finsh\cmd.o
 .text.msh_help
                0x0000f9b4       0x5c build\kernel\components\finsh\msh.o
 .text.cmd_ps   0x0000fa10       0x18 build\kernel\components\finsh\msh.o
 .text.cmd_free
                0x0000fa28       0x70 build\kernel\components\finsh\msh.o
 .text.msh_split
                0x0000fa98      0x170 build\kernel\components\finsh\msh.o
 .text.msh_get_cmd
                0x0000fc08       0x64 build\kernel\components\finsh\msh.o
 .text._msh_exec_cmd
                0x0000fc6c       0xd4 build\kernel\components\finsh\msh.o
 .text.msh_exec
                0x0000fd40       0xa4 build\kernel\components\finsh\msh.o
                0x0000fd40                msh_exec
 .text.str_common
                0x0000fde4       0x4a build\kernel\components\finsh\msh.o
 *fill*         0x0000fe2e        0x2 
 .text.msh_auto_complete
                0x0000fe30       0xb0 build\kernel\components\finsh\msh.o
                0x0000fe30                msh_auto_complete
 .text.msh_get_cmd_opt
                0x0000fee0       0x84 build\kernel\components\finsh\msh.o
 .text.msh_get_argc
                0x0000ff64       0x5a build\kernel\components\finsh\msh.o
 *fill*         0x0000ffbe        0x2 
 .text.msh_opt_complete
                0x0000ffc0       0xac build\kernel\components\finsh\msh.o
 .text.msh_opt_help
                0x0001006c       0x44 build\kernel\components\finsh\msh.o
 .text.msh_opt_auto_complete
                0x000100b0       0x9a build\kernel\components\finsh\msh.o
                0x000100b0                msh_opt_auto_complete
 .text.msh_cmd_opt_id_get
                0x0001014a       0x5a build\kernel\components\finsh\msh.o
                0x0001014a                msh_cmd_opt_id_get
 .text.msh_opt_list_dump
                0x000101a4       0x40 build\kernel\components\finsh\msh.o
                0x000101a4                msh_opt_list_dump
 .text.msh_isint
                0x000101e4       0x6c build\kernel\components\finsh\msh_parse.o
                0x000101e4                msh_isint
 .text.finsh_get_prompt
                0x00010250       0x88 build\kernel\components\finsh\shell.o
                0x00010250                finsh_get_prompt
 .text.finsh_set_prompt_mode
                0x000102d8       0x48 build\kernel\components\finsh\shell.o
                0x000102d8                finsh_set_prompt_mode
 .text.finsh_getchar
                0x00010320       0x90 build\kernel\components\finsh\shell.o
                0x00010320                finsh_getchar
 .text.finsh_rx_ind
                0x000103b0       0x3c build\kernel\components\finsh\shell.o
 .text.finsh_set_device
                0x000103ec       0xd8 build\kernel\components\finsh\shell.o
                0x000103ec                finsh_set_device
 .text.shell_auto_complete
                0x000104c4       0x3c build\kernel\components\finsh\shell.o
 .text.shell_handle_history
                0x00010500       0x34 build\kernel\components\finsh\shell.o
 .text.shell_push_history
                0x00010534      0x15e build\kernel\components\finsh\shell.o
 *fill*         0x00010692        0x2 
 .text.finsh_thread_entry
                0x00010694      0x61c build\kernel\components\finsh\shell.o
 .text.finsh_system_function_init
                0x00010cb0       0x2c build\kernel\components\finsh\shell.o
 .text.finsh_system_init
                0x00010cdc       0x9c build\kernel\components\finsh\shell.o
                0x00010cdc                finsh_system_init
 .text.rt_tick_get
                0x00010d78       0x14 build\kernel\src\clock.o
                0x00010d78                rt_tick_get
 .text.rt_tick_increase
                0x00010d8c       0x4c build\kernel\src\clock.o
                0x00010d8c                rt_tick_increase
 .text.rt_tick_from_millisecond
                0x00010dd8       0x28 build\kernel\src\clock.o
                0x00010dd8                rt_tick_from_millisecond
 .text.rti_start
                0x00010e00       0x10 build\kernel\src\components.o
 .text.rti_board_start
                0x00010e10       0x10 build\kernel\src\components.o
 .text.rti_board_end
                0x00010e20       0x10 build\kernel\src\components.o
 .text.rti_end  0x00010e30       0x10 build\kernel\src\components.o
 .text.rt_components_board_init
                0x00010e40       0x34 build\kernel\src\components.o
                0x00010e40                rt_components_board_init
 .text.rt_components_init
                0x00010e74       0x34 build\kernel\src\components.o
                0x00010e74                rt_components_init
 .text.entry    0x00010ea8        0xe build\kernel\src\components.o
                0x00010ea8                entry
 .text.main_thread_entry
                0x00010eb6       0x18 build\kernel\src\components.o
 *fill*         0x00010ece        0x2 
 .text.rt_application_init
                0x00010ed0       0x4c build\kernel\src\components.o
                0x00010ed0                rt_application_init
 .text.rtthread_startup
                0x00010f1c       0x32 build\kernel\src\components.o
                0x00010f1c                rtthread_startup
 .text.rt_spin_lock_init
                0x00010f4e       0x14 build\kernel\src\cpu_up.o
                0x00010f4e                rt_spin_lock_init
 .text.rt_spin_lock
                0x00010f62       0x14 build\kernel\src\cpu_up.o
                0x00010f62                rt_spin_lock
 .text.rt_spin_unlock
                0x00010f76       0x1a build\kernel\src\cpu_up.o
                0x00010f76                rt_spin_unlock
 .text.rt_spin_lock_irqsave
                0x00010f90       0x1c build\kernel\src\cpu_up.o
                0x00010f90                rt_spin_lock_irqsave
 .text.rt_spin_unlock_irqrestore
                0x00010fac       0x22 build\kernel\src\cpu_up.o
                0x00010fac                rt_spin_unlock_irqrestore
 *fill*         0x00010fce        0x2 
 .text.rt_cpu_self
                0x00010fd0       0x14 build\kernel\src\cpu_up.o
                0x00010fd0                rt_cpu_self
 .text.rt_cpu_index
                0x00010fe4       0x24 build\kernel\src\cpu_up.o
                0x00010fe4                rt_cpu_index
 .text.rt_list_insert_after
                0x00011008       0x32 build\kernel\src\defunct.o
 .text.rt_list_remove
                0x0001103a       0x36 build\kernel\src\defunct.o
 .text.rt_list_isempty
                0x00011070       0x24 build\kernel\src\defunct.o
 .text.rt_thread_defunct_enqueue
                0x00011094       0x34 build\kernel\src\defunct.o
                0x00011094                rt_thread_defunct_enqueue
 .text.rt_thread_defunct_dequeue
                0x000110c8       0x50 build\kernel\src\defunct.o
                0x000110c8                rt_thread_defunct_dequeue
 .text.rt_defunct_execute
                0x00011118       0x5a build\kernel\src\defunct.o
                0x00011118                rt_defunct_execute
 *fill*         0x00011172        0x2 
 .text.rt_thread_defunct_init
                0x00011174       0x14 build\kernel\src\defunct.o
                0x00011174                rt_thread_defunct_init
 .text.idle_thread_entry
                0x00011188       0x38 build\kernel\src\idle.o
 .text.rt_thread_idle_init
                0x000111c0       0xa0 build\kernel\src\idle.o
                0x000111c0                rt_thread_idle_init
 .text.rt_list_init
                0x00011260       0x22 build\kernel\src\ipc.o
 .text.rt_list_insert_after
                0x00011282       0x32 build\kernel\src\ipc.o
 .text.rt_list_insert_before
                0x000112b4       0x32 build\kernel\src\ipc.o
 .text.rt_list_remove
                0x000112e6       0x36 build\kernel\src\ipc.o
 .text.rt_list_isempty
                0x0001131c       0x24 build\kernel\src\ipc.o
 .text._ipc_object_init
                0x00011340       0x1c build\kernel\src\ipc.o
 .text.rt_susp_list_dequeue
                0x0001135c       0x78 build\kernel\src\ipc.o
                0x0001135c                rt_susp_list_dequeue
 .text.rt_susp_list_resume_all
                0x000113d4       0x30 build\kernel\src\ipc.o
                0x000113d4                rt_susp_list_resume_all
 .text.rt_susp_list_resume_all_irq
                0x00011404       0x36 build\kernel\src\ipc.o
                0x00011404                rt_susp_list_resume_all_irq
 *fill*         0x0001143a        0x2 
 .text.rt_susp_list_enqueue
                0x0001143c       0xa8 build\kernel\src\ipc.o
                0x0001143c                rt_susp_list_enqueue
 .text.rt_susp_list_print
                0x000114e4       0x64 build\kernel\src\ipc.o
                0x000114e4                rt_susp_list_print
 .text._sem_object_init
                0x00011548       0x46 build\kernel\src\ipc.o
 *fill*         0x0001158e        0x2 
 .text.rt_sem_init
                0x00011590       0x84 build\kernel\src\ipc.o
                0x00011590                rt_sem_init
 .text._rt_sem_take
                0x00011614      0x1ac build\kernel\src\ipc.o
 .text.rt_sem_take
                0x000117c0       0x1e build\kernel\src\ipc.o
                0x000117c0                rt_sem_take
 *fill*         0x000117de        0x2 
 .text.rt_sem_release
                0x000117e0       0xd4 build\kernel\src\ipc.o
                0x000117e0                rt_sem_release
 .text.rt_sem_control
                0x000118b4      0x10c build\kernel\src\ipc.o
                0x000118b4                rt_sem_control
 .text._mutex_update_priority
                0x000119c0       0x42 build\kernel\src\ipc.o
 .text._thread_get_mutex_priority
                0x00011a02       0x62 build\kernel\src\ipc.o
 .text._thread_update_priority
                0x00011a64       0xd0 build\kernel\src\ipc.o
 .text._check_and_update_prio
                0x00011b34       0x4e build\kernel\src\ipc.o
 *fill*         0x00011b82        0x2 
 .text.rt_mutex_init
                0x00011b84       0x78 build\kernel\src\ipc.o
                0x00011b84                rt_mutex_init
 .text.rt_mutex_drop_thread