<html>
<body>
<pre>
<h1>µVision Build Log</h1>
<h2>Tool Versions:</h2>
IDE-Version: ¦ÌVision V5.40.0.0
Copyright (C) 2024 ARM Ltd and ARM Germany GmbH. All rights reserved.
License Information: 1 2206703361@qq.com, 1, LIC=03C6R-KDLR5-CXTU6-D767Z-22WWV-18L1P
 
Tool Versions:
Toolchain:       MDK-ARM Plus  Version: 5.40.0.3
Toolchain Path:  D:\Keil\ARM\ARMCLANG\Bin
C Compiler:      ArmClang.exe V6.22
Assembler:       Armasm.exe V6.22
Linker/Locator:  ArmLink.exe V6.22
Library Manager: ArmAr.exe V6.22
Hex Converter:   FromElf.exe V6.22
CPU DLL:         
Dialog DLL:      
Target DLL:      CMSIS_AGDI_V8M.DLL V1.8.2.0
Dialog DLL:      TCM.DLL V1.56.4.0
 
<h2>Project:</h2>
C:\Users\22067\Desktop\rt-thread\bsp\nxp\mcx\mcxa\frdm-mcxa156\project.uvprojx
Project File Date:  11/28/2025

<h2>Output:</h2>
*** Using Compiler 'V6.22', folder: 'D:\Keil\ARM\ARMCLANG\Bin'
Build target 'rtthread-frdm-mcxa156'
compiling drv_adc.c...
linking...
Program Size: Code=92964 RO-data=19928 RW-data=2816 ZI-data=7988  
".\build\rtthread.axf" - 0 Error(s), 0 Warning(s).

<h2>Software Packages used:</h2>

Package Vendor: NXP
                https://mcuxpresso.nxp.com/cmsis_pack/repo/NXP.MCXA156_DFP.25.06.00.pack
                NXP::MCXA156_DFP@25.06.00
                Device Family Pack for MCXA156

<h2>Collection of Component include folders:</h2>
  D:/Keil/Packs/NXP/MCXA156_DFP/25.06.00/devices/MCXA156

<h2>Collection of Component Files used:</h2>
Build Time Elapsed:  00:00:02
</pre>
</body>
</html>
