<!doctype html public "-//w3c//dtd html 4.0 transitional//en">
<html><head>
<title>Static Call Graph - [.\build\rtthread.axf]</title></head>
<body><HR>
<H1>Static Call Graph for image .\build\rtthread.axf</H1><HR>
<BR><P>#&#060CALLGRAPH&#062# ARM Linker, 6220000: Last Updated: Fri Nov 28 16:34:36 2025
<BR><P>
<H3>Maximum Stack Usage =       1808 bytes + Unknown(Functions without stacksize, Cycles, Untraceable Function Pointers)</H3><H3>
Call chain for Maximum Stack Depth:</H3>
a153_adc_enabled &rArr; LPADC_Init &rArr; RESET_ReleasePeripheralReset &rArr; RESET_SetPeripheralReset &rArr; __aeabi_assert &rArr; abort &rArr; __rt_SIGABRT &rArr; __sig_exit &rArr; _sys_exit &rArr; __rt_libc_exit &rArr; rt_thread_control &rArr; rt_thread_delete &rArr; _thread_detach &rArr; _thread_detach_from_mutex &rArr; rt_mutex_drop_thread &rArr; rt_kprintf &rArr; _kputs &rArr; rt_device_write &rArr; rt_object_get_type &rArr; rt_assert_handler &rArr;  rt_kprintf (Cycle)
<P>
<H3>
Functions with no stack information
</H3><UL>
 <LI><a href="#[2]">Reset_Handler</a>
 <LI><a href="#[a6]">ADC0_DriverIRQHandler</a>
 <LI><a href="#[a7]">ADC1_DriverIRQHandler</a>
 <LI><a href="#[6]">BusFault_Handler</a>
 <LI><a href="#[7b]">CAN0_DriverIRQHandler</a>
 <LI><a href="#[8e]">CDOG0_DriverIRQHandler</a>
 <LI><a href="#[69]">CMC_DriverIRQHandler</a>
 <LI><a href="#[a8]">CMP0_DriverIRQHandler</a>
 <LI><a href="#[a9]">CMP1_DriverIRQHandler</a>
 <LI><a href="#[ab]">DAC0_DriverIRQHandler</a>
 <LI><a href="#[a]">DebugMon_Handler</a>
 <LI><a href="#[1]">DefaultISR</a>
 <LI><a href="#[73]">ERM0_MULTI_BIT_DriverIRQHandler</a>
 <LI><a href="#[72]">ERM0_SINGLE_BIT_DriverIRQHandler</a>
 <LI><a href="#[7f]">FLEXIO_DriverIRQHandler</a>
 <LI><a href="#[95]">FLEXPWM0_FAULT_DriverIRQHandler</a>
 <LI><a href="#[94]">FLEXPWM0_RELOAD_ERROR_DriverIRQHandler</a>
 <LI><a href="#[96]">FLEXPWM0_SUBMODULE0_DriverIRQHandler</a>
 <LI><a href="#[97]">FLEXPWM0_SUBMODULE1_DriverIRQHandler</a>
 <LI><a href="#[98]">FLEXPWM0_SUBMODULE2_DriverIRQHandler</a>
 <LI><a href="#[b8]">FLEXPWM1_FAULT_DriverIRQHandler</a>
 <LI><a href="#[b7]">FLEXPWM1_RELOAD_ERROR_DriverIRQHandler</a>
 <LI><a href="#[b9]">FLEXPWM1_SUBMODULE0_DriverIRQHandler</a>
 <LI><a href="#[ba]">FLEXPWM1_SUBMODULE1_DriverIRQHandler</a>
 <LI><a href="#[bb]">FLEXPWM1_SUBMODULE2_DriverIRQHandler</a>
 <LI><a href="#[74]">FMU0_DriverIRQHandler</a>
 <LI><a href="#[9e]">FREQME0_DriverIRQHandler</a>
 <LI><a href="#[75]">GLIKEY0_DriverIRQHandler</a>
 <LI><a href="#[af]">GPIO0_DriverIRQHandler</a>
 <LI><a href="#[b0]">GPIO1_DriverIRQHandler</a>
 <LI><a href="#[b1]">GPIO2_DriverIRQHandler</a>
 <LI><a href="#[b2]">GPIO3_DriverIRQHandler</a>
 <LI><a href="#[b3]">GPIO4_DriverIRQHandler</a>
 <LI><a href="#[9f]">LPTMR0_DriverIRQHandler</a>
 <LI><a href="#[76]">MBC0_DriverIRQHandler</a>
 <LI><a href="#[9a]">QDC0_COMPARE_DriverIRQHandler</a>
 <LI><a href="#[9b]">QDC0_HOME_DriverIRQHandler</a>
 <LI><a href="#[9d]">QDC0_INDEX_DriverIRQHandler</a>
 <LI><a href="#[9c]">QDC0_WATCHDOG_DriverIRQHandler</a>
 <LI><a href="#[bd]">QDC1_COMPARE_DriverIRQHandler</a>
 <LI><a href="#[be]">QDC1_HOME_DriverIRQHandler</a>
 <LI><a href="#[c0]">QDC1_INDEX_DriverIRQHandler</a>
 <LI><a href="#[bf]">QDC1_WATCHDOG_DriverIRQHandler</a>
 <LI><a href="#[bc]">Reserved100_DriverIRQHandler</a>
 <LI><a href="#[68]">Reserved16_DriverIRQHandler</a>
 <LI><a href="#[7c]">Reserved36_DriverIRQHandler</a>
 <LI><a href="#[7d]">Reserved37_DriverIRQHandler</a>
 <LI><a href="#[7e]">Reserved38_DriverIRQHandler</a>
 <LI><a href="#[81]">Reserved41_DriverIRQHandler</a>
 <LI><a href="#[86]">Reserved46_DriverIRQHandler</a>
 <LI><a href="#[8d]">Reserved53_DriverIRQHandler</a>
 <LI><a href="#[99]">Reserved65_DriverIRQHandler</a>
 <LI><a href="#[a0]">Reserved72_DriverIRQHandler</a>
 <LI><a href="#[a5]">Reserved77_DriverIRQHandler</a>
 <LI><a href="#[aa]">Reserved82_DriverIRQHandler</a>
 <LI><a href="#[ac]">Reserved84_DriverIRQHandler</a>
 <LI><a href="#[ad]">Reserved85_DriverIRQHandler</a>
 <LI><a href="#[ae]">Reserved86_DriverIRQHandler</a>
 <LI><a href="#[b4]">Reserved92_DriverIRQHandler</a>
 <LI><a href="#[77]">SCG0_DriverIRQHandler</a>
 <LI><a href="#[78]">SPC0_DriverIRQHandler</a>
 <LI><a href="#[8]">SecureFault_Handler</a>
 <LI><a href="#[8c]">USB0_DriverIRQHandler</a>
 <LI><a href="#[7]">UsageFault_Handler</a>
 <LI><a href="#[79]">VBAT0_DriverIRQHandler</a>
 <LI><a href="#[7a]">WUU0_DriverIRQHandler</a>
 <LI><a href="#[a4]">WWDT0_DriverIRQHandler</a>
 <LI><a href="#[3]">NMI_Handler</a>
 <LI><a href="#[d]">Reserved16_IRQHandler</a>
 <LI><a href="#[e]">CMC_IRQHandler</a>
 <LI><a href="#[f]">DMA_CH0_IRQHandler</a>
 <LI><a href="#[10]">DMA_CH1_IRQHandler</a>
 <LI><a href="#[11]">DMA_CH2_IRQHandler</a>
 <LI><a href="#[12]">DMA_CH3_IRQHandler</a>
 <LI><a href="#[13]">DMA_CH4_IRQHandler</a>
 <LI><a href="#[14]">DMA_CH5_IRQHandler</a>
 <LI><a href="#[15]">DMA_CH6_IRQHandler</a>
 <LI><a href="#[16]">DMA_CH7_IRQHandler</a>
 <LI><a href="#[17]">ERM0_SINGLE_BIT_IRQHandler</a>
 <LI><a href="#[18]">ERM0_MULTI_BIT_IRQHandler</a>
 <LI><a href="#[19]">FMU0_IRQHandler</a>
 <LI><a href="#[1a]">GLIKEY0_IRQHandler</a>
 <LI><a href="#[1b]">MBC0_IRQHandler</a>
 <LI><a href="#[1c]">SCG0_IRQHandler</a>
 <LI><a href="#[1d]">SPC0_IRQHandler</a>
 <LI><a href="#[1e]">VBAT0_IRQHandler</a>
 <LI><a href="#[1f]">WUU0_IRQHandler</a>
 <LI><a href="#[20]">CAN0_IRQHandler</a>
 <LI><a href="#[21]">Reserved36_IRQHandler</a>
 <LI><a href="#[22]">Reserved37_IRQHandler</a>
 <LI><a href="#[23]">Reserved38_IRQHandler</a>
 <LI><a href="#[24]">FLEXIO_IRQHandler</a>
 <LI><a href="#[25]">I3C0_IRQHandler</a>
 <LI><a href="#[26]">Reserved41_IRQHandler</a>
 <LI><a href="#[27]">LPI2C0_IRQHandler</a>
 <LI><a href="#[28]">LPI2C1_IRQHandler</a>
 <LI><a href="#[29]">LPSPI0_IRQHandler</a>
 <LI><a href="#[2a]">LPSPI1_IRQHandler</a>
 <LI><a href="#[2b]">Reserved46_IRQHandler</a>
 <LI><a href="#[2d]">LPUART1_IRQHandler</a>
 <LI><a href="#[2e]">LPUART2_IRQHandler</a>
 <LI><a href="#[2f]">LPUART3_IRQHandler</a>
 <LI><a href="#[30]">LPUART4_IRQHandler</a>
 <LI><a href="#[32]">Reserved53_IRQHandler</a>
 <LI><a href="#[33]">CDOG0_IRQHandler</a>
 <LI><a href="#[34]">CTIMER0_IRQHandler</a>
 <LI><a href="#[35]">CTIMER1_IRQHandler</a>
 <LI><a href="#[36]">CTIMER2_IRQHandler</a>
 <LI><a href="#[37]">CTIMER3_IRQHandler</a>
 <LI><a href="#[38]">CTIMER4_IRQHandler</a>
 <LI><a href="#[39]">FLEXPWM0_RELOAD_ERROR_IRQHandler</a>
 <LI><a href="#[3a]">FLEXPWM0_FAULT_IRQHandler</a>
 <LI><a href="#[3b]">FLEXPWM0_SUBMODULE0_IRQHandler</a>
 <LI><a href="#[3c]">FLEXPWM0_SUBMODULE1_IRQHandler</a>
 <LI><a href="#[3d]">FLEXPWM0_SUBMODULE2_IRQHandler</a>
 <LI><a href="#[3e]">Reserved65_IRQHandler</a>
 <LI><a href="#[3f]">QDC0_COMPARE_IRQHandler</a>
 <LI><a href="#[40]">QDC0_HOME_IRQHandler</a>
 <LI><a href="#[41]">QDC0_WATCHDOG_IRQHandler</a>
 <LI><a href="#[42]">QDC0_INDEX_IRQHandler</a>
 <LI><a href="#[43]">FREQME0_IRQHandler</a>
 <LI><a href="#[44]">LPTMR0_IRQHandler</a>
 <LI><a href="#[45]">Reserved72_IRQHandler</a>
 <LI><a href="#[46]">OS_EVENT_IRQHandler</a>
 <LI><a href="#[47]">WAKETIMER0_IRQHandler</a>
 <LI><a href="#[48]">UTICK0_IRQHandler</a>
 <LI><a href="#[49]">WWDT0_IRQHandler</a>
 <LI><a href="#[4a]">Reserved77_IRQHandler</a>
 <LI><a href="#[4b]">ADC0_IRQHandler</a>
 <LI><a href="#[4c]">ADC1_IRQHandler</a>
 <LI><a href="#[4d]">CMP0_IRQHandler</a>
 <LI><a href="#[4e]">CMP1_IRQHandler</a>
 <LI><a href="#[4f]">Reserved82_IRQHandler</a>
 <LI><a href="#[50]">DAC0_IRQHandler</a>
 <LI><a href="#[51]">Reserved84_IRQHandler</a>
 <LI><a href="#[52]">Reserved85_IRQHandler</a>
 <LI><a href="#[53]">Reserved86_IRQHandler</a>
 <LI><a href="#[59]">Reserved92_IRQHandler</a>
 <LI><a href="#[5a]">LPI2C2_IRQHandler</a>
 <LI><a href="#[5b]">LPI2C3_IRQHandler</a>
 <LI><a href="#[5c]">FLEXPWM1_RELOAD_ERROR_IRQHandler</a>
 <LI><a href="#[5d]">FLEXPWM1_FAULT_IRQHandler</a>
 <LI><a href="#[5e]">FLEXPWM1_SUBMODULE0_IRQHandler</a>
 <LI><a href="#[5f]">FLEXPWM1_SUBMODULE1_IRQHandler</a>
 <LI><a href="#[60]">FLEXPWM1_SUBMODULE2_IRQHandler</a>
 <LI><a href="#[61]">Reserved100_IRQHandler</a>
 <LI><a href="#[62]">QDC1_COMPARE_IRQHandler</a>
 <LI><a href="#[63]">QDC1_HOME_IRQHandler</a>
 <LI><a href="#[64]">QDC1_WATCHDOG_IRQHandler</a>
 <LI><a href="#[65]">QDC1_INDEX_IRQHandler</a>
</UL>
</UL>
<P>
<H3>
Mutually Recursive functions
</H3> <LI><a href="#[1b5]">rt_assert_handler</a>&nbsp;&nbsp;&nbsp;&rArr;&nbsp;&nbsp;&nbsp;<a href="#[185]">rt_kprintf</a><BR>
 <LI><a href="#[2ac]">rt_backtrace_frame</a>&nbsp;&nbsp;&nbsp;&rArr;&nbsp;&nbsp;&nbsp;<a href="#[185]">rt_kprintf</a><BR>
 <LI><a href="#[31d]">ulog_voutput</a>&nbsp;&nbsp;&nbsp;&rArr;&nbsp;&nbsp;&nbsp;<a href="#[1b5]">rt_assert_handler</a><BR>
 <LI><a href="#[31b]">ulog_hex_formater</a>&nbsp;&nbsp;&nbsp;&rArr;&nbsp;&nbsp;&nbsp;<a href="#[1b5]">rt_assert_handler</a><BR>
 <LI><a href="#[319]">ulog_tail_formater</a>&nbsp;&nbsp;&nbsp;&rArr;&nbsp;&nbsp;&nbsp;<a href="#[1b5]">rt_assert_handler</a><BR>
 <LI><a href="#[31a]">ulog_strcpy</a>&nbsp;&nbsp;&nbsp;&rArr;&nbsp;&nbsp;&nbsp;<a href="#[1b5]">rt_assert_handler</a><BR>
 <LI><a href="#[318]">ulog_head_formater</a>&nbsp;&nbsp;&nbsp;&rArr;&nbsp;&nbsp;&nbsp;<a href="#[1b5]">rt_assert_handler</a><BR>
 <LI><a href="#[317]">ulog_formater</a>&nbsp;&nbsp;&nbsp;&rArr;&nbsp;&nbsp;&nbsp;<a href="#[1b5]">rt_assert_handler</a><BR>
 <LI><a href="#[2d8]">rt_kputs</a>&nbsp;&nbsp;&nbsp;&rArr;&nbsp;&nbsp;&nbsp;<a href="#[1b9]">_kputs</a><BR>
 <LI><a href="#[2ed]">rt_scheduler_stack_check</a>&nbsp;&nbsp;&nbsp;&rArr;&nbsp;&nbsp;&nbsp;<a href="#[1b5]">rt_assert_handler</a><BR>
 <LI><a href="#[1df]">rt_sched_remove_thread</a>&nbsp;&nbsp;&nbsp;&rArr;&nbsp;&nbsp;&nbsp;<a href="#[1b5]">rt_assert_handler</a><BR>
 <LI><a href="#[1e0]">rt_sched_insert_thread</a>&nbsp;&nbsp;&nbsp;&rArr;&nbsp;&nbsp;&nbsp;<a href="#[1b5]">rt_assert_handler</a><BR>
 <LI><a href="#[1b6]">rt_mutex_release</a>&nbsp;&nbsp;&nbsp;&rArr;&nbsp;&nbsp;&nbsp;<a href="#[1d3]">rt_object_get_type</a><BR>
 <LI><a href="#[2e9]">rt_timer_stop</a>&nbsp;&nbsp;&nbsp;&rArr;&nbsp;&nbsp;&nbsp;<a href="#[1d3]">rt_object_get_type</a><BR>
 <LI><a href="#[1de]">_rt_sched_update_priority</a>&nbsp;&nbsp;&nbsp;&rArr;&nbsp;&nbsp;&nbsp;<a href="#[1b5]">rt_assert_handler</a><BR>
 <LI><a href="#[1d8]">rt_thread_suspend_to_list</a>&nbsp;&nbsp;&nbsp;&rArr;&nbsp;&nbsp;&nbsp;<a href="#[1d3]">rt_object_get_type</a><BR>
 <LI><a href="#[202]">_thread_set_suspend_state</a>&nbsp;&nbsp;&nbsp;&rArr;&nbsp;&nbsp;&nbsp;<a href="#[1b5]">rt_assert_handler</a><BR>
 <LI><a href="#[209]">rt_susp_list_enqueue</a>&nbsp;&nbsp;&nbsp;&rArr;&nbsp;&nbsp;&nbsp;<a href="#[1b5]">rt_assert_handler</a><BR>
 <LI><a href="#[1db]">rt_timer_control</a>&nbsp;&nbsp;&nbsp;&rArr;&nbsp;&nbsp;&nbsp;<a href="#[1d3]">rt_object_get_type</a><BR>
 <LI><a href="#[1d0]">_rt_mutex_take</a>&nbsp;&nbsp;&nbsp;&rArr;&nbsp;&nbsp;&nbsp;<a href="#[1d3]">rt_object_get_type</a><BR>
 <LI><a href="#[1dc]">rt_timer_start</a>&nbsp;&nbsp;&nbsp;&rArr;&nbsp;&nbsp;&nbsp;<a href="#[1d3]">rt_object_get_type</a><BR>
 <LI><a href="#[1d6]">_thread_update_priority</a>&nbsp;&nbsp;&nbsp;&rArr;&nbsp;&nbsp;&nbsp;<a href="#[1d3]">rt_object_get_type</a><BR>
 <LI><a href="#[267]">get_log_buf</a>&nbsp;&nbsp;&nbsp;&rArr;&nbsp;&nbsp;&nbsp;<a href="#[185]">rt_kprintf</a><BR>
</UL>
<P>
<H3>
Function Pointers
</H3><UL>
 <LI><a href="#[a6]">ADC0_DriverIRQHandler</a> from startup_mcxa156.o(.text) referenced from startup_mcxa156.o(.text)
 <LI><a href="#[4b]">ADC0_IRQHandler</a> from startup_mcxa156.o(.text) referenced from startup_mcxa156.o(.isr_vector)
 <LI><a href="#[a7]">ADC1_DriverIRQHandler</a> from startup_mcxa156.o(.text) referenced from startup_mcxa156.o(.text)
 <LI><a href="#[4c]">ADC1_IRQHandler</a> from startup_mcxa156.o(.text) referenced from startup_mcxa156.o(.isr_vector)
 <LI><a href="#[6]">BusFault_Handler</a> from startup_mcxa156.o(.text) referenced from startup_mcxa156.o(.isr_vector)
 <LI><a href="#[7b]">CAN0_DriverIRQHandler</a> from startup_mcxa156.o(.text) referenced from startup_mcxa156.o(.text)
 <LI><a href="#[20]">CAN0_IRQHandler</a> from startup_mcxa156.o(.text) referenced from startup_mcxa156.o(.isr_vector)
 <LI><a href="#[8e]">CDOG0_DriverIRQHandler</a> from startup_mcxa156.o(.text) referenced from startup_mcxa156.o(.text)
 <LI><a href="#[33]">CDOG0_IRQHandler</a> from startup_mcxa156.o(.text) referenced from startup_mcxa156.o(.isr_vector)
 <LI><a href="#[69]">CMC_DriverIRQHandler</a> from startup_mcxa156.o(.text) referenced from startup_mcxa156.o(.text)
 <LI><a href="#[e]">CMC_IRQHandler</a> from startup_mcxa156.o(.text) referenced from startup_mcxa156.o(.isr_vector)
 <LI><a href="#[a8]">CMP0_DriverIRQHandler</a> from startup_mcxa156.o(.text) referenced from startup_mcxa156.o(.text)
 <LI><a href="#[4d]">CMP0_IRQHandler</a> from startup_mcxa156.o(.text) referenced from startup_mcxa156.o(.isr_vector)
 <LI><a href="#[a9]">CMP1_DriverIRQHandler</a> from startup_mcxa156.o(.text) referenced from startup_mcxa156.o(.text)
 <LI><a href="#[4e]">CMP1_IRQHandler</a> from startup_mcxa156.o(.text) referenced from startup_mcxa156.o(.isr_vector)
 <LI><a href="#[8f]">CTIMER0_DriverIRQHandler</a> from fsl_ctimer.o(.text.CTIMER0_DriverIRQHandler) referenced from startup_mcxa156.o(.text)
 <LI><a href="#[34]">CTIMER0_IRQHandler</a> from startup_mcxa156.o(.text) referenced from startup_mcxa156.o(.isr_vector)
 <LI><a href="#[90]">CTIMER1_DriverIRQHandler</a> from fsl_ctimer.o(.text.CTIMER1_DriverIRQHandler) referenced from startup_mcxa156.o(.text)
 <LI><a href="#[35]">CTIMER1_IRQHandler</a> from startup_mcxa156.o(.text) referenced from startup_mcxa156.o(.isr_vector)
 <LI><a href="#[91]">CTIMER2_DriverIRQHandler</a> from fsl_ctimer.o(.text.CTIMER2_DriverIRQHandler) referenced from startup_mcxa156.o(.text)
 <LI><a href="#[36]">CTIMER2_IRQHandler</a> from startup_mcxa156.o(.text) referenced from startup_mcxa156.o(.isr_vector)
 <LI><a href="#[92]">CTIMER3_DriverIRQHandler</a> from fsl_ctimer.o(.text.CTIMER3_DriverIRQHandler) referenced from startup_mcxa156.o(.text)
 <LI><a href="#[37]">CTIMER3_IRQHandler</a> from startup_mcxa156.o(.text) referenced from startup_mcxa156.o(.isr_vector)
 <LI><a href="#[93]">CTIMER4_DriverIRQHandler</a> from fsl_ctimer.o(.text.CTIMER4_DriverIRQHandler) referenced from startup_mcxa156.o(.text)
 <LI><a href="#[38]">CTIMER4_IRQHandler</a> from startup_mcxa156.o(.text) referenced from startup_mcxa156.o(.isr_vector)
 <LI><a href="#[ab]">DAC0_DriverIRQHandler</a> from startup_mcxa156.o(.text) referenced from startup_mcxa156.o(.text)
 <LI><a href="#[50]">DAC0_IRQHandler</a> from startup_mcxa156.o(.text) referenced from startup_mcxa156.o(.isr_vector)
 <LI><a href="#[6a]">DMA_CH0_DriverIRQHandler</a> from fsl_edma_soc.o(.text.DMA_CH0_DriverIRQHandler) referenced from startup_mcxa156.o(.text)
 <LI><a href="#[f]">DMA_CH0_IRQHandler</a> from startup_mcxa156.o(.text) referenced from startup_mcxa156.o(.isr_vector)
 <LI><a href="#[6b]">DMA_CH1_DriverIRQHandler</a> from fsl_edma_soc.o(.text.DMA_CH1_DriverIRQHandler) referenced from startup_mcxa156.o(.text)
 <LI><a href="#[10]">DMA_CH1_IRQHandler</a> from startup_mcxa156.o(.text) referenced from startup_mcxa156.o(.isr_vector)
 <LI><a href="#[6c]">DMA_CH2_DriverIRQHandler</a> from fsl_edma_soc.o(.text.DMA_CH2_DriverIRQHandler) referenced from startup_mcxa156.o(.text)
 <LI><a href="#[11]">DMA_CH2_IRQHandler</a> from startup_mcxa156.o(.text) referenced from startup_mcxa156.o(.isr_vector)
 <LI><a href="#[6d]">DMA_CH3_DriverIRQHandler</a> from fsl_edma_soc.o(.text.DMA_CH3_DriverIRQHandler) referenced from startup_mcxa156.o(.text)
 <LI><a href="#[12]">DMA_CH3_IRQHandler</a> from startup_mcxa156.o(.text) referenced from startup_mcxa156.o(.isr_vector)
 <LI><a href="#[6e]">DMA_CH4_DriverIRQHandler</a> from fsl_edma_soc.o(.text.DMA_CH4_DriverIRQHandler) referenced from startup_mcxa156.o(.text)
 <LI><a href="#[13]">DMA_CH4_IRQHandler</a> from startup_mcxa156.o(.text) referenced from startup_mcxa156.o(.isr_vector)
 <LI><a href="#[6f]">DMA_CH5_DriverIRQHandler</a> from fsl_edma_soc.o(.text.DMA_CH5_DriverIRQHandler) referenced from startup_mcxa156.o(.text)
 <LI><a href="#[14]">DMA_CH5_IRQHandler</a> from startup_mcxa156.o(.text) referenced from startup_mcxa156.o(.isr_vector)
 <LI><a href="#[70]">DMA_CH6_DriverIRQHandler</a> from fsl_edma_soc.o(.text.DMA_CH6_DriverIRQHandler) referenced from startup_mcxa156.o(.text)
 <LI><a href="#[15]">DMA_CH6_IRQHandler</a> from startup_mcxa156.o(.text) referenced from startup_mcxa156.o(.isr_vector)
 <LI><a href="#[71]">DMA_CH7_DriverIRQHandler</a> from fsl_edma_soc.o(.text.DMA_CH7_DriverIRQHandler) referenced from startup_mcxa156.o(.text)
 <LI><a href="#[16]">DMA_CH7_IRQHandler</a> from startup_mcxa156.o(.text) referenced from startup_mcxa156.o(.isr_vector)
 <LI><a href="#[a]">DebugMon_Handler</a> from startup_mcxa156.o(.text) referenced from startup_mcxa156.o(.isr_vector)
 <LI><a href="#[1]">DefaultISR</a> from startup_mcxa156.o(.text) referenced 10 times from fsl_lpuart.o(.data.s_lpuartIsr)
 <LI><a href="#[1]">DefaultISR</a> from startup_mcxa156.o(.text) referenced 2 times from fsl_ostimer.o(.data.s_ostimerIsr)
 <LI><a href="#[1]">DefaultISR</a> from startup_mcxa156.o(.text) referenced 2 times from fsl_utick.o(.data.s_utickIsr)
 <LI><a href="#[73]">ERM0_MULTI_BIT_DriverIRQHandler</a> from startup_mcxa156.o(.text) referenced from startup_mcxa156.o(.text)
 <LI><a href="#[18]">ERM0_MULTI_BIT_IRQHandler</a> from startup_mcxa156.o(.text) referenced from startup_mcxa156.o(.isr_vector)
 <LI><a href="#[72]">ERM0_SINGLE_BIT_DriverIRQHandler</a> from startup_mcxa156.o(.text) referenced from startup_mcxa156.o(.text)
 <LI><a href="#[17]">ERM0_SINGLE_BIT_IRQHandler</a> from startup_mcxa156.o(.text) referenced from startup_mcxa156.o(.isr_vector)
 <LI><a href="#[7f]">FLEXIO_DriverIRQHandler</a> from startup_mcxa156.o(.text) referenced from startup_mcxa156.o(.text)
 <LI><a href="#[24]">FLEXIO_IRQHandler</a> from startup_mcxa156.o(.text) referenced from startup_mcxa156.o(.isr_vector)
 <LI><a href="#[95]">FLEXPWM0_FAULT_DriverIRQHandler</a> from startup_mcxa156.o(.text) referenced from startup_mcxa156.o(.text)
 <LI><a href="#[3a]">FLEXPWM0_FAULT_IRQHandler</a> from startup_mcxa156.o(.text) referenced from startup_mcxa156.o(.isr_vector)
 <LI><a href="#[94]">FLEXPWM0_RELOAD_ERROR_DriverIRQHandler</a> from startup_mcxa156.o(.text) referenced from startup_mcxa156.o(.text)
 <LI><a href="#[39]">FLEXPWM0_RELOAD_ERROR_IRQHandler</a> from startup_mcxa156.o(.text) referenced from startup_mcxa156.o(.isr_vector)
 <LI><a href="#[96]">FLEXPWM0_SUBMODULE0_DriverIRQHandler</a> from startup_mcxa156.o(.text) referenced from startup_mcxa156.o(.text)
 <LI><a href="#[3b]">FLEXPWM0_SUBMODULE0_IRQHandler</a> from startup_mcxa156.o(.text) referenced from startup_mcxa156.o(.isr_vector)
 <LI><a href="#[97]">FLEXPWM0_SUBMODULE1_DriverIRQHandler</a> from startup_mcxa156.o(.text) referenced from startup_mcxa156.o(.text)
 <LI><a href="#[3c]">FLEXPWM0_SUBMODULE1_IRQHandler</a> from startup_mcxa156.o(.text) referenced from startup_mcxa156.o(.isr_vector)
 <LI><a href="#[98]">FLEXPWM0_SUBMODULE2_DriverIRQHandler</a> from startup_mcxa156.o(.text) referenced from startup_mcxa156.o(.text)
 <LI><a href="#[3d]">FLEXPWM0_SUBMODULE2_IRQHandler</a> from startup_mcxa156.o(.text) referenced from startup_mcxa156.o(.isr_vector)
 <LI><a href="#[b8]">FLEXPWM1_FAULT_DriverIRQHandler</a> from startup_mcxa156.o(.text) referenced from startup_mcxa156.o(.text)
 <LI><a href="#[5d]">FLEXPWM1_FAULT_IRQHandler</a> from startup_mcxa156.o(.text) referenced from startup_mcxa156.o(.isr_vector)
 <LI><a href="#[b7]">FLEXPWM1_RELOAD_ERROR_DriverIRQHandler</a> from startup_mcxa156.o(.text) referenced from startup_mcxa156.o(.text)
 <LI><a href="#[5c]">FLEXPWM1_RELOAD_ERROR_IRQHandler</a> from startup_mcxa156.o(.text) referenced from startup_mcxa156.o(.isr_vector)
 <LI><a href="#[b9]">FLEXPWM1_SUBMODULE0_DriverIRQHandler</a> from startup_mcxa156.o(.text) referenced from startup_mcxa156.o(.text)
 <LI><a href="#[5e]">FLEXPWM1_SUBMODULE0_IRQHandler</a> from startup_mcxa156.o(.text) referenced from startup_mcxa156.o(.isr_vector)
 <LI><a href="#[ba]">FLEXPWM1_SUBMODULE1_DriverIRQHandler</a> from startup_mcxa156.o(.text) referenced from startup_mcxa156.o(.text)
 <LI><a href="#[5f]">FLEXPWM1_SUBMODULE1_IRQHandler</a> from startup_mcxa156.o(.text) referenced from startup_mcxa156.o(.isr_vector)
 <LI><a href="#[bb]">FLEXPWM1_SUBMODULE2_DriverIRQHandler</a> from startup_mcxa156.o(.text) referenced from startup_mcxa156.o(.text)
 <LI><a href="#[60]">FLEXPWM1_SUBMODULE2_IRQHandler</a> from startup_mcxa156.o(.text) referenced from startup_mcxa156.o(.isr_vector)
 <LI><a href="#[74]">FMU0_DriverIRQHandler</a> from startup_mcxa156.o(.text) referenced from startup_mcxa156.o(.text)
 <LI><a href="#[19]">FMU0_IRQHandler</a> from startup_mcxa156.o(.text) referenced from startup_mcxa156.o(.isr_vector)
 <LI><a href="#[9e]">FREQME0_DriverIRQHandler</a> from startup_mcxa156.o(.text) referenced from startup_mcxa156.o(.text)
 <LI><a href="#[43]">FREQME0_IRQHandler</a> from startup_mcxa156.o(.text) referenced from startup_mcxa156.o(.isr_vector)
 <LI><a href="#[75]">GLIKEY0_DriverIRQHandler</a> from startup_mcxa156.o(.text) referenced from startup_mcxa156.o(.text)
 <LI><a href="#[1a]">GLIKEY0_IRQHandler</a> from startup_mcxa156.o(.text) referenced from startup_mcxa156.o(.isr_vector)
 <LI><a href="#[af]">GPIO0_DriverIRQHandler</a> from startup_mcxa156.o(.text) referenced from startup_mcxa156.o(.text)
 <LI><a href="#[54]">GPIO0_IRQHandler</a> from drv_pin.o(.text.GPIO0_IRQHandler) referenced from startup_mcxa156.o(.isr_vector)
 <LI><a href="#[b0]">GPIO1_DriverIRQHandler</a> from startup_mcxa156.o(.text) referenced from startup_mcxa156.o(.text)
 <LI><a href="#[55]">GPIO1_IRQHandler</a> from drv_pin.o(.text.GPIO1_IRQHandler) referenced from startup_mcxa156.o(.isr_vector)
 <LI><a href="#[b1]">GPIO2_DriverIRQHandler</a> from startup_mcxa156.o(.text) referenced from startup_mcxa156.o(.text)
 <LI><a href="#[56]">GPIO2_IRQHandler</a> from drv_pin.o(.text.GPIO2_IRQHandler) referenced from startup_mcxa156.o(.isr_vector)
 <LI><a href="#[b2]">GPIO3_DriverIRQHandler</a> from startup_mcxa156.o(.text) referenced from startup_mcxa156.o(.text)
 <LI><a href="#[57]">GPIO3_IRQHandler</a> from drv_pin.o(.text.GPIO3_IRQHandler) referenced from startup_mcxa156.o(.isr_vector)
 <LI><a href="#[b3]">GPIO4_DriverIRQHandler</a> from startup_mcxa156.o(.text) referenced from startup_mcxa156.o(.text)
 <LI><a href="#[58]">GPIO4_IRQHandler</a> from drv_pin.o(.text.GPIO4_IRQHandler) referenced from startup_mcxa156.o(.isr_vector)
 <LI><a href="#[4]">HardFault_Handler</a> from context_rvds.o(.text) referenced from startup_mcxa156.o(.isr_vector)
 <LI><a href="#[4]">HardFault_Handler</a> from context_rvds.o(.text) referenced from startup_mcxa156.o(.text)
 <LI><a href="#[80]">I3C0_DriverIRQHandler</a> from fsl_i3c.o(.text.I3C0_DriverIRQHandler) referenced from startup_mcxa156.o(.text)
 <LI><a href="#[25]">I3C0_IRQHandler</a> from startup_mcxa156.o(.text) referenced from startup_mcxa156.o(.isr_vector)
 <LI><a href="#[82]">LPI2C0_DriverIRQHandler</a> from fsl_lpi2c.o(.text.LPI2C0_DriverIRQHandler) referenced from startup_mcxa156.o(.text)
 <LI><a href="#[27]">LPI2C0_IRQHandler</a> from startup_mcxa156.o(.text) referenced from startup_mcxa156.o(.isr_vector)
 <LI><a href="#[83]">LPI2C1_DriverIRQHandler</a> from fsl_lpi2c.o(.text.LPI2C1_DriverIRQHandler) referenced from startup_mcxa156.o(.text)
 <LI><a href="#[28]">LPI2C1_IRQHandler</a> from startup_mcxa156.o(.text) referenced from startup_mcxa156.o(.isr_vector)
 <LI><a href="#[b5]">LPI2C2_DriverIRQHandler</a> from fsl_lpi2c.o(.text.LPI2C2_DriverIRQHandler) referenced from startup_mcxa156.o(.text)
 <LI><a href="#[5a]">LPI2C2_IRQHandler</a> from startup_mcxa156.o(.text) referenced from startup_mcxa156.o(.isr_vector)
 <LI><a href="#[b6]">LPI2C3_DriverIRQHandler</a> from fsl_lpi2c.o(.text.LPI2C3_DriverIRQHandler) referenced from startup_mcxa156.o(.text)
 <LI><a href="#[5b]">LPI2C3_IRQHandler</a> from startup_mcxa156.o(.text) referenced from startup_mcxa156.o(.isr_vector)
 <LI><a href="#[84]">LPSPI0_DriverIRQHandler</a> from fsl_lpspi.o(.text.LPSPI0_DriverIRQHandler) referenced from startup_mcxa156.o(.text)
 <LI><a href="#[29]">LPSPI0_IRQHandler</a> from startup_mcxa156.o(.text) referenced from startup_mcxa156.o(.isr_vector)
 <LI><a href="#[85]">LPSPI1_DriverIRQHandler</a> from fsl_lpspi.o(.text.LPSPI1_DriverIRQHandler) referenced from startup_mcxa156.o(.text)
 <LI><a href="#[2a]">LPSPI1_IRQHandler</a> from startup_mcxa156.o(.text) referenced from startup_mcxa156.o(.isr_vector)
 <LI><a href="#[9f]">LPTMR0_DriverIRQHandler</a> from startup_mcxa156.o(.text) referenced from startup_mcxa156.o(.text)
 <LI><a href="#[44]">LPTMR0_IRQHandler</a> from startup_mcxa156.o(.text) referenced from startup_mcxa156.o(.isr_vector)
 <LI><a href="#[87]">LPUART0_DriverIRQHandler</a> from fsl_lpuart.o(.text.LPUART0_DriverIRQHandler) referenced from startup_mcxa156.o(.text)
 <LI><a href="#[2c]">LPUART0_IRQHandler</a> from drv_uart.o(.text.LPUART0_IRQHandler) referenced from startup_mcxa156.o(.isr_vector)
 <LI><a href="#[88]">LPUART1_DriverIRQHandler</a> from fsl_lpuart.o(.text.LPUART1_DriverIRQHandler) referenced from startup_mcxa156.o(.text)
 <LI><a href="#[2d]">LPUART1_IRQHandler</a> from startup_mcxa156.o(.text) referenced from startup_mcxa156.o(.isr_vector)
 <LI><a href="#[89]">LPUART2_DriverIRQHandler</a> from fsl_lpuart.o(.text.LPUART2_DriverIRQHandler) referenced from startup_mcxa156.o(.text)
 <LI><a href="#[2e]">LPUART2_IRQHandler</a> from startup_mcxa156.o(.text) referenced from startup_mcxa156.o(.isr_vector)
 <LI><a href="#[8a]">LPUART3_DriverIRQHandler</a> from fsl_lpuart.o(.text.LPUART3_DriverIRQHandler) referenced from startup_mcxa156.o(.text)
 <LI><a href="#[2f]">LPUART3_IRQHandler</a> from startup_mcxa156.o(.text) referenced from startup_mcxa156.o(.isr_vector)
 <LI><a href="#[8b]">LPUART4_DriverIRQHandler</a> from fsl_lpuart.o(.text.LPUART4_DriverIRQHandler) referenced from startup_mcxa156.o(.text)
 <LI><a href="#[30]">LPUART4_IRQHandler</a> from startup_mcxa156.o(.text) referenced from startup_mcxa156.o(.isr_vector)
 <LI><a href="#[76]">MBC0_DriverIRQHandler</a> from startup_mcxa156.o(.text) referenced from startup_mcxa156.o(.text)
 <LI><a href="#[1b]">MBC0_IRQHandler</a> from startup_mcxa156.o(.text) referenced from startup_mcxa156.o(.isr_vector)
 <LI><a href="#[5]">MemManage_Handler</a> from board.o(.text.MemManage_Handler) referenced from startup_mcxa156.o(.isr_vector)
 <LI><a href="#[3]">NMI_Handler</a> from startup_mcxa156.o(.text) referenced from startup_mcxa156.o(.isr_vector)
 <LI><a href="#[3]">NMI_Handler</a> from startup_mcxa156.o(.text) referenced from startup_mcxa156.o(.text)
 <LI><a href="#[a1]">OS_EVENT_DriverIRQHandler</a> from fsl_ostimer.o(.text.OS_EVENT_DriverIRQHandler) referenced from startup_mcxa156.o(.text)
 <LI><a href="#[46]">OS_EVENT_IRQHandler</a> from startup_mcxa156.o(.text) referenced from startup_mcxa156.o(.isr_vector)
 <LI><a href="#[b]">PendSV_Handler</a> from context_rvds.o(.text) referenced from startup_mcxa156.o(.isr_vector)
 <LI><a href="#[b]">PendSV_Handler</a> from context_rvds.o(.text) referenced from startup_mcxa156.o(.text)
 <LI><a href="#[9a]">QDC0_COMPARE_DriverIRQHandler</a> from startup_mcxa156.o(.text) referenced from startup_mcxa156.o(.text)
 <LI><a href="#[3f]">QDC0_COMPARE_IRQHandler</a> from startup_mcxa156.o(.text) referenced from startup_mcxa156.o(.isr_vector)
 <LI><a href="#[9b]">QDC0_HOME_DriverIRQHandler</a> from startup_mcxa156.o(.text) referenced from startup_mcxa156.o(.text)
 <LI><a href="#[40]">QDC0_HOME_IRQHandler</a> from startup_mcxa156.o(.text) referenced from startup_mcxa156.o(.isr_vector)
 <LI><a href="#[9d]">QDC0_INDEX_DriverIRQHandler</a> from startup_mcxa156.o(.text) referenced from startup_mcxa156.o(.text)
 <LI><a href="#[42]">QDC0_INDEX_IRQHandler</a> from startup_mcxa156.o(.text) referenced from startup_mcxa156.o(.isr_vector)
 <LI><a href="#[9c]">QDC0_WATCHDOG_DriverIRQHandler</a> from startup_mcxa156.o(.text) referenced from startup_mcxa156.o(.text)
 <LI><a href="#[41]">QDC0_WATCHDOG_IRQHandler</a> from startup_mcxa156.o(.text) referenced from startup_mcxa156.o(.isr_vector)
 <LI><a href="#[bd]">QDC1_COMPARE_DriverIRQHandler</a> from startup_mcxa156.o(.text) referenced from startup_mcxa156.o(.text)
 <LI><a href="#[62]">QDC1_COMPARE_IRQHandler</a> from startup_mcxa156.o(.text) referenced from startup_mcxa156.o(.isr_vector)
 <LI><a href="#[be]">QDC1_HOME_DriverIRQHandler</a> from startup_mcxa156.o(.text) referenced from startup_mcxa156.o(.text)
 <LI><a href="#[63]">QDC1_HOME_IRQHandler</a> from startup_mcxa156.o(.text) referenced from startup_mcxa156.o(.isr_vector)
 <LI><a href="#[c0]">QDC1_INDEX_DriverIRQHandler</a> from startup_mcxa156.o(.text) referenced from startup_mcxa156.o(.text)
 <LI><a href="#[65]">QDC1_INDEX_IRQHandler</a> from startup_mcxa156.o(.text) referenced from startup_mcxa156.o(.isr_vector)
 <LI><a href="#[bf]">QDC1_WATCHDOG_DriverIRQHandler</a> from startup_mcxa156.o(.text) referenced from startup_mcxa156.o(.text)
 <LI><a href="#[64]">QDC1_WATCHDOG_IRQHandler</a> from startup_mcxa156.o(.text) referenced from startup_mcxa156.o(.isr_vector)
 <LI><a href="#[bc]">Reserved100_DriverIRQHandler</a> from startup_mcxa156.o(.text) referenced from startup_mcxa156.o(.text)
 <LI><a href="#[61]">Reserved100_IRQHandler</a> from startup_mcxa156.o(.text) referenced from startup_mcxa156.o(.isr_vector)
 <LI><a href="#[68]">Reserved16_DriverIRQHandler</a> from startup_mcxa156.o(.text) referenced from startup_mcxa156.o(.text)
 <LI><a href="#[d]">Reserved16_IRQHandler</a> from startup_mcxa156.o(.text) referenced from startup_mcxa156.o(.isr_vector)
 <LI><a href="#[7c]">Reserved36_DriverIRQHandler</a> from startup_mcxa156.o(.text) referenced from startup_mcxa156.o(.text)
 <LI><a href="#[21]">Reserved36_IRQHandler</a> from startup_mcxa156.o(.text) referenced from startup_mcxa156.o(.isr_vector)
 <LI><a href="#[7d]">Reserved37_DriverIRQHandler</a> from startup_mcxa156.o(.text) referenced from startup_mcxa156.o(.text)
 <LI><a href="#[22]">Reserved37_IRQHandler</a> from startup_mcxa156.o(.text) referenced from startup_mcxa156.o(.isr_vector)
 <LI><a href="#[7e]">Reserved38_DriverIRQHandler</a> from startup_mcxa156.o(.text) referenced from startup_mcxa156.o(.text)
 <LI><a href="#[23]">Reserved38_IRQHandler</a> from startup_mcxa156.o(.text) referenced from startup_mcxa156.o(.isr_vector)
 <LI><a href="#[81]">Reserved41_DriverIRQHandler</a> from startup_mcxa156.o(.text) referenced from startup_mcxa156.o(.text)
 <LI><a href="#[26]">Reserved41_IRQHandler</a> from startup_mcxa156.o(.text) referenced from startup_mcxa156.o(.isr_vector)
 <LI><a href="#[86]">Reserved46_DriverIRQHandler</a> from startup_mcxa156.o(.text) referenced from startup_mcxa156.o(.text)
 <LI><a href="#[2b]">Reserved46_IRQHandler</a> from startup_mcxa156.o(.text) referenced from startup_mcxa156.o(.isr_vector)
 <LI><a href="#[8d]">Reserved53_DriverIRQHandler</a> from startup_mcxa156.o(.text) referenced from startup_mcxa156.o(.text)
 <LI><a href="#[32]">Reserved53_IRQHandler</a> from startup_mcxa156.o(.text) referenced from startup_mcxa156.o(.isr_vector)
 <LI><a href="#[99]">Reserved65_DriverIRQHandler</a> from startup_mcxa156.o(.text) referenced from startup_mcxa156.o(.text)
 <LI><a href="#[3e]">Reserved65_IRQHandler</a> from startup_mcxa156.o(.text) referenced from startup_mcxa156.o(.isr_vector)
 <LI><a href="#[a0]">Reserved72_DriverIRQHandler</a> from startup_mcxa156.o(.text) referenced from startup_mcxa156.o(.text)
 <LI><a href="#[45]">Reserved72_IRQHandler</a> from startup_mcxa156.o(.text) referenced from startup_mcxa156.o(.isr_vector)
 <LI><a href="#[a5]">Reserved77_DriverIRQHandler</a> from startup_mcxa156.o(.text) referenced from startup_mcxa156.o(.text)
 <LI><a href="#[4a]">Reserved77_IRQHandler</a> from startup_mcxa156.o(.text) referenced from startup_mcxa156.o(.isr_vector)
 <LI><a href="#[aa]">Reserved82_DriverIRQHandler</a> from startup_mcxa156.o(.text) referenced from startup_mcxa156.o(.text)
 <LI><a href="#[4f]">Reserved82_IRQHandler</a> from startup_mcxa156.o(.text) referenced from startup_mcxa156.o(.isr_vector)
 <LI><a href="#[ac]">Reserved84_DriverIRQHandler</a> from startup_mcxa156.o(.text) referenced from startup_mcxa156.o(.text)
 <LI><a href="#[51]">Reserved84_IRQHandler</a> from startup_mcxa156.o(.text) referenced from startup_mcxa156.o(.isr_vector)
 <LI><a href="#[ad]">Reserved85_DriverIRQHandler</a> from startup_mcxa156.o(.text) referenced from startup_mcxa156.o(.text)
 <LI><a href="#[52]">Reserved85_IRQHandler</a> from startup_mcxa156.o(.text) referenced from startup_mcxa156.o(.isr_vector)
 <LI><a href="#[ae]">Reserved86_DriverIRQHandler</a> from startup_mcxa156.o(.text) referenced from startup_mcxa156.o(.text)
 <LI><a href="#[53]">Reserved86_IRQHandler</a> from startup_mcxa156.o(.text) referenced from startup_mcxa156.o(.isr_vector)
 <LI><a href="#[b4]">Reserved92_DriverIRQHandler</a> from startup_mcxa156.o(.text) referenced from startup_mcxa156.o(.text)
 <LI><a href="#[59]">Reserved92_IRQHandler</a> from startup_mcxa156.o(.text) referenced from startup_mcxa156.o(.isr_vector)
 <LI><a href="#[2]">Reset_Handler</a> from startup_mcxa156.o(.text) referenced from startup_mcxa156.o(.isr_vector)
 <LI><a href="#[77]">SCG0_DriverIRQHandler</a> from startup_mcxa156.o(.text) referenced from startup_mcxa156.o(.text)
 <LI><a href="#[1c]">SCG0_IRQHandler</a> from startup_mcxa156.o(.text) referenced from startup_mcxa156.o(.isr_vector)
 <LI><a href="#[78]">SPC0_DriverIRQHandler</a> from startup_mcxa156.o(.text) referenced from startup_mcxa156.o(.text)
 <LI><a href="#[1d]">SPC0_IRQHandler</a> from startup_mcxa156.o(.text) referenced from startup_mcxa156.o(.isr_vector)
 <LI><a href="#[9]">SVC_Handler</a> from syscall_rvds.o(.text) referenced from startup_mcxa156.o(.isr_vector)
 <LI><a href="#[9]">SVC_Handler</a> from syscall_rvds.o(.text) referenced from startup_mcxa156.o(.text)
 <LI><a href="#[8]">SecureFault_Handler</a> from startup_mcxa156.o(.text) referenced from startup_mcxa156.o(.isr_vector)
 <LI><a href="#[c]">SysTick_Handler</a> from board.o(.text.SysTick_Handler) referenced from startup_mcxa156.o(.isr_vector)
 <LI><a href="#[c]">SysTick_Handler</a> from board.o(.text.SysTick_Handler) referenced from startup_mcxa156.o(.text)
 <LI><a href="#[66]">SystemInit</a> from system_mcxa156.o(.text.SystemInit) referenced from startup_mcxa156.o(.text)
 <LI><a href="#[8c]">USB0_DriverIRQHandler</a> from startup_mcxa156.o(.text) referenced from startup_mcxa156.o(.text)
 <LI><a href="#[31]">USB0_IRQHandler</a> from usb_glue_mcx.o(.text.USB0_IRQHandler) referenced from startup_mcxa156.o(.isr_vector)
 <LI><a href="#[a3]">UTICK0_DriverIRQHandler</a> from fsl_utick.o(.text.UTICK0_DriverIRQHandler) referenced from startup_mcxa156.o(.text)
 <LI><a href="#[48]">UTICK0_IRQHandler</a> from startup_mcxa156.o(.text) referenced from startup_mcxa156.o(.isr_vector)
 <LI><a href="#[7]">UsageFault_Handler</a> from startup_mcxa156.o(.text) referenced from startup_mcxa156.o(.isr_vector)
 <LI><a href="#[79]">VBAT0_DriverIRQHandler</a> from startup_mcxa156.o(.text) referenced from startup_mcxa156.o(.text)
 <LI><a href="#[1e]">VBAT0_IRQHandler</a> from startup_mcxa156.o(.text) referenced from startup_mcxa156.o(.isr_vector)
 <LI><a href="#[a2]">WAKETIMER0_DriverIRQHandler</a> from fsl_waketimer.o(.text.WAKETIMER0_DriverIRQHandler) referenced from startup_mcxa156.o(.text)
 <LI><a href="#[47]">WAKETIMER0_IRQHandler</a> from startup_mcxa156.o(.text) referenced from startup_mcxa156.o(.isr_vector)
 <LI><a href="#[7a]">WUU0_DriverIRQHandler</a> from startup_mcxa156.o(.text) referenced from startup_mcxa156.o(.text)
 <LI><a href="#[1f]">WUU0_IRQHandler</a> from startup_mcxa156.o(.text) referenced from startup_mcxa156.o(.isr_vector)
 <LI><a href="#[a4]">WWDT0_DriverIRQHandler</a> from startup_mcxa156.o(.text) referenced from startup_mcxa156.o(.text)
 <LI><a href="#[49]">WWDT0_IRQHandler</a> from startup_mcxa156.o(.text) referenced from startup_mcxa156.o(.isr_vector)
 <LI><a href="#[67]">__main</a> from __main.o(!!!main) referenced from startup_mcxa156.o(.text)
 <LI><a href="#[cd]">_adc_control</a> from adc.o(.text._adc_control) referenced 2 times from adc.o(.text.rt_hw_adc_register)
 <LI><a href="#[cc]">_adc_read</a> from adc.o(.text._adc_read) referenced 2 times from adc.o(.text.rt_hw_adc_register)
 <LI><a href="#[c1]">_get_lc_ctype</a> from lc_ctype_c.o(locale$$code) referenced from rt_ctype_table.o(.text)
 <LI><a href="#[da]">_match_name</a> from object.o(.text._match_name) referenced 2 times from object.o(.text.rt_object_find)
 <LI><a href="#[f9]">_pin_cmd</a> from dev_pin.o(.text._pin_cmd) referenced from dev_pin.o(FSymTab)
 <LI><a href="#[cb]">_pin_control</a> from dev_pin.o(.text._pin_control) referenced 2 times from dev_pin.o(.text.rt_device_pin_register)
 <LI><a href="#[c9]">_pin_read</a> from dev_pin.o(.text._pin_read) referenced 2 times from dev_pin.o(.text.rt_device_pin_register)
 <LI><a href="#[ca]">_pin_write</a> from dev_pin.o(.text._pin_write) referenced 2 times from dev_pin.o(.text.rt_device_pin_register)
 <LI><a href="#[c2]">_thread_exit</a> from thread.o(.text._thread_exit) referenced 2 times from thread.o(.text._thread_init)
 <LI><a href="#[c3]">_thread_timeout</a> from thread.o(.text._thread_timeout) referenced 2 times from thread.o(.text._thread_init)
 <LI><a href="#[db]">_timer_thread_entry</a> from timer.o(.text._timer_thread_entry) referenced 2 times from timer.o(.text.rt_system_timer_thread_init)
 <LI><a href="#[e1]">a153_adc_enabled</a> from drv_adc.o(.text.a153_adc_enabled) referenced from drv_adc.o(.rodata.mcx_adc_ops)
 <LI><a href="#[e3]">a153_adc_get_resolution</a> from drv_adc.o(.text.a153_adc_get_resolution) referenced from drv_adc.o(.rodata.mcx_adc_ops)
 <LI><a href="#[e2]">a153_get_adc_value</a> from drv_adc.o(.text.a153_get_adc_value) referenced from drv_adc.o(.rodata.mcx_adc_ops)
 <LI><a href="#[e4]">a153_get_vref</a> from drv_adc.o(.text.a153_get_vref) referenced from drv_adc.o(.rodata.mcx_adc_ops)
 <LI><a href="#[f8]">adc</a> from adc.o(.text.adc) referenced from adc.o(FSymTab)
 <LI><a href="#[fa]">clear</a> from cmd.o(.text.clear) referenced from cmd.o(FSymTab)
 <LI><a href="#[100]">cmd_backtrace</a> from kservice.o(.text.cmd_backtrace) referenced from kservice.o(FSymTab)
 <LI><a href="#[ff]">cmd_free</a> from msh.o(.text.cmd_free) referenced from msh.o(FSymTab)
 <LI><a href="#[fc]">cmd_list</a> from cmd.o(.text.cmd_list) referenced from cmd.o(FSymTab)
 <LI><a href="#[fe]">cmd_ps</a> from msh.o(.text.cmd_ps) referenced from msh.o(FSymTab)
 <LI><a href="#[c4]">finsh_rx_ind</a> from shell.o(.text.finsh_rx_ind) referenced 2 times from shell.o(.text.finsh_set_device)
 <LI><a href="#[f5]">finsh_system_init</a> from shell.o(.text.finsh_system_init) referenced from shell.o(.rti_fn.6)
 <LI><a href="#[c5]">finsh_thread_entry</a> from shell.o(.text.finsh_thread_entry) referenced 2 times from shell.o(.text.finsh_system_init)
 <LI><a href="#[f4]">gamepad_app_start</a> from gamepad_app.o(.text.gamepad_app_start) referenced from gamepad_app.o(.rti_fn.6)
 <LI><a href="#[c6]">gamepad_thread_entry</a> from gamepad_app.o(.text.gamepad_thread_entry) referenced 2 times from gamepad_app.o(.text.gamepad_app_start)
 <LI><a href="#[e0]">hid_class_interface_request_handler</a> from usbd_hid.o(.text.hid_class_interface_request_handler) referenced 2 times from usbd_hid.o(.text.usbd_hid_init_intf)
 <LI><a href="#[f7]">hid_example</a> from cherryusb.o(.text.hid_example) referenced from cherryusb.o(FSymTab)
 <LI><a href="#[dc]">idle_thread_entry</a> from idle.o(.text.idle_thread_entry) referenced 2 times from idle.o(.text.rt_thread_idle_init)
 <LI><a href="#[f2]">joystick_init</a> from joystick_app.o(.text.joystick_init) referenced from joystick_app.o(.rti_fn.3)
 <LI><a href="#[f1]">key_init</a> from key_app.o(.text.key_init) referenced from key_app.o(.rti_fn.3)
 <LI><a href="#[c8]">main_thread_entry</a> from components.o(.text.main_thread_entry) referenced 2 times from components.o(.text.rt_application_init)
 <LI><a href="#[e5]">mcx_configure</a> from drv_uart.o(.text.mcx_configure) referenced from drv_uart.o(.rodata.mcx_uart_ops)
 <LI><a href="#[e6]">mcx_control</a> from drv_uart.o(.text.mcx_control) referenced from drv_uart.o(.rodata.mcx_uart_ops)
 <LI><a href="#[e8]">mcx_getc</a> from drv_uart.o(.text.mcx_getc) referenced from drv_uart.o(.rodata.mcx_uart_ops)
 <LI><a href="#[d1]">mcx_pin_attach_irq</a> from drv_pin.o(.text.mcx_pin_attach_irq) referenced 2 times from drv_pin.o(.text.rt_hw_pin_init)
 <LI><a href="#[d2]">mcx_pin_detach_irq</a> from drv_pin.o(.text.mcx_pin_detach_irq) referenced 2 times from drv_pin.o(.text.rt_hw_pin_init)
 <LI><a href="#[d3]">mcx_pin_irq_enable</a> from drv_pin.o(.text.mcx_pin_irq_enable) referenced 2 times from drv_pin.o(.text.rt_hw_pin_init)
 <LI><a href="#[ce]">mcx_pin_mode</a> from drv_pin.o(.text.mcx_pin_mode) referenced 2 times from drv_pin.o(.text.rt_hw_pin_init)
 <LI><a href="#[cf]">mcx_pin_read</a> from drv_pin.o(.text.mcx_pin_read) referenced 2 times from drv_pin.o(.text.rt_hw_pin_init)
 <LI><a href="#[d0]">mcx_pin_write</a> from drv_pin.o(.text.mcx_pin_write) referenced 2 times from drv_pin.o(.text.rt_hw_pin_init)
 <LI><a href="#[e7]">mcx_putc</a> from drv_uart.o(.text.mcx_putc) referenced from drv_uart.o(.rodata.mcx_uart_ops)
 <LI><a href="#[fd]">msh_help</a> from msh.o(.text.msh_help) referenced from msh.o(FSymTab)
 <LI><a href="#[eb]">rt_hw_adc_init</a> from drv_adc.o(.text.rt_hw_adc_init) referenced from drv_adc.o(.rti_fn.1)
 <LI><a href="#[f3]">rt_hw_mcxa156_cherryusb_hid_init</a> from cherryusb.o(.text.rt_hw_mcxa156_cherryusb_hid_init) referenced from cherryusb.o(.rti_fn.4)
 <LI><a href="#[ec]">rt_hw_pin_init</a> from drv_pin.o(.text.rt_hw_pin_init) referenced from drv_pin.o(.rti_fn.1)
 <LI><a href="#[ed]">rt_hw_uart_init</a> from drv_uart.o(.text.rt_hw_uart_init) referenced from drv_uart.o(.rti_fn.1)
 <LI><a href="#[d6]">rt_serial_close</a> from dev_serial.o(.text.rt_serial_close) referenced 2 times from dev_serial.o(.text.rt_hw_serial_register)
 <LI><a href="#[d9]">rt_serial_control</a> from dev_serial.o(.text.rt_serial_control) referenced 2 times from dev_serial.o(.text.rt_hw_serial_register)
 <LI><a href="#[d4]">rt_serial_init</a> from dev_serial.o(.text.rt_serial_init) referenced 2 times from dev_serial.o(.text.rt_hw_serial_register)
 <LI><a href="#[d5]">rt_serial_open</a> from dev_serial.o(.text.rt_serial_open) referenced 2 times from dev_serial.o(.text.rt_hw_serial_register)
 <LI><a href="#[d7]">rt_serial_read</a> from dev_serial.o(.text.rt_serial_read) referenced 2 times from dev_serial.o(.text.rt_hw_serial_register)
 <LI><a href="#[d8]">rt_serial_write</a> from dev_serial.o(.text.rt_serial_write) referenced 2 times from dev_serial.o(.text.rt_hw_serial_register)
 <LI><a href="#[ef]">rti_board_end</a> from components.o(.text.rti_board_end) referenced from components.o(.rti_fn.1.end)
 <LI><a href="#[ea]">rti_board_start</a> from components.o(.text.rti_board_start) referenced from components.o(.rti_fn.0.end)
 <LI><a href="#[f6]">rti_end</a> from components.o(.text.rti_end) referenced from components.o(.rti_fn.6.end)
 <LI><a href="#[e9]">rti_start</a> from components.o(.text.rti_start) referenced from components.o(.rti_fn.0)
 <LI><a href="#[f0]">ulog_console_backend_init</a> from console_be.o(.text.ulog_console_backend_init) referenced from console_be.o(.rti_fn.2)
 <LI><a href="#[dd]">ulog_console_backend_output</a> from console_be.o(.text.ulog_console_backend_output) referenced 2 times from console_be.o(.text.ulog_console_backend_init)
 <LI><a href="#[ee]">ulog_init</a> from ulog.o(.text.ulog_init) referenced from ulog.o(.rti_fn.1)
 <LI><a href="#[de]">usbd_event_ep0_in_complete_handler</a> from usbd_core.o(.text.usbd_event_ep0_in_complete_handler) referenced 2 times from usbd_core.o(.text.usbd_desc_register)
 <LI><a href="#[df]">usbd_event_ep0_out_complete_handler</a> from usbd_core.o(.text.usbd_event_ep0_out_complete_handler) referenced 2 times from usbd_core.o(.text.usbd_desc_register)
 <LI><a href="#[c7]">usbd_event_handler</a> from usb_app.o(.text.usbd_event_handler) referenced 2 times from usb_app.o(.text.hid_gamepad_init)
 <LI><a href="#[0]">usbd_hid_int_callback</a> from usb_app.o(.text.usbd_hid_int_callback) referenced 2 times from usb_app.o(.data.hid_in_ep)
 <LI><a href="#[fb]">version</a> from cmd.o(.text.version) referenced from cmd.o(FSymTab)
</UL>
<P>
<H3>
Global Symbols
</H3>
<P><STRONG><a name="[67]"></a>__main</STRONG> (Thumb, 8 bytes, Stack size 0 bytes, __main.o(!!!main))
<BR><BR>[Calls]<UL><LI><a href="#[102]">&gt;&gt;</a>&nbsp;&nbsp;&nbsp;__rt_entry
<LI><a href="#[101]">&gt;&gt;</a>&nbsp;&nbsp;&nbsp;__scatterload
</UL>
<BR>[Address Reference Count : 1]<UL><LI> startup_mcxa156.o(.text)
</UL>
<P><STRONG><a name="[101]"></a>__scatterload</STRONG> (Thumb, 0 bytes, Stack size unknown bytes, __scatter.o(!!!scatter))
<BR><BR>[Called By]<UL><LI><a href="#[67]">&gt;&gt;</a>&nbsp;&nbsp;&nbsp;__main
</UL>

<P><STRONG><a name="[103]"></a>__scatterload_rt2</STRONG> (Thumb, 84 bytes, Stack size unknown bytes, __scatter.o(!!!scatter), UNUSED)
<BR><BR>[Calls]<UL><LI><a href="#[102]">&gt;&gt;</a>&nbsp;&nbsp;&nbsp;__rt_entry
</UL>

<P><STRONG><a name="[34f]"></a>__scatterload_rt2_thumb_only</STRONG> (Thumb, 0 bytes, Stack size unknown bytes, __scatter.o(!!!scatter), UNUSED)

<P><STRONG><a name="[350]"></a>__scatterload_loop</STRONG> (Thumb, 0 bytes, Stack size unknown bytes, __scatter.o(!!!scatter), UNUSED)

<P><STRONG><a name="[351]"></a>__decompress</STRONG> (Thumb, 90 bytes, Stack size unknown bytes, __dczerorl2.o(!!dczerorl2), UNUSED)

<P><STRONG><a name="[352]"></a>__decompress1</STRONG> (Thumb, 0 bytes, Stack size unknown bytes, __dczerorl2.o(!!dczerorl2), UNUSED)

<P><STRONG><a name="[353]"></a>__scatterload_null</STRONG> (Thumb, 2 bytes, Stack size unknown bytes, __scatter.o(!!handler_null), UNUSED)

<P><STRONG><a name="[354]"></a>__scatterload_zeroinit</STRONG> (Thumb, 28 bytes, Stack size unknown bytes, __scatter_zi.o(!!handler_zi), UNUSED)

<P><STRONG><a name="[10a]"></a>__rt_lib_init</STRONG> (Thumb, 0 bytes, Stack size unknown bytes, libinit.o(.ARM.Collect$$libinit$$00000000))
<BR><BR>[Called By]<UL><LI><a href="#[109]">&gt;&gt;</a>&nbsp;&nbsp;&nbsp;__rt_entry_li
</UL>

<P><STRONG><a name="[104]"></a>__rt_lib_init_fp_1</STRONG> (Thumb, 0 bytes, Stack size unknown bytes, libinit2.o(.ARM.Collect$$libinit$$00000001))
<BR><BR>[Calls]<UL><LI><a href="#[105]">&gt;&gt;</a>&nbsp;&nbsp;&nbsp;_fp_init
</UL>

<P><STRONG><a name="[355]"></a>__rt_lib_init_heap_1</STRONG> (Thumb, 0 bytes, Stack size unknown bytes, libinit2.o(.ARM.Collect$$libinit$$0000000C))

<P><STRONG><a name="[106]"></a>__rt_lib_init_lc_common</STRONG> (Thumb, 0 bytes, Stack size unknown bytes, libinit2.o(.ARM.Collect$$libinit$$00000011))
<BR><BR>[Calls]<UL><LI><a href="#[107]">&gt;&gt;</a>&nbsp;&nbsp;&nbsp;__rt_locale
</UL>

<P><STRONG><a name="[356]"></a>__rt_lib_init_preinit_1</STRONG> (Thumb, 0 bytes, Stack size unknown bytes, libinit2.o(.ARM.Collect$$libinit$$00000006))

<P><STRONG><a name="[357]"></a>__rt_lib_init_rand_1</STRONG> (Thumb, 0 bytes, Stack size unknown bytes, libinit2.o(.ARM.Collect$$libinit$$00000010))

<P><STRONG><a name="[358]"></a>__rt_lib_init_relocate_pie_1</STRONG> (Thumb, 0 bytes, Stack size unknown bytes, libinit2.o(.ARM.Collect$$libinit$$00000004))

<P><STRONG><a name="[359]"></a>__rt_lib_init_user_alloc_1</STRONG> (Thumb, 0 bytes, Stack size unknown bytes, libinit2.o(.ARM.Collect$$libinit$$0000000E))

<P><STRONG><a name="[35a]"></a>__rt_lib_init_lc_collate_1</STRONG> (Thumb, 0 bytes, Stack size unknown bytes, libinit2.o(.ARM.Collect$$libinit$$00000013))

<P><STRONG><a name="[108]"></a>__rt_lib_init_lc_ctype_2</STRONG> (Thumb, 0 bytes, Stack size unknown bytes, libinit2.o(.ARM.Collect$$libinit$$00000014))
<BR><BR>[Stack]<UL><LI>Max Depth = 16 + Unknown Stack Size
<LI>Call Chain = __rt_lib_init_lc_ctype_2 &rArr; _get_lc_ctype &rArr; strcmp
</UL>
<BR>[Calls]<UL><LI><a href="#[c1]">&gt;&gt;</a>&nbsp;&nbsp;&nbsp;_get_lc_ctype
</UL>

<P><STRONG><a name="[35b]"></a>__rt_lib_init_alloca_1</STRONG> (Thumb, 0 bytes, Stack size unknown bytes, libinit2.o(.ARM.Collect$$libinit$$00000030))

<P><STRONG><a name="[35c]"></a>__rt_lib_init_argv_1</STRONG> (Thumb, 0 bytes, Stack size unknown bytes, libinit2.o(.ARM.Collect$$libinit$$0000002E))

<P><STRONG><a name="[35d]"></a>__rt_lib_init_atexit_1</STRONG> (Thumb, 0 bytes, Stack size unknown bytes, libinit2.o(.ARM.Collect$$libinit$$0000001D))

<P><STRONG><a name="[35e]"></a>__rt_lib_init_clock_1</STRONG> (Thumb, 0 bytes, Stack size unknown bytes, libinit2.o(.ARM.Collect$$libinit$$00000023))

<P><STRONG><a name="[35f]"></a>__rt_lib_init_cpp_1</STRONG> (Thumb, 0 bytes, Stack size unknown bytes, libinit2.o(.ARM.Collect$$libinit$$00000034))

<P><STRONG><a name="[360]"></a>__rt_lib_init_exceptions_1</STRONG> (Thumb, 0 bytes, Stack size unknown bytes, libinit2.o(.ARM.Collect$$libinit$$00000032))

<P><STRONG><a name="[361]"></a>__rt_lib_init_fp_trap_1</STRONG> (Thumb, 0 bytes, Stack size unknown bytes, libinit2.o(.ARM.Collect$$libinit$$00000021))

<P><STRONG><a name="[362]"></a>__rt_lib_init_getenv_1</STRONG> (Thumb, 0 bytes, Stack size unknown bytes, libinit2.o(.ARM.Collect$$libinit$$00000025))

<P><STRONG><a name="[363]"></a>__rt_lib_init_lc_ctype_1</STRONG> (Thumb, 0 bytes, Stack size unknown bytes, libinit2.o(.ARM.Collect$$libinit$$00000015))

<P><STRONG><a name="[364]"></a>__rt_lib_init_lc_monetary_1</STRONG> (Thumb, 0 bytes, Stack size unknown bytes, libinit2.o(.ARM.Collect$$libinit$$00000017))

<P><STRONG><a name="[365]"></a>__rt_lib_init_lc_numeric_1</STRONG> (Thumb, 0 bytes, Stack size unknown bytes, libinit2.o(.ARM.Collect$$libinit$$00000019))

<P><STRONG><a name="[366]"></a>__rt_lib_init_lc_time_1</STRONG> (Thumb, 0 bytes, Stack size unknown bytes, libinit2.o(.ARM.Collect$$libinit$$0000001B))

<P><STRONG><a name="[367]"></a>__rt_lib_init_return</STRONG> (Thumb, 0 bytes, Stack size unknown bytes, libinit2.o(.ARM.Collect$$libinit$$00000035))

<P><STRONG><a name="[368]"></a>__rt_lib_init_signal_1</STRONG> (Thumb, 0 bytes, Stack size unknown bytes, libinit2.o(.ARM.Collect$$libinit$$0000001F))

<P><STRONG><a name="[369]"></a>__rt_lib_init_stdio_1</STRONG> (Thumb, 0 bytes, Stack size unknown bytes, libinit2.o(.ARM.Collect$$libinit$$00000027))

<P><STRONG><a name="[10f]"></a>__rt_lib_shutdown</STRONG> (Thumb, 0 bytes, Stack size unknown bytes, libshutdown.o(.ARM.Collect$$libshutdown$$00000000))
<BR><BR>[Called By]<UL><LI><a href="#[10e]">&gt;&gt;</a>&nbsp;&nbsp;&nbsp;__rt_exit_ls
<LI><a href="#[122]">&gt;&gt;</a>&nbsp;&nbsp;&nbsp;abort
</UL>

<P><STRONG><a name="[36a]"></a>__rt_lib_shutdown_cpp_1</STRONG> (Thumb, 0 bytes, Stack size unknown bytes, libshutdown2.o(.ARM.Collect$$libshutdown$$00000002))

<P><STRONG><a name="[36b]"></a>__rt_lib_shutdown_fp_trap_1</STRONG> (Thumb, 0 bytes, Stack size unknown bytes, libshutdown2.o(.ARM.Collect$$libshutdown$$00000007))

<P><STRONG><a name="[36c]"></a>__rt_lib_shutdown_heap_1</STRONG> (Thumb, 0 bytes, Stack size unknown bytes, libshutdown2.o(.ARM.Collect$$libshutdown$$0000000F))

<P><STRONG><a name="[36d]"></a>__rt_lib_shutdown_return</STRONG> (Thumb, 0 bytes, Stack size unknown bytes, libshutdown2.o(.ARM.Collect$$libshutdown$$00000010))

<P><STRONG><a name="[36e]"></a>__rt_lib_shutdown_signal_1</STRONG> (Thumb, 0 bytes, Stack size unknown bytes, libshutdown2.o(.ARM.Collect$$libshutdown$$0000000A))

<P><STRONG><a name="[36f]"></a>__rt_lib_shutdown_stdio_1</STRONG> (Thumb, 0 bytes, Stack size unknown bytes, libshutdown2.o(.ARM.Collect$$libshutdown$$00000004))

<P><STRONG><a name="[370]"></a>__rt_lib_shutdown_user_alloc_1</STRONG> (Thumb, 0 bytes, Stack size unknown bytes, libshutdown2.o(.ARM.Collect$$libshutdown$$0000000C))

<P><STRONG><a name="[102]"></a>__rt_entry</STRONG> (Thumb, 0 bytes, Stack size unknown bytes, __rtentry.o(.ARM.Collect$$rtentry$$00000000))
<BR><BR>[Called By]<UL><LI><a href="#[67]">&gt;&gt;</a>&nbsp;&nbsp;&nbsp;__main
<LI><a href="#[103]">&gt;&gt;</a>&nbsp;&nbsp;&nbsp;__scatterload_rt2
</UL>

<P><STRONG><a name="[371]"></a>__rt_entry_presh_1</STRONG> (Thumb, 0 bytes, Stack size unknown bytes, __rtentry2.o(.ARM.Collect$$rtentry$$00000002))

<P><STRONG><a name="[372]"></a>__rt_entry_sh</STRONG> (Thumb, 0 bytes, Stack size unknown bytes, __rtentry7.o(.ARM.Collect$$rtentry$$00000007))

<P><STRONG><a name="[109]"></a>__rt_entry_li</STRONG> (Thumb, 0 bytes, Stack size unknown bytes, __rtentry2.o(.ARM.Collect$$rtentry$$0000000A))
<BR><BR>[Calls]<UL><LI><a href="#[10a]">&gt;&gt;</a>&nbsp;&nbsp;&nbsp;__rt_lib_init
</UL>

<P><STRONG><a name="[373]"></a>__rt_entry_postsh_1</STRONG> (Thumb, 0 bytes, Stack size unknown bytes, __rtentry2.o(.ARM.Collect$$rtentry$$00000009))

<P><STRONG><a name="[10b]"></a>__rt_entry_main</STRONG> (Thumb, 0 bytes, Stack size unknown bytes, __rtentry2.o(.ARM.Collect$$rtentry$$0000000D))
<BR><BR>[Stack]<UL><LI>Max Depth = 1768 + Unknown Stack Size
<LI>Call Chain = __rt_entry_main &rArr; main &rArr; rtthread_startup &rArr; rt_hw_board_init &rArr; BOARD_InitBootClocks &rArr; BOARD_BootClockFRO96M &rArr; CLOCK_AttachClk &rArr; CLOCK_SetClockSelect &rArr; __aeabi_assert &rArr; abort &rArr; __rt_SIGABRT &rArr; __sig_exit &rArr; _sys_exit &rArr; __rt_libc_exit &rArr; rt_thread_control &rArr; rt_thread_delete &rArr; _thread_detach &rArr; _thread_detach_from_mutex &rArr; rt_mutex_drop_thread &rArr; rt_kprintf &rArr; _kputs &rArr; rt_device_write &rArr; rt_object_get_type &rArr; rt_assert_handler &rArr;  rt_kprintf (Cycle)
</UL>
<BR>[Calls]<UL><LI><a href="#[10c]">&gt;&gt;</a>&nbsp;&nbsp;&nbsp;main
<LI><a href="#[10d]">&gt;&gt;</a>&nbsp;&nbsp;&nbsp;exit
</UL>

<P><STRONG><a name="[374]"></a>__rt_entry_postli_1</STRONG> (Thumb, 0 bytes, Stack size unknown bytes, __rtentry2.o(.ARM.Collect$$rtentry$$0000000C))

<P><STRONG><a name="[12c]"></a>__rt_exit</STRONG> (Thumb, 0 bytes, Stack size unknown bytes, rtexit.o(.ARM.Collect$$rtexit$$00000000))
<BR><BR>[Called By]<UL><LI><a href="#[10d]">&gt;&gt;</a>&nbsp;&nbsp;&nbsp;exit
</UL>

<P><STRONG><a name="[10e]"></a>__rt_exit_ls</STRONG> (Thumb, 0 bytes, Stack size unknown bytes, rtexit2.o(.ARM.Collect$$rtexit$$00000003))
<BR><BR>[Calls]<UL><LI><a href="#[10f]">&gt;&gt;</a>&nbsp;&nbsp;&nbsp;__rt_lib_shutdown
</UL>

<P><STRONG><a name="[375]"></a>__rt_exit_prels_1</STRONG> (Thumb, 0 bytes, Stack size unknown bytes, rtexit2.o(.ARM.Collect$$rtexit$$00000002))

<P><STRONG><a name="[110]"></a>__rt_exit_exit</STRONG> (Thumb, 0 bytes, Stack size unknown bytes, rtexit2.o(.ARM.Collect$$rtexit$$00000004))
<BR><BR>[Stack]<UL><LI>Max Depth = 1592 + Unknown Stack Size
<LI>Call Chain = __rt_exit_exit &rArr; _sys_exit &rArr; __rt_libc_exit &rArr; rt_thread_control &rArr; rt_thread_delete &rArr; _thread_detach &rArr; _thread_detach_from_mutex &rArr; rt_mutex_drop_thread &rArr; rt_kprintf &rArr; _kputs &rArr; rt_device_write &rArr; rt_object_get_type &rArr; rt_assert_handler &rArr;  rt_kprintf (Cycle)
</UL>
<BR>[Calls]<UL><LI><a href="#[111]">&gt;&gt;</a>&nbsp;&nbsp;&nbsp;_sys_exit
</UL>

<P><STRONG><a name="[2cc]"></a>rt_hw_interrupt_disable</STRONG> (Thumb, 8 bytes, Stack size 0 bytes, context_rvds.o(.text))
<BR><BR>[Called By]<UL><LI><a href="#[2c0]">&gt;&gt;</a>&nbsp;&nbsp;&nbsp;rt_exit_critical
<LI><a href="#[1dd]">&gt;&gt;</a>&nbsp;&nbsp;&nbsp;rt_schedule
<LI><a href="#[1e2]">&gt;&gt;</a>&nbsp;&nbsp;&nbsp;rt_spin_lock_irqsave
<LI><a href="#[1d2]">&gt;&gt;</a>&nbsp;&nbsp;&nbsp;rt_interrupt_get_nest
<LI><a href="#[1df]">&gt;&gt;</a>&nbsp;&nbsp;&nbsp;rt_sched_remove_thread
<LI><a href="#[1e0]">&gt;&gt;</a>&nbsp;&nbsp;&nbsp;rt_sched_insert_thread
<LI><a href="#[1d9]">&gt;&gt;</a>&nbsp;&nbsp;&nbsp;rt_sched_lock
<LI><a href="#[12e]">&gt;&gt;</a>&nbsp;&nbsp;&nbsp;rtthread_startup
</UL>

<P><STRONG><a name="[2cd]"></a>rt_hw_interrupt_enable</STRONG> (Thumb, 6 bytes, Stack size 0 bytes, context_rvds.o(.text))
<BR><BR>[Called By]<UL><LI><a href="#[2c0]">&gt;&gt;</a>&nbsp;&nbsp;&nbsp;rt_exit_critical
<LI><a href="#[1dd]">&gt;&gt;</a>&nbsp;&nbsp;&nbsp;rt_schedule
<LI><a href="#[1e3]">&gt;&gt;</a>&nbsp;&nbsp;&nbsp;rt_spin_unlock_irqrestore
<LI><a href="#[1d2]">&gt;&gt;</a>&nbsp;&nbsp;&nbsp;rt_interrupt_get_nest
<LI><a href="#[1df]">&gt;&gt;</a>&nbsp;&nbsp;&nbsp;rt_sched_remove_thread
<LI><a href="#[1e0]">&gt;&gt;</a>&nbsp;&nbsp;&nbsp;rt_sched_insert_thread
<LI><a href="#[207]">&gt;&gt;</a>&nbsp;&nbsp;&nbsp;rt_sched_unlock_n_resched
<LI><a href="#[1da]">&gt;&gt;</a>&nbsp;&nbsp;&nbsp;rt_sched_unlock
</UL>

<P><STRONG><a name="[2ee]"></a>rt_hw_context_switch</STRONG> (Thumb, 32 bytes, Stack size 0 bytes, context_rvds.o(.text))
<BR><BR>[Called By]<UL><LI><a href="#[1dd]">&gt;&gt;</a>&nbsp;&nbsp;&nbsp;rt_schedule
</UL>

<P><STRONG><a name="[2ef]"></a>rt_hw_context_switch_interrupt</STRONG> (Thumb, 0 bytes, Stack size 0 bytes, context_rvds.o(.text))
<BR><BR>[Called By]<UL><LI><a href="#[1dd]">&gt;&gt;</a>&nbsp;&nbsp;&nbsp;rt_schedule
</UL>

<P><STRONG><a name="[b]"></a>PendSV_Handler</STRONG> (Thumb, 192 bytes, Stack size 0 bytes, context_rvds.o(.text))
<BR><BR>[Stack]<UL><LI>Max Depth = 20<LI>Call Chain = PendSV_Handler &rArr; rt_trustzone_context_store &rArr; TZ_StoreContext_S
</UL>
<BR>[Calls]<UL><LI><a href="#[112]">&gt;&gt;</a>&nbsp;&nbsp;&nbsp;rt_trustzone_context_store
<LI><a href="#[113]">&gt;&gt;</a>&nbsp;&nbsp;&nbsp;rt_trustzone_context_load
</UL>
<BR>[Address Reference Count : 2]<UL><LI> startup_mcxa156.o(.text)
<LI> startup_mcxa156.o(.isr_vector)
</UL>
<P><STRONG><a name="[2fd]"></a>rt_hw_context_switch_to</STRONG> (Thumb, 76 bytes, Stack size 0 bytes, context_rvds.o(.text))
<BR><BR>[Called By]<UL><LI><a href="#[2fc]">&gt;&gt;</a>&nbsp;&nbsp;&nbsp;rt_system_scheduler_start
</UL>

<P><STRONG><a name="[376]"></a>rt_hw_interrupt_thread_switch</STRONG> (Thumb, 2 bytes, Stack size 0 bytes, context_rvds.o(.text), UNUSED)

<P><STRONG><a name="[4]"></a>HardFault_Handler</STRONG> (Thumb, 82 bytes, Stack size 0 bytes, context_rvds.o(.text))
<BR><BR>[Stack]<UL><LI>Max Depth = 1560<LI>Call Chain = HardFault_Handler &rArr; rt_hw_hard_fault_exception &rArr; list_thread &rArr; object_split &rArr; rt_kprintf &rArr; _kputs &rArr; rt_device_write &rArr; rt_object_get_type &rArr; rt_assert_handler &rArr;  rt_kprintf (Cycle)
</UL>
<BR>[Calls]<UL><LI><a href="#[114]">&gt;&gt;</a>&nbsp;&nbsp;&nbsp;rt_hw_hard_fault_exception
</UL>
<BR>[Called By]<UL><LI><a href="#[5]">&gt;&gt;</a>&nbsp;&nbsp;&nbsp;MemManage_Handler
</UL>
<BR>[Address Reference Count : 2]<UL><LI> startup_mcxa156.o(.text)
<LI> startup_mcxa156.o(.isr_vector)
</UL>
<P><STRONG><a name="[377]"></a>tzcall</STRONG> (Thumb, 4 bytes, Stack size 0 bytes, syscall_rvds.o(.text), UNUSED)

<P><STRONG><a name="[9]"></a>SVC_Handler</STRONG> (Thumb, 28 bytes, Stack size 0 bytes, syscall_rvds.o(.text))
<BR><BR>[Stack]<UL><LI>Max Depth = 1408<LI>Call Chain = SVC_Handler &rArr; tzcall_entry &rArr; rt_secure_svc_handle &rArr; rt_kprintf &rArr; _kputs &rArr; rt_device_write &rArr; rt_object_get_type &rArr; rt_assert_handler &rArr;  rt_kprintf (Cycle)
</UL>
<BR>[Calls]<UL><LI><a href="#[117]">&gt;&gt;</a>&nbsp;&nbsp;&nbsp;syscall_entry
<LI><a href="#[115]">&gt;&gt;</a>&nbsp;&nbsp;&nbsp;tzcall_entry
</UL>
<BR>[Address Reference Count : 2]<UL><LI> startup_mcxa156.o(.text)
<LI> startup_mcxa156.o(.isr_vector)
</UL>
<P><STRONG><a name="[2]"></a>Reset_Handler</STRONG> (Thumb, 52 bytes, Stack size unknown bytes, startup_mcxa156.o(.text))
<BR>[Address Reference Count : 1]<UL><LI> startup_mcxa156.o(.isr_vector)
</UL>
<P><STRONG><a name="[a6]"></a>ADC0_DriverIRQHandler</STRONG> (Thumb, 4 bytes, Stack size unknown bytes, startup_mcxa156.o(.text))
<BR><BR>[Calls]<UL><LI><a href="#[1]">&gt;&gt;</a>&nbsp;&nbsp;&nbsp;DefaultISR
</UL>
<BR>[Address Reference Count : 1]<UL><LI> startup_mcxa156.o(.text)
</UL>
<P><STRONG><a name="[a7]"></a>ADC1_DriverIRQHandler</STRONG> (Thumb, 4 bytes, Stack size unknown bytes, startup_mcxa156.o(.text))
<BR>[Address Reference Count : 1]<UL><LI> startup_mcxa156.o(.text)
</UL>
<P><STRONG><a name="[6]"></a>BusFault_Handler</STRONG> (Thumb, 4 bytes, Stack size unknown bytes, startup_mcxa156.o(.text))
<BR>[Address Reference Count : 1]<UL><LI> startup_mcxa156.o(.isr_vector)
</UL>
<P><STRONG><a name="[7b]"></a>CAN0_DriverIRQHandler</STRONG> (Thumb, 4 bytes, Stack size unknown bytes, startup_mcxa156.o(.text))
<BR>[Address Reference Count : 1]<UL><LI> startup_mcxa156.o(.text)
</UL>
<P><STRONG><a name="[8e]"></a>CDOG0_DriverIRQHandler</STRONG> (Thumb, 4 bytes, Stack size unknown bytes, startup_mcxa156.o(.text))
<BR>[Address Reference Count : 1]<UL><LI> startup_mcxa156.o(.text)
</UL>
<P><STRONG><a name="[69]"></a>CMC_DriverIRQHandler</STRONG> (Thumb, 4 bytes, Stack size unknown bytes, startup_mcxa156.o(.text))
<BR>[Address Reference Count : 1]<UL><LI> startup_mcxa156.o(.text)
</UL>
<P><STRONG><a name="[a8]"></a>CMP0_DriverIRQHandler</STRONG> (Thumb, 4 bytes, Stack size unknown bytes, startup_mcxa156.o(.text))
<BR>[Address Reference Count : 1]<UL><LI> startup_mcxa156.o(.text)
</UL>
<P><STRONG><a name="[a9]"></a>CMP1_DriverIRQHandler</STRONG> (Thumb, 4 bytes, Stack size unknown bytes, startup_mcxa156.o(.text))
<BR>[Address Reference Count : 1]<UL><LI> startup_mcxa156.o(.text)
</UL>
<P><STRONG><a name="[ab]"></a>DAC0_DriverIRQHandler</STRONG> (Thumb, 4 bytes, Stack size unknown bytes, startup_mcxa156.o(.text))
<BR>[Address Reference Count : 1]<UL><LI> startup_mcxa156.o(.text)
</UL>
<P><STRONG><a name="[a]"></a>DebugMon_Handler</STRONG> (Thumb, 4 bytes, Stack size unknown bytes, startup_mcxa156.o(.text))
<BR>[Address Reference Count : 1]<UL><LI> startup_mcxa156.o(.isr_vector)
</UL>
<P><STRONG><a name="[1]"></a>DefaultISR</STRONG> (Thumb, 4 bytes, Stack size unknown bytes, startup_mcxa156.o(.text))
<BR><BR>[Called By]<UL><LI><a href="#[a6]">&gt;&gt;</a>&nbsp;&nbsp;&nbsp;ADC0_DriverIRQHandler
</UL>
<BR>[Address Reference Count : 3]<UL><LI> fsl_ostimer.o(.data.s_ostimerIsr)
<LI> fsl_utick.o(.data.s_utickIsr)
<LI> fsl_lpuart.o(.data.s_lpuartIsr)
</UL>
<P><STRONG><a name="[73]"></a>ERM0_MULTI_BIT_DriverIRQHandler</STRONG> (Thumb, 4 bytes, Stack size unknown bytes, startup_mcxa156.o(.text))
<BR>[Address Reference Count : 1]<UL><LI> startup_mcxa156.o(.text)
</UL>
<P><STRONG><a name="[72]"></a>ERM0_SINGLE_BIT_DriverIRQHandler</STRONG> (Thumb, 4 bytes, Stack size unknown bytes, startup_mcxa156.o(.text))
<BR>[Address Reference Count : 1]<UL><LI> startup_mcxa156.o(.text)
</UL>
<P><STRONG><a name="[7f]"></a>FLEXIO_DriverIRQHandler</STRONG> (Thumb, 4 bytes, Stack size unknown bytes, startup_mcxa156.o(.text))
<BR>[Address Reference Count : 1]<UL><LI> startup_mcxa156.o(.text)
</UL>
<P><STRONG><a name="[95]"></a>FLEXPWM0_FAULT_DriverIRQHandler</STRONG> (Thumb, 4 bytes, Stack size unknown bytes, startup_mcxa156.o(.text))
<BR>[Address Reference Count : 1]<UL><LI> startup_mcxa156.o(.text)
</UL>
<P><STRONG><a name="[94]"></a>FLEXPWM0_RELOAD_ERROR_DriverIRQHandler</STRONG> (Thumb, 4 bytes, Stack size unknown bytes, startup_mcxa156.o(.text))
<BR>[Address Reference Count : 1]<UL><LI> startup_mcxa156.o(.text)
</UL>
<P><STRONG><a name="[96]"></a>FLEXPWM0_SUBMODULE0_DriverIRQHandler</STRONG> (Thumb, 4 bytes, Stack size unknown bytes, startup_mcxa156.o(.text))
<BR>[Address Reference Count : 1]<UL><LI> startup_mcxa156.o(.text)
</UL>
<P><STRONG><a name="[97]"></a>FLEXPWM0_SUBMODULE1_DriverIRQHandler</STRONG> (Thumb, 4 bytes, Stack size unknown bytes, startup_mcxa156.o(.text))
<BR>[Address Reference Count : 1]<UL><LI> startup_mcxa156.o(.text)
</UL>
<P><STRONG><a name="[98]"></a>FLEXPWM0_SUBMODULE2_DriverIRQHandler</STRONG> (Thumb, 4 bytes, Stack size unknown bytes, startup_mcxa156.o(.text))
<BR>[Address Reference Count : 1]<UL><LI> startup_mcxa156.o(.text)
</UL>
<P><STRONG><a name="[b8]"></a>FLEXPWM1_FAULT_DriverIRQHandler</STRONG> (Thumb, 4 bytes, Stack size unknown bytes, startup_mcxa156.o(.text))
<BR>[Address Reference Count : 1]<UL><LI> startup_mcxa156.o(.text)
</UL>
<P><STRONG><a name="[b7]"></a>FLEXPWM1_RELOAD_ERROR_DriverIRQHandler</STRONG> (Thumb, 4 bytes, Stack size unknown bytes, startup_mcxa156.o(.text))
<BR>[Address Reference Count : 1]<UL><LI> startup_mcxa156.o(.text)
</UL>
<P><STRONG><a name="[b9]"></a>FLEXPWM1_SUBMODULE0_DriverIRQHandler</STRONG> (Thumb, 4 bytes, Stack size unknown bytes, startup_mcxa156.o(.text))
<BR>[Address Reference Count : 1]<UL><LI> startup_mcxa156.o(.text)
</UL>
<P><STRONG><a name="[ba]"></a>FLEXPWM1_SUBMODULE1_DriverIRQHandler</STRONG> (Thumb, 4 bytes, Stack size unknown bytes, startup_mcxa156.o(.text))
<BR>[Address Reference Count : 1]<UL><LI> startup_mcxa156.o(.text)
</UL>
<P><STRONG><a name="[bb]"></a>FLEXPWM1_SUBMODULE2_DriverIRQHandler</STRONG> (Thumb, 4 bytes, Stack size unknown bytes, startup_mcxa156.o(.text))
<BR>[Address Reference Count : 1]<UL><LI> startup_mcxa156.o(.text)
</UL>
<P><STRONG><a name="[74]"></a>FMU0_DriverIRQHandler</STRONG> (Thumb, 4 bytes, Stack size unknown bytes, startup_mcxa156.o(.text))
<BR>[Address Reference Count : 1]<UL><LI> startup_mcxa156.o(.text)
</UL>
<P><STRONG><a name="[9e]"></a>FREQME0_DriverIRQHandler</STRONG> (Thumb, 4 bytes, Stack size unknown bytes, startup_mcxa156.o(.text))
<BR>[Address Reference Count : 1]<UL><LI> startup_mcxa156.o(.text)
</UL>
<P><STRONG><a name="[75]"></a>GLIKEY0_DriverIRQHandler</STRONG> (Thumb, 4 bytes, Stack size unknown bytes, startup_mcxa156.o(.text))
<BR>[Address Reference Count : 1]<UL><LI> startup_mcxa156.o(.text)
</UL>
<P><STRONG><a name="[af]"></a>GPIO0_DriverIRQHandler</STRONG> (Thumb, 4 bytes, Stack size unknown bytes, startup_mcxa156.o(.text))
<BR>[Address Reference Count : 1]<UL><LI> startup_mcxa156.o(.text)
</UL>
<P><STRONG><a name="[b0]"></a>GPIO1_DriverIRQHandler</STRONG> (Thumb, 4 bytes, Stack size unknown bytes, startup_mcxa156.o(.text))
<BR>[Address Reference Count : 1]<UL><LI> startup_mcxa156.o(.text)
</UL>
<P><STRONG><a name="[b1]"></a>GPIO2_DriverIRQHandler</STRONG> (Thumb, 4 bytes, Stack size unknown bytes, startup_mcxa156.o(.text))
<BR>[Address Reference Count : 1]<UL><LI> startup_mcxa156.o(.text)
</UL>
<P><STRONG><a name="[b2]"></a>GPIO3_DriverIRQHandler</STRONG> (Thumb, 4 bytes, Stack size unknown bytes, startup_mcxa156.o(.text))
<BR>[Address Reference Count : 1]<UL><LI> startup_mcxa156.o(.text)
</UL>
<P><STRONG><a name="[b3]"></a>GPIO4_DriverIRQHandler</STRONG> (Thumb, 4 bytes, Stack size unknown bytes, startup_mcxa156.o(.text))
<BR>[Address Reference Count : 1]<UL><LI> startup_mcxa156.o(.text)
</UL>
<P><STRONG><a name="[9f]"></a>LPTMR0_DriverIRQHandler</STRONG> (Thumb, 4 bytes, Stack size unknown bytes, startup_mcxa156.o(.text))
<BR>[Address Reference Count : 1]<UL><LI> startup_mcxa156.o(.text)
</UL>
<P><STRONG><a name="[76]"></a>MBC0_DriverIRQHandler</STRONG> (Thumb, 4 bytes, Stack size unknown bytes, startup_mcxa156.o(.text))
<BR>[Address Reference Count : 1]<UL><LI> startup_mcxa156.o(.text)
</UL>
<P><STRONG><a name="[9a]"></a>QDC0_COMPARE_DriverIRQHandler</STRONG> (Thumb, 4 bytes, Stack size unknown bytes, startup_mcxa156.o(.text))
<BR>[Address Reference Count : 1]<UL><LI> startup_mcxa156.o(.text)
</UL>
<P><STRONG><a name="[9b]"></a>QDC0_HOME_DriverIRQHandler</STRONG> (Thumb, 4 bytes, Stack size unknown bytes, startup_mcxa156.o(.text))
<BR>[Address Reference Count : 1]<UL><LI> startup_mcxa156.o(.text)
</UL>
<P><STRONG><a name="[9d]"></a>QDC0_INDEX_DriverIRQHandler</STRONG> (Thumb, 4 bytes, Stack size unknown bytes, startup_mcxa156.o(.text))
<BR>[Address Reference Count : 1]<UL><LI> startup_mcxa156.o(.text)
</UL>
<P><STRONG><a name="[9c]"></a>QDC0_WATCHDOG_DriverIRQHandler</STRONG> (Thumb, 4 bytes, Stack size unknown bytes, startup_mcxa156.o(.text))
<BR>[Address Reference Count : 1]<UL><LI> startup_mcxa156.o(.text)
</UL>
<P><STRONG><a name="[bd]"></a>QDC1_COMPARE_DriverIRQHandler</STRONG> (Thumb, 4 bytes, Stack size unknown bytes, startup_mcxa156.o(.text))
<BR>[Address Reference Count : 1]<UL><LI> startup_mcxa156.o(.text)
</UL>
<P><STRONG><a name="[be]"></a>QDC1_HOME_DriverIRQHandler</STRONG> (Thumb, 4 bytes, Stack size unknown bytes, startup_mcxa156.o(.text))
<BR>[Address Reference Count : 1]<UL><LI> startup_mcxa156.o(.text)
</UL>
<P><STRONG><a name="[c0]"></a>QDC1_INDEX_DriverIRQHandler</STRONG> (Thumb, 4 bytes, Stack size unknown bytes, startup_mcxa156.o(.text))
<BR>[Address Reference Count : 1]<UL><LI> startup_mcxa156.o(.text)
</UL>
<P><STRONG><a name="[bf]"></a>QDC1_WATCHDOG_DriverIRQHandler</STRONG> (Thumb, 4 bytes, Stack size unknown bytes, startup_mcxa156.o(.text))
<BR>[Address Reference Count : 1]<UL><LI> startup_mcxa156.o(.text)
</UL>
<P><STRONG><a name="[bc]"></a>Reserved100_DriverIRQHandler</STRONG> (Thumb, 4 bytes, Stack size unknown bytes, startup_mcxa156.o(.text))
<BR>[Address Reference Count : 1]<UL><LI> startup_mcxa156.o(.text)
</UL>
<P><STRONG><a name="[68]"></a>Reserved16_DriverIRQHandler</STRONG> (Thumb, 4 bytes, Stack size unknown bytes, startup_mcxa156.o(.text))
<BR>[Address Reference Count : 1]<UL><LI> startup_mcxa156.o(.text)
</UL>
<P><STRONG><a name="[7c]"></a>Reserved36_DriverIRQHandler</STRONG> (Thumb, 4 bytes, Stack size unknown bytes, startup_mcxa156.o(.text))
<BR>[Address Reference Count : 1]<UL><LI> startup_mcxa156.o(.text)
</UL>
<P><STRONG><a name="[7d]"></a>Reserved37_DriverIRQHandler</STRONG> (Thumb, 4 bytes, Stack size unknown bytes, startup_mcxa156.o(.text))
<BR>[Address Reference Count : 1]<UL><LI> startup_mcxa156.o(.text)
</UL>
<P><STRONG><a name="[7e]"></a>Reserved38_DriverIRQHandler</STRONG> (Thumb, 4 bytes, Stack size unknown bytes, startup_mcxa156.o(.text))
<BR>[Address Reference Count : 1]<UL><LI> startup_mcxa156.o(.text)
</UL>
<P><STRONG><a name="[81]"></a>Reserved41_DriverIRQHandler</STRONG> (Thumb, 4 bytes, Stack size unknown bytes, startup_mcxa156.o(.text))
<BR>[Address Reference Count : 1]<UL><LI> startup_mcxa156.o(.text)
</UL>
<P><STRONG><a name="[86]"></a>Reserved46_DriverIRQHandler</STRONG> (Thumb, 4 bytes, Stack size unknown bytes, startup_mcxa156.o(.text))
<BR>[Address Reference Count : 1]<UL><LI> startup_mcxa156.o(.text)
</UL>
<P><STRONG><a name="[8d]"></a>Reserved53_DriverIRQHandler</STRONG> (Thumb, 4 bytes, Stack size unknown bytes, startup_mcxa156.o(.text))
<BR>[Address Reference Count : 1]<UL><LI> startup_mcxa156.o(.text)
</UL>
<P><STRONG><a name="[99]"></a>Reserved65_DriverIRQHandler</STRONG> (Thumb, 4 bytes, Stack size unknown bytes, startup_mcxa156.o(.text))
<BR>[Address Reference Count : 1]<UL><LI> startup_mcxa156.o(.text)
</UL>
<P><STRONG><a name="[a0]"></a>Reserved72_DriverIRQHandler</STRONG> (Thumb, 4 bytes, Stack size unknown bytes, startup_mcxa156.o(.text))
<BR>[Address Reference Count : 1]<UL><LI> startup_mcxa156.o(.text)
</UL>
<P><STRONG><a name="[a5]"></a>Reserved77_DriverIRQHandler</STRONG> (Thumb, 4 bytes, Stack size unknown bytes, startup_mcxa156.o(.text))
<BR>[Address Reference Count : 1]<UL><LI> startup_mcxa156.o(.text)
</UL>
<P><STRONG><a name="[aa]"></a>Reserved82_DriverIRQHandler</STRONG> (Thumb, 4 bytes, Stack size unknown bytes, startup_mcxa156.o(.text))
<BR>[Address Reference Count : 1]<UL><LI> startup_mcxa156.o(.text)
</UL>
<P><STRONG><a name="[ac]"></a>Reserved84_DriverIRQHandler</STRONG> (Thumb, 4 bytes, Stack size unknown bytes, startup_mcxa156.o(.text))
<BR>[Address Reference Count : 1]<UL><LI> startup_mcxa156.o(.text)
</UL>
<P><STRONG><a name="[ad]"></a>Reserved85_DriverIRQHandler</STRONG> (Thumb, 4 bytes, Stack size unknown bytes, startup_mcxa156.o(.text))
<BR>[Address Reference Count : 1]<UL><LI> startup_mcxa156.o(.text)
</UL>
<P><STRONG><a name="[ae]"></a>Reserved86_DriverIRQHandler</STRONG> (Thumb, 4 bytes, Stack size unknown bytes, startup_mcxa156.o(.text))
<BR>[Address Reference Count : 1]<UL><LI> startup_mcxa156.o(.text)
</UL>
<P><STRONG><a name="[b4]"></a>Reserved92_DriverIRQHandler</STRONG> (Thumb, 4 bytes, Stack size unknown bytes, startup_mcxa156.o(.text))
<BR>[Address Reference Count : 1]<UL><LI> startup_mcxa156.o(.text)
</UL>
<P><STRONG><a name="[77]"></a>SCG0_DriverIRQHandler</STRONG> (Thumb, 4 bytes, Stack size unknown bytes, startup_mcxa156.o(.text))
<BR>[Address Reference Count : 1]<UL><LI> startup_mcxa156.o(.text)
</UL>
<P><STRONG><a name="[78]"></a>SPC0_DriverIRQHandler</STRONG> (Thumb, 4 bytes, Stack size unknown bytes, startup_mcxa156.o(.text))
<BR>[Address Reference Count : 1]<UL><LI> startup_mcxa156.o(.text)
</UL>
<P><STRONG><a name="[8]"></a>SecureFault_Handler</STRONG> (Thumb, 4 bytes, Stack size unknown bytes, startup_mcxa156.o(.text))
<BR>[Address Reference Count : 1]<UL><LI> startup_mcxa156.o(.isr_vector)
</UL>
<P><STRONG><a name="[8c]"></a>USB0_DriverIRQHandler</STRONG> (Thumb, 4 bytes, Stack size unknown bytes, startup_mcxa156.o(.text))
<BR>[Address Reference Count : 1]<UL><LI> startup_mcxa156.o(.text)
</UL>
<P><STRONG><a name="[7]"></a>UsageFault_Handler</STRONG> (Thumb, 4 bytes, Stack size unknown bytes, startup_mcxa156.o(.text))
<BR>[Address Reference Count : 1]<UL><LI> startup_mcxa156.o(.isr_vector)
</UL>
<P><STRONG><a name="[79]"></a>VBAT0_DriverIRQHandler</STRONG> (Thumb, 4 bytes, Stack size unknown bytes, startup_mcxa156.o(.text))
<BR>[Address Reference Count : 1]<UL><LI> startup_mcxa156.o(.text)
</UL>
<P><STRONG><a name="[7a]"></a>WUU0_DriverIRQHandler</STRONG> (Thumb, 4 bytes, Stack size unknown bytes, startup_mcxa156.o(.text))
<BR>[Address Reference Count : 1]<UL><LI> startup_mcxa156.o(.text)
</UL>
<P><STRONG><a name="[a4]"></a>WWDT0_DriverIRQHandler</STRONG> (Thumb, 4 bytes, Stack size unknown bytes, startup_mcxa156.o(.text))
<BR>[Address Reference Count : 1]<UL><LI> startup_mcxa156.o(.text)
</UL>
<P><STRONG><a name="[3]"></a>NMI_Handler</STRONG> (Thumb, 4 bytes, Stack size unknown bytes, startup_mcxa156.o(.text))
<BR>[Address Reference Count : 2]<UL><LI> startup_mcxa156.o(.text)
<LI> startup_mcxa156.o(.isr_vector)
</UL>
<P><STRONG><a name="[d]"></a>Reserved16_IRQHandler</STRONG> (Thumb, 4 bytes, Stack size unknown bytes, startup_mcxa156.o(.text))
<BR>[Address Reference Count : 1]<UL><LI> startup_mcxa156.o(.isr_vector)
</UL>
<P><STRONG><a name="[e]"></a>CMC_IRQHandler</STRONG> (Thumb, 4 bytes, Stack size unknown bytes, startup_mcxa156.o(.text))
<BR>[Address Reference Count : 1]<UL><LI> startup_mcxa156.o(.isr_vector)
</UL>
<P><STRONG><a name="[f]"></a>DMA_CH0_IRQHandler</STRONG> (Thumb, 4 bytes, Stack size unknown bytes, startup_mcxa156.o(.text))
<BR>[Address Reference Count : 1]<UL><LI> startup_mcxa156.o(.isr_vector)
</UL>
<P><STRONG><a name="[10]"></a>DMA_CH1_IRQHandler</STRONG> (Thumb, 4 bytes, Stack size unknown bytes, startup_mcxa156.o(.text))
<BR>[Address Reference Count : 1]<UL><LI> startup_mcxa156.o(.isr_vector)
</UL>
<P><STRONG><a name="[11]"></a>DMA_CH2_IRQHandler</STRONG> (Thumb, 4 bytes, Stack size unknown bytes, startup_mcxa156.o(.text))
<BR>[Address Reference Count : 1]<UL><LI> startup_mcxa156.o(.isr_vector)
</UL>
<P><STRONG><a name="[12]"></a>DMA_CH3_IRQHandler</STRONG> (Thumb, 4 bytes, Stack size unknown bytes, startup_mcxa156.o(.text))
<BR>[Address Reference Count : 1]<UL><LI> startup_mcxa156.o(.isr_vector)
</UL>
<P><STRONG><a name="[13]"></a>DMA_CH4_IRQHandler</STRONG> (Thumb, 4 bytes, Stack size unknown bytes, startup_mcxa156.o(.text))
<BR>[Address Reference Count : 1]<UL><LI> startup_mcxa156.o(.isr_vector)
</UL>
<P><STRONG><a name="[14]"></a>DMA_CH5_IRQHandler</STRONG> (Thumb, 4 bytes, Stack size unknown bytes, startup_mcxa156.o(.text))
<BR>[Address Reference Count : 1]<UL><LI> startup_mcxa156.o(.isr_vector)
</UL>
<P><STRONG><a name="[15]"></a>DMA_CH6_IRQHandler</STRONG> (Thumb, 4 bytes, Stack size unknown bytes, startup_mcxa156.o(.text))
<BR>[Address Reference Count : 1]<UL><LI> startup_mcxa156.o(.isr_vector)
</UL>
<P><STRONG><a name="[16]"></a>DMA_CH7_IRQHandler</STRONG> (Thumb, 4 bytes, Stack size unknown bytes, startup_mcxa156.o(.text))
<BR>[Address Reference Count : 1]<UL><LI> startup_mcxa156.o(.isr_vector)
</UL>
<P><STRONG><a name="[17]"></a>ERM0_SINGLE_BIT_IRQHandler</STRONG> (Thumb, 4 bytes, Stack size unknown bytes, startup_mcxa156.o(.text))
<BR>[Address Reference Count : 1]<UL><LI> startup_mcxa156.o(.isr_vector)
</UL>
<P><STRONG><a name="[18]"></a>ERM0_MULTI_BIT_IRQHandler</STRONG> (Thumb, 4 bytes, Stack size unknown bytes, startup_mcxa156.o(.text))
<BR>[Address Reference Count : 1]<UL><LI> startup_mcxa156.o(.isr_vector)
</UL>
<P><STRONG><a name="[19]"></a>FMU0_IRQHandler</STRONG> (Thumb, 4 bytes, Stack size unknown bytes, startup_mcxa156.o(.text))
<BR>[Address Reference Count : 1]<UL><LI> startup_mcxa156.o(.isr_vector)
</UL>
<P><STRONG><a name="[1a]"></a>GLIKEY0_IRQHandler</STRONG> (Thumb, 4 bytes, Stack size unknown bytes, startup_mcxa156.o(.text))
<BR>[Address Reference Count : 1]<UL><LI> startup_mcxa156.o(.isr_vector)
</UL>
<P><STRONG><a name="[1b]"></a>MBC0_IRQHandler</STRONG> (Thumb, 4 bytes, Stack size unknown bytes, startup_mcxa156.o(.text))
<BR>[Address Reference Count : 1]<UL><LI> startup_mcxa156.o(.isr_vector)
</UL>
<P><STRONG><a name="[1c]"></a>SCG0_IRQHandler</STRONG> (Thumb, 4 bytes, Stack size unknown bytes, startup_mcxa156.o(.text))
<BR>[Address Reference Count : 1]<UL><LI> startup_mcxa156.o(.isr_vector)
</UL>
<P><STRONG><a name="[1d]"></a>SPC0_IRQHandler</STRONG> (Thumb, 4 bytes, Stack size unknown bytes, startup_mcxa156.o(.text))
<BR>[Address Reference Count : 1]<UL><LI> startup_mcxa156.o(.isr_vector)
</UL>
<P><STRONG><a name="[1e]"></a>VBAT0_IRQHandler</STRONG> (Thumb, 4 bytes, Stack size unknown bytes, startup_mcxa156.o(.text))
<BR>[Address Reference Count : 1]<UL><LI> startup_mcxa156.o(.isr_vector)
</UL>
<P><STRONG><a name="[1f]"></a>WUU0_IRQHandler</STRONG> (Thumb, 4 bytes, Stack size unknown bytes, startup_mcxa156.o(.text))
<BR>[Address Reference Count : 1]<UL><LI> startup_mcxa156.o(.isr_vector)
</UL>
<P><STRONG><a name="[20]"></a>CAN0_IRQHandler</STRONG> (Thumb, 4 bytes, Stack size unknown bytes, startup_mcxa156.o(.text))
<BR>[Address Reference Count : 1]<UL><LI> startup_mcxa156.o(.isr_vector)
</UL>
<P><STRONG><a name="[21]"></a>Reserved36_IRQHandler</STRONG> (Thumb, 4 bytes, Stack size unknown bytes, startup_mcxa156.o(.text))
<BR>[Address Reference Count : 1]<UL><LI> startup_mcxa156.o(.isr_vector)
</UL>
<P><STRONG><a name="[22]"></a>Reserved37_IRQHandler</STRONG> (Thumb, 4 bytes, Stack size unknown bytes, startup_mcxa156.o(.text))
<BR>[Address Reference Count : 1]<UL><LI> startup_mcxa156.o(.isr_vector)
</UL>
<P><STRONG><a name="[23]"></a>Reserved38_IRQHandler</STRONG> (Thumb, 4 bytes, Stack size unknown bytes, startup_mcxa156.o(.text))
<BR>[Address Reference Count : 1]<UL><LI> startup_mcxa156.o(.isr_vector)
</UL>
<P><STRONG><a name="[24]"></a>FLEXIO_IRQHandler</STRONG> (Thumb, 4 bytes, Stack size unknown bytes, startup_mcxa156.o(.text))
<BR>[Address Reference Count : 1]<UL><LI> startup_mcxa156.o(.isr_vector)
</UL>
<P><STRONG><a name="[25]"></a>I3C0_IRQHandler</STRONG> (Thumb, 4 bytes, Stack size unknown bytes, startup_mcxa156.o(.text))
<BR>[Address Reference Count : 1]<UL><LI> startup_mcxa156.o(.isr_vector)
</UL>
<P><STRONG><a name="[26]"></a>Reserved41_IRQHandler</STRONG> (Thumb, 4 bytes, Stack size unknown bytes, startup_mcxa156.o(.text))
<BR>[Address Reference Count : 1]<UL><LI> startup_mcxa156.o(.isr_vector)
</UL>
<P><STRONG><a name="[27]"></a>LPI2C0_IRQHandler</STRONG> (Thumb, 4 bytes, Stack size unknown bytes, startup_mcxa156.o(.text))
<BR>[Address Reference Count : 1]<UL><LI> startup_mcxa156.o(.isr_vector)
</UL>
<P><STRONG><a name="[28]"></a>LPI2C1_IRQHandler</STRONG> (Thumb, 4 bytes, Stack size unknown bytes, startup_mcxa156.o(.text))
<BR>[Address Reference Count : 1]<UL><LI> startup_mcxa156.o(.isr_vector)
</UL>
<P><STRONG><a name="[29]"></a>LPSPI0_IRQHandler</STRONG> (Thumb, 4 bytes, Stack size unknown bytes, startup_mcxa156.o(.text))
<BR>[Address Reference Count : 1]<UL><LI> startup_mcxa156.o(.isr_vector)
</UL>
<P><STRONG><a name="[2a]"></a>LPSPI1_IRQHandler</STRONG> (Thumb, 4 bytes, Stack size unknown bytes, startup_mcxa156.o(.text))
<BR>[Address Reference Count : 1]<UL><LI> startup_mcxa156.o(.isr_vector)
</UL>
[...]
</UL>
<BR>[Called By]<UL><LI><a href="#[143]">&gt;&gt;</a>&nbsp;&nbsp;&nbsp;CLOCK_GetFreq
<LI><a href="#[142]">&gt;&gt;</a>&nbsp;&nbsp;&nbsp;CLOCK_GetMainClk
</UL>

<P><STRONG><a name="[145]"></a>CLOCK_GetFroHfFreq</STRONG> (Thumb, 186 bytes, Stack size 8 bytes, fsl_clock.o(.text.CLOCK_GetFroHfFreq))
<BR><BR>[Stack]<UL><LI>Max Depth = 8<LI>Call Chain = CLOCK_GetFroHfFreq
</UL>
<BR>[Called By]<UL><LI><a href="#[143]">&gt;&gt;</a>&nbsp;&nbsp;&nbsp;CLOCK_GetFreq
<LI><a href="#[142]">&gt;&gt;</a>&nbsp;&nbsp;&nbsp;CLOCK_GetMainClk
</UL>

<P><STRONG><a name="[146]"></a>CLOCK_GetClk48MFreq</STRONG> (Thumb, 70 bytes, Stack size 4 bytes, fsl_clock.o(.text.CLOCK_GetClk48MFreq))
<BR><BR>[Stack]<UL><LI>Max Depth = 4<LI>Call Chain = CLOCK_GetClk48MFreq
</UL>
<BR>[Called By]<UL><LI><a href="#[143]">&gt;&gt;</a>&nbsp;&nbsp;&nbsp;CLOCK_GetFreq
</UL>

<P><STRONG><a name="[147]"></a>CLOCK_GetFro12MFreq</STRONG> (Thumb, 28 bytes, Stack size 0 bytes, fsl_clock.o(.text.CLOCK_GetFro12MFreq))
<BR><BR>[Called By]<UL><LI><a href="#[143]">&gt;&gt;</a>&nbsp;&nbsp;&nbsp;CLOCK_GetFreq
<LI><a href="#[142]">&gt;&gt;</a>&nbsp;&nbsp;&nbsp;CLOCK_GetMainClk
</UL>

<P><STRONG><a name="[148]"></a>CLOCK_GetClk1MFreq</STRONG> (Thumb, 10 bytes, Stack size 0 bytes, fsl_clock.o(.text.CLOCK_GetClk1MFreq))
<BR><BR>[Called By]<UL><LI><a href="#[143]">&gt;&gt;</a>&nbsp;&nbsp;&nbsp;CLOCK_GetFreq
</UL>

<P><STRONG><a name="[149]"></a>CLOCK_GetFRO16KFreq</STRONG> (Thumb, 24 bytes, Stack size 0 bytes, fsl_clock.o(.text.CLOCK_GetFRO16KFreq))
<BR><BR>[Called By]<UL><LI><a href="#[143]">&gt;&gt;</a>&nbsp;&nbsp;&nbsp;CLOCK_GetFreq
</UL>

<P><STRONG><a name="[14a]"></a>CLOCK_GetClk16KFreq</STRONG> (Thumb, 70 bytes, Stack size 8 bytes, fsl_clock.o(.text.CLOCK_GetClk16KFreq))
<BR><BR>[Stack]<UL><LI>Max Depth = 8<LI>Call Chain = CLOCK_GetClk16KFreq
</UL>
<BR>[Called By]<UL><LI><a href="#[143]">&gt;&gt;</a>&nbsp;&nbsp;&nbsp;CLOCK_GetFreq
<LI><a href="#[142]">&gt;&gt;</a>&nbsp;&nbsp;&nbsp;CLOCK_GetMainClk
</UL>

<P><STRONG><a name="[141]"></a>CLOCK_EnableClock</STRONG> (Thumb, 184 bytes, Stack size 16 bytes, fsl_clock.o(.text.CLOCK_EnableClock))
<BR><BR>[Stack]<UL><LI>Max Depth = 16<LI>Call Chain = CLOCK_EnableClock
</UL>
<BR>[Called By]<UL><LI><a href="#[140]">&gt;&gt;</a>&nbsp;&nbsp;&nbsp;CLOCK_EnableUsbfsClock
</UL>

<P><STRONG><a name="[14d]"></a>CTIMER_ClearStatusFlags</STRONG> (Thumb, 16 bytes, Stack size 8 bytes, fsl_ctimer.o(.text.CTIMER_ClearStatusFlags))
<BR><BR>[Stack]<UL><LI>Max Depth = 8<LI>Call Chain = CTIMER_ClearStatusFlags
</UL>
<BR>[Called By]<UL><LI><a href="#[14b]">&gt;&gt;</a>&nbsp;&nbsp;&nbsp;CTIMER_GenericIRQHandler
</UL>

<P><STRONG><a name="[14b]"></a>CTIMER_GenericIRQHandler</STRONG> (Thumb, 202 bytes, Stack size 32 bytes, fsl_ctimer.o(.text.CTIMER_GenericIRQHandler))
<BR><BR>[Stack]<UL><LI>Max Depth = 40<LI>Call Chain = CTIMER_GenericIRQHandler &rArr; CTIMER_ClearStatusFlags
</UL>
<BR>[Calls]<UL><LI><a href="#[14c]">&gt;&gt;</a>&nbsp;&nbsp;&nbsp;CTIMER_GetStatusFlags
<LI><a href="#[14d]">&gt;&gt;</a>&nbsp;&nbsp;&nbsp;CTIMER_ClearStatusFlags
</UL>
<BR>[Called By]<UL><LI><a href="#[93]">&gt;&gt;</a>&nbsp;&nbsp;&nbsp;CTIMER4_DriverIRQHandler
<LI><a href="#[92]">&gt;&gt;</a>&nbsp;&nbsp;&nbsp;CTIMER3_DriverIRQHandler
<LI><a href="#[91]">&gt;&gt;</a>&nbsp;&nbsp;&nbsp;CTIMER2_DriverIRQHandler
<LI><a href="#[90]">&gt;&gt;</a>&nbsp;&nbsp;&nbsp;CTIMER1_DriverIRQHandler
<LI><a href="#[8f]">&gt;&gt;</a>&nbsp;&nbsp;&nbsp;CTIMER0_DriverIRQHandler
</UL>

<P><STRONG><a name="[14c]"></a>CTIMER_GetStatusFlags</STRONG> (Thumb, 12 bytes, Stack size 4 bytes, fsl_ctimer.o(.text.CTIMER_GetStatusFlags))
<BR><BR>[Stack]<UL><LI>Max Depth = 4<LI>Call Chain = CTIMER_GetStatusFlags
</UL>
<BR>[Called By]<UL><LI><a href="#[14b]">&gt;&gt;</a>&nbsp;&nbsp;&nbsp;CTIMER_GenericIRQHandler
</UL>

<P><STRONG><a name="[15c]"></a>GPIO_PinWrite</STRONG> (Thumb, 46 bytes, Stack size 12 bytes, fsl_gpio.o(.text.GPIO_PinWrite))
<BR><BR>[Stack]<UL><LI>Max Depth = 12<LI>Call Chain = GPIO_PinWrite
</UL>
<BR>[Called By]<UL><LI><a href="#[15b]">&gt;&gt;</a>&nbsp;&nbsp;&nbsp;GPIO_PinInit
</UL>

<P><STRONG><a name="[15e]"></a>I3C_CommonIRQHandler</STRONG> (Thumb, 124 bytes, Stack size 16 bytes, fsl_i3c.o(.text.I3C_CommonIRQHandler))
<BR><BR>[Stack]<UL><LI>Max Depth = 16<LI>Call Chain = I3C_CommonIRQHandler
</UL>
<BR>[Called By]<UL><LI><a href="#[80]">&gt;&gt;</a>&nbsp;&nbsp;&nbsp;I3C0_DriverIRQHandler
</UL>

<P><STRONG><a name="[16d]"></a>LPADC_GetInstance</STRONG> (Thumb, 90 bytes, Stack size 8 bytes, fsl_lpadc.o(.text.LPADC_GetInstance))
<BR><BR>[Stack]<UL><LI>Max Depth = 1632 + Unknown Stack Size
<LI>Call Chain = LPADC_GetInstance &rArr; __aeabi_assert &rArr; abort &rArr; __rt_SIGABRT &rArr; __sig_exit &rArr; _sys_exit &rArr; __rt_libc_exit &rArr; rt_thread_control &rArr; rt_thread_delete &rArr; _thread_detach &rArr; _thread_detach_from_mutex &rArr; rt_mutex_drop_thread &rArr; rt_kprintf &rArr; _kputs &rArr; rt_device_write &rArr; rt_object_get_type &rArr; rt_assert_handler &rArr;  rt_kprintf (Cycle)
</UL>
<BR>[Calls]<UL><LI><a href="#[120]">&gt;&gt;</a>&nbsp;&nbsp;&nbsp;__aeabi_assert
</UL>
<BR>[Called By]<UL><LI><a href="#[16e]">&gt;&gt;</a>&nbsp;&nbsp;&nbsp;LPADC_Init
</UL>

<P><STRONG><a name="[16f]"></a>CLOCK_EnableClock</STRONG> (Thumb, 184 bytes, Stack size 16 bytes, fsl_lpadc.o(.text.CLOCK_EnableClock))
<BR><BR>[Stack]<UL><LI>Max Depth = 16<LI>Call Chain = CLOCK_EnableClock
</UL>
<BR>[Called By]<UL><LI><a href="#[16e]">&gt;&gt;</a>&nbsp;&nbsp;&nbsp;LPADC_Init
</UL>

<P><STRONG><a name="[170]"></a>RESET_ReleasePeripheralReset</STRONG> (Thumb, 20 bytes, Stack size 16 bytes, fsl_lpadc.o(.text.RESET_ReleasePeripheralReset))
<BR><BR>[Stack]<UL><LI>Max Depth = 1664 + Unknown Stack Size
<LI>Call Chain = RESET_ReleasePeripheralReset &rArr; RESET_SetPeripheralReset &rArr; __aeabi_assert &rArr; abort &rArr; __rt_SIGABRT &rArr; __sig_exit &rArr; _sys_exit &rArr; __rt_libc_exit &rArr; rt_thread_control &rArr; rt_thread_delete &rArr; _thread_detach &rArr; _thread_detach_from_mutex &rArr; rt_mutex_drop_thread &rArr; rt_kprintf &rArr; _kputs &rArr; rt_device_write &rArr; rt_object_get_type &rArr; rt_assert_handler &rArr;  rt_kprintf (Cycle)
</UL>
<BR>[Calls]<UL><LI><a href="#[189]">&gt;&gt;</a>&nbsp;&nbsp;&nbsp;RESET_SetPeripheralReset
</UL>
<BR>[Called By]<UL><LI><a href="#[16e]">&gt;&gt;</a>&nbsp;&nbsp;&nbsp;LPADC_Init
</UL>

<P><STRONG><a name="[171]"></a>LPADC_DoResetConfig</STRONG> (Thumb, 28 bytes, Stack size 4 bytes, fsl_lpadc.o(.text.LPADC_DoResetConfig))
<BR><BR>[Stack]<UL><LI>Max Depth = 4<LI>Call Chain = LPADC_DoResetConfig
</UL>
<BR>[Called By]<UL><LI><a href="#[16e]">&gt;&gt;</a>&nbsp;&nbsp;&nbsp;LPADC_Init
</UL>

<P><STRONG><a name="[172]"></a>LPADC_DoResetFIFO</STRONG> (Thumb, 18 bytes, Stack size 4 bytes, fsl_lpadc.o(.text.LPADC_DoResetFIFO))
<BR><BR>[Stack]<UL><LI>Max Depth = 4<LI>Call Chain = LPADC_DoResetFIFO
</UL>
<BR>[Called By]<UL><LI><a href="#[16e]">&gt;&gt;</a>&nbsp;&nbsp;&nbsp;LPADC_Init
</UL>

<P><STRONG><a name="[173]"></a>LPADC_Enable</STRONG> (Thumb, 46 bytes, Stack size 8 bytes, fsl_lpadc.o(.text.LPADC_Enable))
<BR><BR>[Stack]<UL><LI>Max Depth = 8<LI>Call Chain = LPADC_Enable
</UL>
<BR>[Called By]<UL><LI><a href="#[16e]">&gt;&gt;</a>&nbsp;&nbsp;&nbsp;LPADC_Init
</UL>

<P><STRONG><a name="[163]"></a>LPADC_EnableOffsetCalibration</STRONG> (Thumb, 46 bytes, Stack size 8 bytes, fsl_lpadc.o(.text.LPADC_EnableOffsetCalibration))
<BR><BR>[Stack]<UL><LI>Max Depth = 8<LI>Call Chain = LPADC_EnableOffsetCalibration
</UL>
<BR>[Called By]<UL><LI><a href="#[162]">&gt;&gt;</a>&nbsp;&nbsp;&nbsp;LPADC_DoOffsetCalibration
</UL>

<P><STRONG><a name="[174]"></a>LPADC_GetConvResultCount</STRONG> (Thumb, 18 bytes, Stack size 4 bytes, fsl_lpadc.o(.text.LPADC_GetConvResultCount))
<BR><BR>[Stack]<UL><LI>Max Depth = 4<LI>Call Chain = LPADC_GetConvResultCount
</UL>
<BR>[Called By]<UL><LI><a href="#[160]">&gt;&gt;</a>&nbsp;&nbsp;&nbsp;LPADC_PrepareAutoCalibration
</UL>

<P><STRONG><a name="[168]"></a>LPADC_GetGainConvResult</STRONG> (Thumb, 276 bytes, Stack size 120 bytes, fsl_lpadc.o(.text.LPADC_GetGainConvResult))
<BR><BR>[Stack]<UL><LI>Max Depth = 152 + Unknown Stack Size
<LI>Call Chain = LPADC_GetGainConvResult &rArr; __aeabi_d2f
</UL>
<BR>[Calls]<UL><LI><a href="#[167]">&gt;&gt;</a>&nbsp;&nbsp;&nbsp;__aeabi_d2f
<LI><a href="#[16b]">&gt;&gt;</a>&nbsp;&nbsp;&nbsp;__aeabi_memclr4
</UL>
<BR>[Called By]<UL><LI><a href="#[161]">&gt;&gt;</a>&nbsp;&nbsp;&nbsp;LPADC_FinishAutoCalibration
</UL>

<P><STRONG><a name="[177]"></a>LPI2C_CommonIRQHandler</STRONG> (Thumb, 122 bytes, Stack size 16 bytes, fsl_lpi2c.o(.text.LPI2C_CommonIRQHandler))
<BR><BR>[Stack]<UL><LI>Max Depth = 16<LI>Call Chain = LPI2C_CommonIRQHandler
</UL>
<BR>[Called By]<UL><LI><a href="#[b6]">&gt;&gt;</a>&nbsp;&nbsp;&nbsp;LPI2C3_DriverIRQHandler
<LI><a href="#[b5]">&gt;&gt;</a>&nbsp;&nbsp;&nbsp;LPI2C2_DriverIRQHandler
<LI><a href="#[83]">&gt;&gt;</a>&nbsp;&nbsp;&nbsp;LPI2C1_DriverIRQHandler
<LI><a href="#[82]">&gt;&gt;</a>&nbsp;&nbsp;&nbsp;LPI2C0_DriverIRQHandler
</UL>

<P><STRONG><a name="[179]"></a>LPSPI_IsMaster</STRONG> (Thumb, 16 bytes, Stack size 4 bytes, fsl_lpspi.o(.text.LPSPI_IsMaster))
<BR><BR>[Stack]<UL><LI>Max Depth = 4<LI>Call Chain = LPSPI_IsMaster
</UL>
<BR>[Called By]<UL><LI><a href="#[178]">&gt;&gt;</a>&nbsp;&nbsp;&nbsp;LPSPI_CommonIRQHandler
</UL>

<P><STRONG><a name="[178]"></a>LPSPI_CommonIRQHandler</STRONG> (Thumb, 58 bytes, Stack size 16 bytes, fsl_lpspi.o(.text.LPSPI_CommonIRQHandler))
<BR><BR>[Stack]<UL><LI>Max Depth = 20<LI>Call Chain = LPSPI_CommonIRQHandler &rArr; LPSPI_IsMaster
</UL>
<BR>[Calls]<UL><LI><a href="#[179]">&gt;&gt;</a>&nbsp;&nbsp;&nbsp;LPSPI_IsMaster
</UL>
<BR>[Called By]<UL><LI><a href="#[85]">&gt;&gt;</a>&nbsp;&nbsp;&nbsp;LPSPI1_DriverIRQHandler
<LI><a href="#[84]">&gt;&gt;</a>&nbsp;&nbsp;&nbsp;LPSPI0_DriverIRQHandler
</UL>

<P><STRONG><a name="[182]"></a>CLOCK_EnableClock</STRONG> (Thumb, 184 bytes, Stack size 16 bytes, fsl_lpuart.o(.text.CLOCK_EnableClock))
<BR><BR>[Stack]<UL><LI>Max Depth = 16<LI>Call Chain = CLOCK_EnableClock
</UL>
<BR>[Called By]<UL><LI><a href="#[181]">&gt;&gt;</a>&nbsp;&nbsp;&nbsp;LPUART_Init
</UL>

<P><STRONG><a name="[183]"></a>RESET_ReleasePeripheralReset</STRONG> (Thumb, 20 bytes, Stack size 16 bytes, fsl_lpuart.o(.text.RESET_ReleasePeripheralReset))
<BR><BR>[Stack]<UL><LI>Max Depth = 1664 + Unknown Stack Size
<LI>Call Chain = RESET_ReleasePeripheralReset &rArr; RESET_SetPeripheralReset &rArr; __aeabi_assert &rArr; abort &rArr; __rt_SIGABRT &rArr; __sig_exit &rArr; _sys_exit &rArr; __rt_libc_exit &rArr; rt_thread_control &rArr; rt_thread_delete &rArr; _thread_detach &rArr; _thread_detach_from_mutex &rArr; rt_mutex_drop_thread &rArr; rt_kprintf &rArr; _kputs &rArr; rt_device_write &rArr; rt_object_get_type &rArr; rt_assert_handler &rArr;  rt_kprintf (Cycle)
</UL>
<BR>[Calls]<UL><LI><a href="#[189]">&gt;&gt;</a>&nbsp;&nbsp;&nbsp;RESET_SetPeripheralReset
</UL>
<BR>[Called By]<UL><LI><a href="#[181]">&gt;&gt;</a>&nbsp;&nbsp;&nbsp;LPUART_Init
</UL>

<P><STRONG><a name="[184]"></a>LPUART_SoftwareReset</STRONG> (Thumb, 28 bytes, Stack size 4 bytes, fsl_lpuart.o(.text.LPUART_SoftwareReset))
<BR><BR>[Stack]<UL><LI>Max Depth = 4<LI>Call Chain = LPUART_SoftwareReset
</UL>
<BR>[Called By]<UL><LI><a href="#[181]">&gt;&gt;</a>&nbsp;&nbsp;&nbsp;LPUART_Init
</UL>

<P><STRONG><a name="[17c]"></a>DisableGlobalIRQ</STRONG> (Thumb, 20 bytes, Stack size 8 bytes, fsl_lpuart.o(.text.DisableGlobalIRQ))
<BR><BR>[Stack]<UL><LI>Max Depth = 8<LI>Call Chain = DisableGlobalIRQ
</UL>
<BR>[Called By]<UL><LI><a href="#[17e]">&gt;&gt;</a>&nbsp;&nbsp;&nbsp;LPUART_EnableInterrupts
<LI><a href="#[17b]">&gt;&gt;</a>&nbsp;&nbsp;&nbsp;LPUART_DisableInterrupts
</UL>

<P><STRONG><a name="[17d]"></a>EnableGlobalIRQ</STRONG> (Thumb, 18 bytes, Stack size 8 bytes, fsl_lpuart.o(.text.EnableGlobalIRQ))
<BR><BR>[Stack]<UL><LI>Max Depth = 8<LI>Call Chain = EnableGlobalIRQ
</UL>
<BR>[Called By]<UL><LI><a href="#[17e]">&gt;&gt;</a>&nbsp;&nbsp;&nbsp;LPUART_EnableInterrupts
<LI><a href="#[17b]">&gt;&gt;</a>&nbsp;&nbsp;&nbsp;LPUART_DisableInterrupts
</UL>

<P><STRONG><a name="[18b]"></a>SPC_GetActiveModeVoltageDetectStatus</STRONG> (Thumb, 22 bytes, Stack size 8 bytes, fsl_spc.o(.text.SPC_GetActiveModeVoltageDetectStatus))
<BR><BR>[Stack]<UL><LI>Max Depth = 8<LI>Call Chain = SPC_GetActiveModeVoltageDetectStatus
</UL>
<BR>[Called By]<UL><LI><a href="#[18a]">&gt;&gt;</a>&nbsp;&nbsp;&nbsp;SPC_SetActiveModeBandgapModeConfig
<LI><a href="#[131]">&gt;&gt;</a>&nbsp;&nbsp;&nbsp;SPC_SetActiveModeCoreLDORegulatorConfig
<LI><a href="#[18e]">&gt;&gt;</a>&nbsp;&nbsp;&nbsp;SPC_SetActiveModeCoreLDORegulatorDriveStrength
</UL>

<P><STRONG><a name="[18c]"></a>SPC_GetActiveModeBandgapMode</STRONG> (Thumb, 18 bytes, Stack size 4 bytes, fsl_spc.o(.text.SPC_GetActiveModeBandgapMode))
<BR><BR>[Stack]<UL><LI>Max Depth = 4<LI>Call Chain = SPC_GetActiveModeBandgapMode
</UL>
<BR>[Called By]<UL><LI><a href="#[131]">&gt;&gt;</a>&nbsp;&nbsp;&nbsp;SPC_SetActiveModeCoreLDORegulatorConfig
<LI><a href="#[18e]">&gt;&gt;</a>&nbsp;&nbsp;&nbsp;SPC_SetActiveModeCoreLDORegulatorDriveStrength
</UL>

<P><STRONG><a name="[18d]"></a>SPC_GetActiveModeCoreLDOVDDVoltageLevel</STRONG> (Thumb, 18 bytes, Stack size 4 bytes, fsl_spc.o(.text.SPC_GetActiveModeCoreLDOVDDVoltageLevel))
<BR><BR>[Stack]<UL><LI>Max Depth = 4<LI>Call Chain = SPC_GetActiveModeCoreLDOVDDVoltageLevel
</UL>
<BR>[Called By]<UL><LI><a href="#[131]">&gt;&gt;</a>&nbsp;&nbsp;&nbsp;SPC_SetActiveModeCoreLDORegulatorConfig
<LI><a href="#[18f]">&gt;&gt;</a>&nbsp;&nbsp;&nbsp;SPC_SetActiveModeCoreLDORegulatorVoltageLevel
</UL>

<P><STRONG><a name="[190]"></a>SPC_GetActiveModeCoreLDODriveStrength</STRONG> (Thumb, 18 bytes, Stack size 4 bytes, fsl_spc.o(.text.SPC_GetActiveModeCoreLDODriveStrength))
<BR><BR>[Stack]<UL><LI>Max Depth = 4<LI>Call Chain = SPC_GetActiveModeCoreLDODriveStrength
</UL>
<BR>[Called By]<UL><LI><a href="#[18f]">&gt;&gt;</a>&nbsp;&nbsp;&nbsp;SPC_SetActiveModeCoreLDORegulatorVoltageLevel
</UL>

<P><STRONG><a name="[1a0]"></a>WAKETIMER_GenericIRQHandler</STRONG> (Thumb, 32 bytes, Stack size 16 bytes, fsl_waketimer.o(.text.WAKETIMER_GenericIRQHandler))
<BR><BR>[Stack]<UL><LI>Max Depth = 24<LI>Call Chain = WAKETIMER_GenericIRQHandler &rArr; WAKETIMER_ClearStatusFlags
</UL>
<BR>[Calls]<UL><LI><a href="#[1a1]">&gt;&gt;</a>&nbsp;&nbsp;&nbsp;WAKETIMER_ClearStatusFlags
</UL>
<BR>[Called By]<UL><LI><a href="#[a2]">&gt;&gt;</a>&nbsp;&nbsp;&nbsp;WAKETIMER0_DriverIRQHandler
</UL>

<P><STRONG><a name="[267]"></a>get_log_buf</STRONG> (Thumb, 50 bytes, Stack size 16 bytes, ulog.o(.text.get_log_buf))
<BR><BR>[Stack]<UL><LI>Max Depth = 40 + In Cycle
<LI>Call Chain = get_log_buf &rArr;  rt_kprintf (Cycle)
</UL>
<BR>[Calls]<UL><LI><a href="#[1d2]">&gt;&gt;</a>&nbsp;&nbsp;&nbsp;rt_interrupt_get_nest
<LI><a href="#[185]">&gt;&gt;</a>&nbsp;&nbsp;&nbsp;rt_kprintf
</UL>
<BR>[Called By]<UL><LI><a href="#[31d]">&gt;&gt;</a>&nbsp;&nbsp;&nbsp;ulog_voutput
</UL>

<P><STRONG><a name="[29d]"></a>output_lock</STRONG> (Thumb, 50 bytes, Stack size 8 bytes, ulog.o(.text.output_lock))
<BR><BR>[Stack]<UL><LI>Max Depth = 320<LI>Call Chain = output_lock &rArr; rt_mutex_take &rArr; _rt_mutex_take &rArr;  rt_object_get_type (Cycle)
</UL>
<BR>[Calls]<UL><LI><a href="#[1b1]">&gt;&gt;</a>&nbsp;&nbsp;&nbsp;rt_mutex_take
<LI><a href="#[29e]">&gt;&gt;</a>&nbsp;&nbsp;&nbsp;rt_scheduler_is_available
</UL>
<BR>[Called By]<UL><LI><a href="#[31d]">&gt;&gt;</a>&nbsp;&nbsp;&nbsp;ulog_voutput
</UL>

<P><STRONG><a name="[29f]"></a>output_unlock</STRONG> (Thumb, 46 bytes, Stack size 8 bytes, ulog.o(.text.output_unlock))
<BR><BR>[Stack]<UL><LI>Max Depth = 248<LI>Call Chain = output_unlock &rArr; rt_mutex_release &rArr;  rt_object_get_type (Cycle)
</UL>
<BR>[Calls]<UL><LI><a href="#[1b6]">&gt;&gt;</a>&nbsp;&nbsp;&nbsp;rt_mutex_release
<LI><a href="#[29e]">&gt;&gt;</a>&nbsp;&nbsp;&nbsp;rt_scheduler_is_available
</UL>
<BR>[Called By]<UL><LI><a href="#[31d]">&gt;&gt;</a>&nbsp;&nbsp;&nbsp;ulog_voutput
</UL>

<P><STRONG><a name="[238]"></a>do_output</STRONG> (Thumb, 82 bytes, Stack size 32 bytes, ulog.o(.text.do_output))
<BR><BR>[Stack]<UL><LI>Max Depth = 104<LI>Call Chain = do_output &rArr; ulog_output_to_all_backend &rArr; rt_kputs &rArr;  _kputs (Cycle)
</UL>
<BR>[Calls]<UL><LI><a href="#[1d2]">&gt;&gt;</a>&nbsp;&nbsp;&nbsp;rt_interrupt_get_nest
<LI><a href="#[dd]">&gt;&gt;</a>&nbsp;&nbsp;&nbsp;ulog_console_backend_output
<LI><a href="#[239]">&gt;&gt;</a>&nbsp;&nbsp;&nbsp;ulog_output_to_all_backend
</UL>
<BR>[Called By]<UL><LI><a href="#[31d]">&gt;&gt;</a>&nbsp;&nbsp;&nbsp;ulog_voutput
</UL>

<P><STRONG><a name="[29e]"></a>rt_scheduler_is_available</STRONG> (Thumb, 42 bytes, Stack size 16 bytes, ulog.o(.text.rt_scheduler_is_available))
<BR><BR>[Stack]<UL><LI>Max Depth = 56<LI>Call Chain = rt_scheduler_is_available &rArr; rt_in_thread_context &rArr; rt_interrupt_get_nest &rArr; rt_hw_atomic_load
</UL>
<BR>[Calls]<UL><LI><a href="#[1d1]">&gt;&gt;</a>&nbsp;&nbsp;&nbsp;rt_critical_level
<LI><a href="#[2d5]">&gt;&gt;</a>&nbsp;&nbsp;&nbsp;rt_in_thread_context
</UL>
<BR>[Called By]<UL><LI><a href="#[29f]">&gt;&gt;</a>&nbsp;&nbsp;&nbsp;output_unlock
<LI><a href="#[29d]">&gt;&gt;</a>&nbsp;&nbsp;&nbsp;output_lock
</UL>

<P><STRONG><a name="[239]"></a>ulog_output_to_all_backend</STRONG> (Thumb, 146 bytes, Stack size 48 bytes, ulog.o(.text.ulog_output_to_all_backend))
<BR><BR>[Stack]<UL><LI>Max Depth = 72<LI>Call Chain = ulog_output_to_all_backend &rArr; rt_kputs &rArr;  _kputs (Cycle)
</UL>
<BR>[Calls]<UL><LI><a href="#[2d8]">&gt;&gt;</a>&nbsp;&nbsp;&nbsp;rt_kputs
<LI><a href="#[31f]">&gt;&gt;</a>&nbsp;&nbsp;&nbsp;rt_slist_next
<LI><a href="#[31e]">&gt;&gt;</a>&nbsp;&nbsp;&nbsp;rt_slist_first
</UL>
<BR>[Called By]<UL><LI><a href="#[238]">&gt;&gt;</a>&nbsp;&nbsp;&nbsp;do_output
</UL>

<P><STRONG><a name="[316]"></a>rt_slist_append</STRONG> (Thumb, 44 bytes, Stack size 12 bytes, ulog.o(.text.rt_slist_append))
<BR><BR>[Stack]<UL><LI>Max Depth = 12<LI>Call Chain = rt_slist_append
</UL>
<BR>[Called By]<UL><LI><a href="#[315]">&gt;&gt;</a>&nbsp;&nbsp;&nbsp;ulog_backend_register
</UL>

<P><STRONG><a name="[31e]"></a>rt_slist_first</STRONG> (Thumb, 12 bytes, Stack size 4 bytes, ulog.o(.text.rt_slist_first))
<BR><BR>[Stack]<UL><LI>Max Depth = 4<LI>Call Chain = rt_slist_first
</UL>
<BR>[Called By]<UL><LI><a href="#[239]">&gt;&gt;</a>&nbsp;&nbsp;&nbsp;ulog_output_to_all_backend
</UL>

<P><STRONG><a name="[31f]"></a>rt_slist_next</STRONG> (Thumb, 12 bytes, Stack size 4 bytes, ulog.o(.text.rt_slist_next))
<BR><BR>[Stack]<UL><LI>Max Depth = 4<LI>Call Chain = rt_slist_next
</UL>
<BR>[Called By]<UL><LI><a href="#[239]">&gt;&gt;</a>&nbsp;&nbsp;&nbsp;ulog_output_to_all_backend
</UL>

<P><STRONG><a name="[31c]"></a>rt_slist_init</STRONG> (Thumb, 14 bytes, Stack size 4 bytes, ulog.o(.text.rt_slist_init))
<BR><BR>[Stack]<UL><LI>Max Depth = 4<LI>Call Chain = rt_slist_init
</UL>
<BR>[Called By]<UL><LI><a href="#[ee]">&gt;&gt;</a>&nbsp;&nbsp;&nbsp;ulog_init
</UL>

<P><STRONG><a name="[2d5]"></a>rt_in_thread_context</STRONG> (Thumb, 42 bytes, Stack size 16 bytes, ulog.o(.text.rt_in_thread_context))
<BR><BR>[Stack]<UL><LI>Max Depth = 40<LI>Call Chain = rt_in_thread_context &rArr; rt_interrupt_get_nest &rArr; rt_hw_atomic_load
</UL>
<BR>[Calls]<UL><LI><a href="#[1d2]">&gt;&gt;</a>&nbsp;&nbsp;&nbsp;rt_interrupt_get_nest
<LI><a href="#[1a3]">&gt;&gt;</a>&nbsp;&nbsp;&nbsp;rt_thread_self
</UL>
<BR>[Called By]<UL><LI><a href="#[29e]">&gt;&gt;</a>&nbsp;&nbsp;&nbsp;rt_scheduler_is_available
</UL>

<P><STRONG><a name="[347]"></a>_dadd1</STRONG> (Thumb, 0 bytes, Stack size unknown bytes, daddsub_clz.o(x$fpl$dadd), UNUSED)
<BR><BR>[Called By]<UL><LI><a href="#[346]">&gt;&gt;</a>&nbsp;&nbsp;&nbsp;_dsub
</UL>

<P><STRONG><a name="[33d]"></a>_dsub1</STRONG> (Thumb, 0 bytes, Stack size unknown bytes, daddsub_clz.o(x$fpl$dsub), UNUSED)
<BR><BR>[Called By]<UL><LI><a href="#[33c]">&gt;&gt;</a>&nbsp;&nbsp;&nbsp;_dadd
</UL>
<P>
<H3>
Undefined Global Symbols
</H3><HR></body></html>
